Archive member included because of file (symbol)

build/z1/contiki-ng-z1.a(uart0-putchar.o)
                              broker.o (putchar)
build/z1/contiki-ng-z1.a(platform.o)
                              build/z1/obj/contiki-main.o (platform_init_stage_one)
build/z1/contiki-ng-z1.a(msp430.o)
                              build/z1/contiki-ng-z1.a(platform.o) (msp430_dco_required)
build/z1/contiki-ng-z1.a(clock.o)
                              build/z1/obj/contiki-main.o (clock_init)
build/z1/contiki-ng-z1.a(watchdog.o)
                              build/z1/obj/contiki-main.o (watchdog_start)
build/z1/contiki-ng-z1.a(autostart.o)
                              build/z1/obj/contiki-main.o (autostart_start)
build/z1/contiki-ng-z1.a(ctimer.o)
                              build/z1/obj/contiki-main.o (ctimer_init)
build/z1/contiki-ng-z1.a(energest.o)
                              build/z1/obj/contiki-main.o (energest_init)
build/z1/contiki-ng-z1.a(etimer.o)
                              build/z1/contiki-ng-z1.a(clock.o) (etimer_request_poll)
build/z1/contiki-ng-z1.a(log.o)
                              broker.o (log_6addr)
build/z1/contiki-ng-z1.a(rtimer.o)
                              build/z1/obj/contiki-main.o (rtimer_init)
build/z1/contiki-ng-z1.a(node-id.o)
                              build/z1/obj/contiki-main.o (node_id_init)
build/z1/contiki-ng-z1.a(process.o)
                              build/z1/contiki-ng-z1.a(ctimer.o) (process_current)
build/z1/contiki-ng-z1.a(timer.o)
                              build/z1/contiki-ng-z1.a(platform.o) (timer_set)
build/z1/contiki-ng-z1.a(stack-check.o)
                              build/z1/obj/contiki-main.o (stack_check_init)
build/z1/contiki-ng-z1.a(list.o)
                              build/z1/contiki-ng-z1.a(ctimer.o) (list_init)
build/z1/contiki-ng-z1.a(random.o)
                              build/z1/contiki-ng-z1.a(platform.o) (random_init)
build/z1/contiki-ng-z1.a(queuebuf.o)
                              build/z1/obj/contiki-main.o (queuebuf_init)
build/z1/contiki-ng-z1.a(packetbuf.o)
                              build/z1/contiki-ng-z1.a(queuebuf.o) (packetbuf_copyto)
build/z1/contiki-ng-z1.a(netstack.o)
                              build/z1/obj/contiki-main.o (netstack_init)
build/z1/contiki-ng-z1.a(linkaddr.o)
                              build/z1/contiki-ng-z1.a(platform.o) (linkaddr_copy)
build/z1/contiki-ng-z1.a(csma.o)
                              build/z1/obj/contiki-main.o (csma_driver)
build/z1/contiki-ng-z1.a(csma-output.o)
                              build/z1/contiki-ng-z1.a(csma.o) (csma_output_packet)
build/z1/contiki-ng-z1.a(uip-ds6.o)
                              build/z1/obj/contiki-main.o (uip_ds6_get_link_local)
build/z1/contiki-ng-z1.a(uiplib.o)
                              build/z1/contiki-ng-z1.a(log.o) (uiplib_ipaddr_snprint)
build/z1/contiki-ng-z1.a(uip-ds6-route.o)
                              build/z1/contiki-ng-z1.a(uip-ds6.o) (uip_ds6_route_init)
build/z1/contiki-ng-z1.a(tcpip.o)
                              build/z1/obj/contiki-main.o (tcpip_process)
build/z1/contiki-ng-z1.a(uip6.o)
                              build/z1/contiki-ng-z1.a(tcpip.o) (uip_aligned_buf)
build/z1/contiki-ng-z1.a(uip-ds6-nbr.o)
                              build/z1/contiki-ng-z1.a(uip-ds6.o) (uip_ds6_neighbors_init)
build/z1/contiki-ng-z1.a(uip-nd6.o)
                              build/z1/contiki-ng-z1.a(uip6.o) (uip_nd6_init)
build/z1/contiki-ng-z1.a(simple-udp.o)
                              build/z1/obj/../SBVK.o (simple_udp_sendto)
build/z1/contiki-ng-z1.a(sicslowpan.o)
                              build/z1/obj/contiki-main.o (sicslowpan_driver)
build/z1/contiki-ng-z1.a(rpl.o)
                              broker.o (rpl_lite_driver)
build/z1/contiki-ng-z1.a(rpl-icmp6.o)
                              build/z1/contiki-ng-z1.a(rpl.o) (rpl_icmp6_init)
build/z1/contiki-ng-z1.a(rpl-dag-root.o)
                              build/z1/contiki-ng-z1.a(rpl.o) (rpl_dag_root_set_prefix)
build/z1/contiki-ng-z1.a(contiki-z1-plat)
                              build/z1/contiki-ng-z1.a(platform.o) (init_platform)
build/z1/contiki-ng-z1.a(leds.o)
                              build/z1/contiki-ng-z1.a(platform.o) (leds_init)
build/z1/contiki-ng-z1.a(xmem.o)
                              build/z1/contiki-ng-z1.a(platform.o) (xmem_init)
build/z1/contiki-ng-z1.a(spi-legacy.o)
                              build/z1/contiki-ng-z1.a(xmem.o) (spi_init)
build/z1/contiki-ng-z1.a(cc2420.o)
                              build/z1/contiki-ng-z1.a(platform.o) (cc2420_set_pan_addr)
build/z1/contiki-ng-z1.a(cc2420-arch.o)
                              build/z1/contiki-ng-z1.a(cc2420.o) (cc2420_arch_init)
build/z1/contiki-ng-z1.a(node-id-z1.o)
                              build/z1/contiki-ng-z1.a(platform.o) (node_id_z1_restore)
build/z1/contiki-ng-z1.a(sensors.o)
                              build/z1/contiki-ng-z1.a(contiki-z1-plat) (sensors_process)
[...]
Memory Configuration

Name             Origin             Length             Attributes
sfr              0x00000000         0x00000010
peripheral_8bit  0x00000010         0x000000f0
peripheral_16bit 0x00000100         0x00000100
ram_mirror       0x00000200         0x00000800         xw
infomem          0x00001000         0x00000100
infod            0x00001000         0x00000040
infoc            0x00001040         0x00000040
infob            0x00001080         0x00000040
infoa            0x000010c0         0x00000040
ram              0x00001100         0x00002000         xw
rom              0x00003100         0x0000cebe         xr
vectors          0x0000ffc0         0x00000040
far_rom          0x00010000         0x0000a000
bsl              0x00000000         0x00000000
ram2             0x00000000         0x00000000         xw
usbram           0x00000000         0x00000000         xw
*default*        0x00000000         0xffffffff

Linker script and memory map

LOAD /usr/local/bin/../lib/gcc/msp430/4.7.2/mcpu-430x/mmpy-16/msr20/mc20/crt0ivtbl32.o
                0x00000041                __P1SEL2 = 0x41
                0x00000045                __P5SEL2 = 0x45
                0x00002a0a                _stack = _end
LOAD broker.o
LOAD build/z1/obj/../SBVK.o
LOAD build/z1/obj/contiki-main.o
LOAD build/z1/contiki-ng-z1.a
LOAD /usr/local/bin/../lib/gcc/msp430/4.7.2/mcpu-430x/mmpy-16/msr20/mc20/libgcc.a
LOAD /usr/local/bin/../lib/gcc/msp430/4.7.2/../../../../msp430/lib/mcpu-430x/mmpy-16/msr20/mc20/libc.a
LOAD /usr/local/bin/../lib/gcc/msp430/4.7.2/mcpu-430x/mmpy-16/msr20/mc20/libgcc.a
LOAD /usr/local/bin/../lib/gcc/msp430/4.7.2/mcpu-430x/mmpy-16/msr20/mc20/libcrt0.a
                0x00000040                PROVIDE (__info_segment_size, 0x40)
                0x00001000                PROVIDE (__infod, 0x1000)
                0x00001040                PROVIDE (__infoc, 0x1040)
                0x00001080                PROVIDE (__infob, 0x1080)
                0x000010c0                PROVIDE (__infoa, 0x10c0)
                0x00000000                __IE1 = 0x0
                0x00000002                __IFG1 = 0x2
                0x00000001                __IE2 = 0x1
                0x00000003                __IFG2 = 0x3
                0x00000006                __UC1IE = 0x6
                0x00000007                __UC1IFG = 0x7
                0x000001a0                __ADC12CTL0 = 0x1a0
                0x000001a2                __ADC12CTL1 = 0x1a2
                0x000001a4                __ADC12IFG = 0x1a4
                0x000001a6                __ADC12IE = 0x1a6
                0x000001a8                __ADC12IV = 0x1a8
                0x00000140                __ADC12MEM0 = 0x140
                0x00000142                __ADC12MEM1 = 0x142
                0x00000144                __ADC12MEM2 = 0x144
                0x00000146                __ADC12MEM3 = 0x146
                0x00000148                __ADC12MEM4 = 0x148
                0x0000014a                __ADC12MEM5 = 0x14a
                0x0000014c                __ADC12MEM6 = 0x14c
                0x0000014e                __ADC12MEM7 = 0x14e
                0x00000150                __ADC12MEM8 = 0x150
                0x00000152                __ADC12MEM9 = 0x152
                0x00000154                __ADC12MEM10 = 0x154
                0x00000156                __ADC12MEM11 = 0x156
                0x00000158                __ADC12MEM12 = 0x158
                0x0000015a                __ADC12MEM13 = 0x15a
                0x0000015c                __ADC12MEM14 = 0x15c
                0x0000015e                __ADC12MEM15 = 0x15e
                0x00000080                __ADC12MCTL0 = 0x80
                0x00000081                __ADC12MCTL1 = 0x81
                0x00000082                __ADC12MCTL2 = 0x82
                0x00000083                __ADC12MCTL3 = 0x83
                0x00000084                __ADC12MCTL4 = 0x84
                0x00000085                __ADC12MCTL5 = 0x85
                0x00000086                __ADC12MCTL6 = 0x86
                0x00000087                __ADC12MCTL7 = 0x87
                0x00000088                __ADC12MCTL8 = 0x88
                0x00000089                __ADC12MCTL9 = 0x89
                0x0000008a                __ADC12MCTL10 = 0x8a
                0x0000008b                __ADC12MCTL11 = 0x8b
                0x0000008c                __ADC12MCTL12 = 0x8c
                0x0000008d                __ADC12MCTL13 = 0x8d
                0x0000008e                __ADC12MCTL14 = 0x8e
                0x0000008f                __ADC12MCTL15 = 0x8f
                0x00000056                __DCOCTL = 0x56
                0x00000057                __BCSCTL1 = 0x57
                0x00000058                __BCSCTL2 = 0x58
                0x00000053                __BCSCTL3 = 0x53
                0x00000059                __CACTL1 = 0x59
                0x0000005a                __CACTL2 = 0x5a
                0x0000005b                __CAPD = 0x5b
                0x000001c0                __DAC12_0CTL = 0x1c0
                0x000001c2                __DAC12_1CTL = 0x1c2
                0x000001c8                __DAC12_0DAT = 0x1c8
                0x000001ca                __DAC12_1DAT = 0x1ca
                0x00000122                __DMACTL0 = 0x122
                0x00000124                __DMACTL1 = 0x124
                0x00000126                __DMAIV = 0x126
                0x000001d0                __DMA0CTL = 0x1d0
                0x000001dc                __DMA1CTL = 0x1dc
                0x000001e8                __DMA2CTL = 0x1e8
                0x000001d2                __DMA0SA = 0x1d2
                0x000001d2                __DMA0SAL = 0x1d2
                0x000001d6                __DMA0DA = 0x1d6
                0x000001d6                __DMA0DAL = 0x1d6
                0x000001da                __DMA0SZ = 0x1da
                0x000001de                __DMA1SA = 0x1de
                0x000001de                __DMA1SAL = 0x1de
                0x000001e2                __DMA1DA = 0x1e2
                0x000001e2                __DMA1DAL = 0x1e2
                0x000001e6                __DMA1SZ = 0x1e6
                0x000001ea                __DMA2SA = 0x1ea
                0x000001ea                __DMA2SAL = 0x1ea
                0x000001ee                __DMA2DA = 0x1ee
                0x000001ee                __DMA2DAL = 0x1ee
                0x000001f2                __DMA2SZ = 0x1f2
                0x00000128                __FCTL1 = 0x128
                0x0000012a                __FCTL2 = 0x12a
                0x0000012c                __FCTL3 = 0x12c
                0x000001be                __FCTL4 = 0x1be
                0x00000130                __MPY = 0x130
                0x00000132                __MPYS = 0x132
                0x00000134                __MAC = 0x134
                0x00000136                __MACS = 0x136
                0x00000138                __OP2 = 0x138
                0x0000013a                __RESLO = 0x13a
                0x0000013c                __RESHI = 0x13c
                0x0000013e                __SUMEXT = 0x13e
                0x00000020                __P1IN = 0x20
                0x00000021                __P1OUT = 0x21
                0x00000022                __P1DIR = 0x22
                0x00000023                __P1IFG = 0x23
                0x00000024                __P1IES = 0x24
                0x00000025                __P1IE = 0x25
                0x00000026                __P1SEL = 0x26
                0x00000027                __P1REN = 0x27
                0x00000028                __P2IN = 0x28
                0x00000029                __P2OUT = 0x29
                0x0000002a                __P2DIR = 0x2a
                0x0000002b                __P2IFG = 0x2b
                0x0000002c                __P2IES = 0x2c
                0x0000002d                __P2IE = 0x2d
                0x0000002e                __P2SEL = 0x2e
                0x0000002f                __P2REN = 0x2f
                0x00000018                __P3IN = 0x18
                0x00000019                __P3OUT = 0x19
                0x0000001a                __P3DIR = 0x1a
                0x0000001b                __P3SEL = 0x1b
                0x00000010                __P3REN = 0x10
                0x0000001c                __P4IN = 0x1c
                0x0000001d                __P4OUT = 0x1d
                0x0000001e                __P4DIR = 0x1e
                0x0000001f                __P4SEL = 0x1f
                0x00000011                __P4REN = 0x11
                0x00000030                __P5IN = 0x30
                0x00000031                __P5OUT = 0x31
                0x00000032                __P5DIR = 0x32
                0x00000033                __P5SEL = 0x33
                0x00000012                __P5REN = 0x12
                0x00000034                __P6IN = 0x34
                0x00000035                __P6OUT = 0x35
                0x00000036                __P6DIR = 0x36
                0x00000037                __P6SEL = 0x37
                0x00000013                __P6REN = 0x13
                0x00000038                __P7IN = 0x38
                0x0000003a                __P7OUT = 0x3a
                0x0000003c                __P7DIR = 0x3c
                0x0000003e                __P7SEL = 0x3e
                0x00000014                __P7REN = 0x14
                0x00000039                __P8IN = 0x39
                0x0000003b                __P8OUT = 0x3b
                0x0000003d                __P8DIR = 0x3d
                0x0000003f                __P8SEL = 0x3f
                0x00000015                __P8REN = 0x15
                0x00000038                __PAIN = 0x38
                0x0000003a                __PAOUT = 0x3a
                0x0000003c                __PADIR = 0x3c
                0x0000003e                __PASEL = 0x3e
                0x00000014                __PAREN = 0x14
                0x00000055                __SVSCTL = 0x55
                0x0000012e                __TAIV = 0x12e
                0x00000160                __TACTL = 0x160
                0x00000162                __TACCTL0 = 0x162
                0x00000164                __TACCTL1 = 0x164
                0x00000166                __TACCTL2 = 0x166
                0x00000170                __TAR = 0x170
                0x00000172                __TACCR0 = 0x172
                0x00000174                __TACCR1 = 0x174
                0x00000176                __TACCR2 = 0x176
                0x0000011e                __TBIV = 0x11e
                0x00000180                __TBCTL = 0x180
                0x00000182                __TBCCTL0 = 0x182
                0x00000184                __TBCCTL1 = 0x184
                0x00000186                __TBCCTL2 = 0x186
                0x00000188                __TBCCTL3 = 0x188
                0x0000018a                __TBCCTL4 = 0x18a
                0x0000018c                __TBCCTL5 = 0x18c
                0x0000018e                __TBCCTL6 = 0x18e
                0x00000190                __TBR = 0x190
                0x00000192                __TBCCR0 = 0x192
                0x00000194                __TBCCR1 = 0x194
                0x00000196                __TBCCR2 = 0x196
                0x00000198                __TBCCR3 = 0x198
                0x0000019a                __TBCCR4 = 0x19a
                0x0000019c                __TBCCR5 = 0x19c
                0x0000019e                __TBCCR6 = 0x19e
                0x00000060                __UCA0CTL0 = 0x60
                0x00000061                __UCA0CTL1 = 0x61
                0x00000062                __UCA0BR0 = 0x62
                0x00000063                __UCA0BR1 = 0x63
                0x00000064                __UCA0MCTL = 0x64
                0x00000065                __UCA0STAT = 0x65
                0x00000066                __UCA0RXBUF = 0x66
                0x00000067                __UCA0TXBUF = 0x67
                0x0000005d                __UCA0ABCTL = 0x5d
                0x0000005e                __UCA0IRTCTL = 0x5e
                0x0000005f                __UCA0IRRCTL = 0x5f
                0x00000068                __UCB0CTL0 = 0x68
                0x00000069                __UCB0CTL1 = 0x69
                0x0000006a                __UCB0BR0 = 0x6a
                0x0000006b                __UCB0BR1 = 0x6b
                0x0000006c                __UCB0I2CIE = 0x6c
                0x0000006d                __UCB0STAT = 0x6d
                0x0000006e                __UCB0RXBUF = 0x6e
                0x0000006f                __UCB0TXBUF = 0x6f
                0x00000118                __UCB0I2COA = 0x118
                0x0000011a                __UCB0I2CSA = 0x11a
                0x000000d0                __UCA1CTL0 = 0xd0
                0x000000d1                __UCA1CTL1 = 0xd1
                0x000000d2                __UCA1BR0 = 0xd2
                0x000000d3                __UCA1BR1 = 0xd3
                0x000000d4                __UCA1MCTL = 0xd4
                0x000000d5                __UCA1STAT = 0xd5
                0x000000d6                __UCA1RXBUF = 0xd6
                0x000000d7                __UCA1TXBUF = 0xd7
                0x000000cd                __UCA1ABCTL = 0xcd
                0x000000ce                __UCA1IRTCTL = 0xce
                0x000000cf                __UCA1IRRCTL = 0xcf
                0x000000d8                __UCB1CTL0 = 0xd8
                0x000000d9                __UCB1CTL1 = 0xd9
                0x000000da                __UCB1BR0 = 0xda
                0x000000db                __UCB1BR1 = 0xdb
                0x000000dc                __UCB1I2CIE = 0xdc
                0x000000dd                __UCB1STAT = 0xdd
                0x000000de                __UCB1RXBUF = 0xde
                0x000000df                __UCB1TXBUF = 0xdf
                0x0000017c                __UCB1I2COA = 0x17c
                0x0000017e                __UCB1I2CSA = 0x17e
                0x00000120                __WDTCTL = 0x120
                0x000010c0                __TLV_CHECKSUM = 0x10c0
                0x000010f6                __TLV_DCO_30_TAG = 0x10f6
                0x000010f7                __TLV_DCO_30_LEN = 0x10f7
                0x000010da                __TLV_ADC12_1_TAG = 0x10da
                0x000010db                __TLV_ADC12_1_LEN = 0x10db
                0x000010f8                __CALDCO_16MHZ = 0x10f8
                0x000010f9                __CALBC1_16MHZ = 0x10f9
                0x000010fa                __CALDCO_12MHZ = 0x10fa
                0x000010fb                __CALBC1_12MHZ = 0x10fb
                0x000010fc                __CALDCO_8MHZ = 0x10fc
                0x000010fd                __CALBC1_8MHZ = 0x10fd
                0x000010fe                __CALDCO_1MHZ = 0x10fe
                0x000010ff                __CALBC1_1MHZ = 0x10ff

.hash
 *(.hash)

.dynsym
 *(.dynsym)

.dynstr
 *(.dynstr)

.gnu.version
 *(.gnu.version)

.gnu.version_d
 *(.gnu.version_d)

.gnu.version_r
 *(.gnu.version_r)

.rel.init
 *(.rel.init)

.rela.init
 *(.rela.init)

.rel.fini
 *(.rel.fini)

.rela.fini
 *(.rela.fini)

.rel.text
 *(.rel.text .rel.text.* .rel.gnu.linkonce.t.*)

.rela.text
 *(.rela.text .rela.text.* .rela.gnu.linkonce.t.*)

.rel.rodata
 *(.rel.rodata .rel.rodata.* .rel.gnu.linkonce.r.*)

.rela.rodata
 *(.rela.rodata .rela.rodata.* .rela.gnu.linkonce.r.*)

.rel.data
 *(.rel.data .rel.data.* .rel.gnu.linkonce.d.*)

.rela.data
 *(.rela.data .rela.data.* .rela.gnu.linkonce.d.*)

.rel.bss
 *(.rel.bss .rel.bss.* .rel.gnu.linkonce.b.*)

.rela.bss
 *(.rela.bss .rela.bss.* .rela.gnu.linkonce.b.*)

.rel.ctors
 *(.rel.ctors)

.rela.ctors
 *(.rela.ctors)

.rel.dtors
 *(.rel.dtors)

.rela.dtors
 *(.rela.dtors)

.rel.got
 *(.rel.got)

.rela.got
 *(.rela.got)

.rel.plt
 *(.rel.plt)

.rela.plt
 *(.rela.plt)

.text           0x00003100     0xb1bc
                0x00003100                . = ALIGN (0x2)
 *(.init .init.*)
 *(.init0)
 .init0         0x00003100        0x0 /usr/local/bin/../lib/gcc/msp430/4.7.2/mcpu-430x/mmpy-16/msr20/mc20/libcrt0.a(_reset_vector__.o)
                0x00003100                _reset_vector__
 *(.init1)
 .init1         0x00003100        0xc /usr/local/bin/../lib/gcc/msp430/4.7.2/mcpu-430x/mmpy-16/msr20/mc20/libcrt0.a(__watchdog_support.o)
                0x00003100                __watchdog_support
 *(.init2)
 .init2         0x0000310c        0x4 /usr/local/bin/../lib/gcc/msp430/4.7.2/mcpu-430x/mmpy-16/msr20/mc20/libcrt0.a(__init_stack.o)
                0x0000310c                __init_stack
 *(.init3)
 .init3         0x00003110        0x0 /usr/local/bin/../lib/gcc/msp430/4.7.2/mcpu-430x/mmpy-16/msr20/mc20/libcrt0.a(__low_level_init.o)
                0x00003110                __low_level_init
 *(.init4)
 .init4         0x00003110       0x18 /usr/local/bin/../lib/gcc/msp430/4.7.2/mcpu-430x/mmpy-16/msr20/mc20/libcrt0.a(_copy_data.o)
                0x00003110                __do_copy_data
 .init4         0x00003128       0x16 /usr/local/bin/../lib/gcc/msp430/4.7.2/mcpu-430x/mmpy-16/msr20/mc20/libcrt0.a(_clear_bss.o)
                0x00003128                __do_clear_bss
 *(.init5)
 *(.init6)
 *(.init7)
 *(.init8)
 *(.init9)
 .init9         0x0000313e      0x232 build/z1/obj/contiki-main.o
                0x0000313e                main
 *(.fini9)
 .fini9         0x00003370        0x0 /usr/local/bin/../lib/gcc/msp430/4.7.2/mcpu-430x/mmpy-16/msr20/mc20/libcrt0.a(__stop_progExec__.o)
                0x00003370                __stop_progExec__
 *(.fini8)
 *(.fini7)
 *(.fini6)
 *(.fini5)
 *(.fini4)
 *(.fini3)
 *(.fini2)
 *(.fini1)
 *(.fini0)
 .fini0         0x00003370        0x6 /usr/local/bin/../lib/gcc/msp430/4.7.2/mcpu-430x/mmpy-16/msr20/mc20/libcrt0.a(_endless_loop__.o)
                0x00003370                _endless_loop__
 *(.fini .fini.*)
                0x00003376                . = ALIGN (0x2)
                0x00003376                __ctors_start = .
 *(.ctors)
                0x00003376                __ctors_end = .
                0x00003376                __dtors_start = .
 *(.dtors)
                0x00003376                __dtors_end = .
                0x00003376                . = ALIGN (0x2)
 *(.text .text.* .gnu.linkonce.t.*)
 .text          0x00003376        0x4 /usr/local/bin/../lib/gcc/msp430/4.7.2/mcpu-430x/mmpy-16/msr20/mc20/crt0ivtbl32.o
                0x00003376                __isr_14
                0x00003376                __isr_4
                0x00003376                __isr_29
                0x00003376                __isr_11
                0x00003376                __isr_5
                0x00003376                __isr_2
                0x00003376                __isr_10
                0x00003376                __isr_7
                0x00003376                __isr_0
                0x00003376                __isr_28
                0x00003376                __isr_8
                0x00003376                __isr_20
                0x00003376                __isr_3
                0x00003376                __isr_12
                0x00003376                __isr_13
                0x00003376                __isr_27
                0x00003376                __isr_9
                0x00003376                __isr_30
                0x00003376                __isr_6
                0x00003376                __isr_22
                0x00003376                __isr_1
                0x00003376                __isr_15
                0x00003376                __isr_21
 .text.libgcc   0x0000337a       0x26 /usr/local/bin/../lib/gcc/msp430/4.7.2/mcpu-430x/mmpy-16/msr20/mc20/libgcc.a(_mulsi3.o)
                0x0000337a                __mulsi3
 .text.libgcc   0x000033a0       0x22 /usr/local/bin/../lib/gcc/msp430/4.7.2/mcpu-430x/mmpy-16/msr20/mc20/libgcc.a(_udivmod16.o)
                0x000033a0                __udivhi3
                0x000033a0                __ext_udivmod16
                0x000033ba                __umodhi3
 .text.libgcc   0x000033c2       0x3a /usr/local/bin/../lib/gcc/msp430/4.7.2/mcpu-430x/mmpy-16/msr20/mc20/libgcc.a(_divmod16.o)
                0x000033c2                __ext_divmod16
                0x000033c2                __divhi3
                0x000033f4                __modhi3
 .text.libgcc   0x000033fc       0x38 /usr/local/bin/../lib/gcc/msp430/4.7.2/mcpu-430x/mmpy-16/msr20/mc20/libgcc.a(_udivmod32.o)
                0x000033fc                __udivsi3
                0x000033fc                __ext_udivmod32
                0x0000342a                __umodsi3
 .text.libgcc   0x00003434       0x4c /usr/local/bin/../lib/gcc/msp430/4.7.2/mcpu-430x/mmpy-16/msr20/mc20/libgcc.a(_divmod32.o)
                0x00003434                __ext_divmod32
                0x00003434                __divsi3
                0x00003476                __modsi3
 .text.libgcc   0x00003480       0xbc /usr/local/bin/../lib/gcc/msp430/4.7.2/mcpu-430x/mmpy-16/msr20/mc20/libgcc.a(_udivmod64.o)
                0x00003480                __xabi_udivmod64
                0x000034d2                __udivdi3
                0x000034ec                __umoddi3
                0x0000350e                __udivmoddi4
 .text.crt0     0x0000353c        0x2 /usr/local/bin/../lib/gcc/msp430/4.7.2/mcpu-430x/mmpy-16/msr20/mc20/libcrt0.a(_unexpected_.o)
                0x0000353c                _unexpected_
 *(.near.text .near.text.*)
 .near.text.timera1
                0x0000353e       0xd0 build/z1/contiki-ng-z1.a(clock.o)
                0x0000353e                __isr_24
                0x0000353e                timera1
 .near.text.watchdog_interrupt
                0x0000360e        0x6 build/z1/contiki-ng-z1.a(watchdog.o)
                0x0000360e                __isr_26
                0x0000360e                watchdog_interrupt
 .near.text.uart0_rx_interrupt
                0x00003614       0x2a build/z1/contiki-ng-z1.a(uart0.o)
                0x00003614                __isr_23
                0x00003614                uart0_rx_interrupt
 .near.text.port1_isr
                0x0000363e       0x84 build/z1/contiki-ng-z1.a(adxl345.o)
                0x0000363e                port1_isr
                0x0000363e                __isr_18
 .near.text.timera0
                0x000036c2       0x22 build/z1/contiki-ng-z1.a(rtimer-arch.o)
                0x000036c2                __isr_25
                0x000036c2                timera0
 .near.text.i2c_tx_interrupt
                0x000036e4       0x84 build/z1/contiki-ng-z1.a(i2cmaster.o)
                0x000036e4                __isr_16
                0x000036e4                i2c_tx_interrupt
 .near.text.i2c_rx_interrupt
                0x00003768       0x14 build/z1/contiki-ng-z1.a(i2cmaster.o)
                0x00003768                i2c_rx_interrupt
                0x00003768                __isr_17
 .near.text.irq_p2
                0x0000377c       0x3c build/z1/contiki-ng-z1.a(button-sensor.o)
                0x0000377c                irq_p2
                0x0000377c                __isr_19
 .any.text.process_thread_udp_server_process
                0x000037b8       0x34 broker.o
 .any.text.udp_rx_callback
                0x000037ec       0x68 broker.o
 .any.text.process_thread_ackThread
                0x00003854       0xf8 build/z1/obj/../SBVK.o
 .any.text.createPacket.constprop.0
                0x0000394c       0x6c build/z1/obj/../SBVK.o
 .any.text.qosThread
                0x000039b8       0x66 build/z1/obj/../SBVK.o
                0x000039b8                qosThread
 .any.text.sendPacket
                0x00003a1e       0x56 build/z1/obj/../SBVK.o
 .any.text.hello
                0x00003a74       0x9c build/z1/obj/../SBVK.o
                0x00003a74                hello
 .any.text.connect
                0x00003b10       0x72 build/z1/obj/../SBVK.o
                0x00003b10                connect
 .any.text.connACK
                0x00003b82       0x72 build/z1/obj/../SBVK.o
                0x00003b82                connACK
 .any.text.disconnect
                0x00003bf4       0x86 build/z1/obj/../SBVK.o
                0x00003bf4                disconnect
 .any.text.pubACK
                0x00003c7a       0x44 build/z1/obj/../SBVK.o
                0x00003c7a                pubACK
 .any.text.pingreq
                0x00003cbe       0x72 build/z1/obj/../SBVK.o
                0x00003cbe                pingreq
 .any.text.process_thread_wait_ping_process
                0x00003d30      0x102 build/z1/obj/../SBVK.o
 .any.text.pingresp
                0x00003e32       0x72 build/z1/obj/../SBVK.o
                0x00003e32                pingresp
 .any.text.stopPingThread
                0x00003ea4        0xa build/z1/obj/../SBVK.o
                0x00003ea4                stopPingThread
 .any.text.handleMessage
                0x00003eae      0x252 build/z1/obj/../SBVK.o
                0x00003eae                handleMessage
 .any.text.putchar
                0x00004100       0x10 build/z1/contiki-ng-z1.a(uart0-putchar.o)
                0x00004100                putchar
 .any.text.platform_init_stage_one
                0x00004110       0x12 build/z1/contiki-ng-z1.a(platform.o)
                0x00004110                platform_init_stage_one
 .any.text.platform_init_stage_two
                0x00004122       0xba build/z1/contiki-ng-z1.a(platform.o)
                0x00004122                platform_init_stage_two
 .any.text.platform_init_stage_three
                0x000041dc       0x72 build/z1/contiki-ng-z1.a(platform.o)
                0x000041dc                platform_init_stage_three
 .any.text.platform_idle
                0x0000424e       0x54 build/z1/contiki-ng-z1.a(platform.o)
                0x0000424e                platform_idle
 .any.text.msp430_init_dco
                0x000042a2       0x28 build/z1/contiki-ng-z1.a(msp430.o)
                0x000042a2                msp430_init_dco
 .any.text.splhigh_
                0x000042ca        0x8 build/z1/contiki-ng-z1.a(msp430.o)
                0x000042ca                splhigh_
 .any.text.msp430_sync_dco
                0x000042d2       0x6e build/z1/contiki-ng-z1.a(msp430.o)
                0x000042d2                msp430_sync_dco
 .any.text.msp430_cpu_init
                0x00004340       0x2e build/z1/contiki-ng-z1.a(msp430.o)
                0x00004340                msp430_cpu_init
 .any.text.clock_time
                0x0000436e       0x1a build/z1/contiki-ng-z1.a(clock.o)
                0x0000436e                clock_time
 .any.text.clock_init
                0x00004388       0x28 build/z1/contiki-ng-z1.a(clock.o)
                0x00004388                clock_init
 .any.text.clock_delay
                0x000043b0        0xc build/z1/contiki-ng-z1.a(clock.o)
                0x000043b0                clock_delay
 .any.text.clock_wait
                0x000043bc       0x24 build/z1/contiki-ng-z1.a(clock.o)
                0x000043bc                clock_wait
 .any.text.clock_seconds
                0x000043e0       0x1a build/z1/contiki-ng-z1.a(clock.o)
                0x000043e0                clock_seconds
 .any.text.watchdog_start
                0x000043fa       0x14 build/z1/contiki-ng-z1.a(watchdog.o)
                0x000043fa                watchdog_start
 .any.text.watchdog_periodic
                0x0000440e       0x12 build/z1/contiki-ng-z1.a(watchdog.o)
                0x0000440e                watchdog_periodic
 .any.text.watchdog_stop
                0x00004420       0x16 build/z1/contiki-ng-z1.a(watchdog.o)
                0x00004420                watchdog_stop
 .any.text.watchdog_init
                0x00004436       0x12 build/z1/contiki-ng-z1.a(watchdog.o)
                0x00004436                watchdog_init
 .any.text.autostart_start
                0x00004448       0x16 build/z1/contiki-ng-z1.a(autostart.o)
                0x00004448                autostart_start
 .any.text.process_thread_ctimer_process
                0x0000445e       0xa0 build/z1/contiki-ng-z1.a(ctimer.o)
 .any.text.ctimer_init
                0x000044fe       0x18 build/z1/contiki-ng-z1.a(ctimer.o)
                0x000044fe                ctimer_init
 .any.text.ctimer_set_with_process
                0x00004516       0x4a build/z1/contiki-ng-z1.a(ctimer.o)
                0x00004516                ctimer_set_with_process
 .any.text.ctimer_set
                0x00004560       0x10 build/z1/contiki-ng-z1.a(ctimer.o)
                0x00004560                ctimer_set
 .any.text.ctimer_reset
                0x00004570       0x2c build/z1/contiki-ng-z1.a(ctimer.o)
                0x00004570                ctimer_reset
 .any.text.ctimer_stop
                0x0000459c       0x28 build/z1/contiki-ng-z1.a(ctimer.o)
                0x0000459c                ctimer_stop
 .any.text.ctimer_expired
                0x000045c4       0x30 build/z1/contiki-ng-z1.a(ctimer.o)
                0x000045c4                ctimer_expired
 .any.text.energest_init
                0x000045f4        0x2 build/z1/contiki-ng-z1.a(energest.o)
                0x000045f4                energest_init
 .any.text.energest_flush
                0x000045f6        0x2 build/z1/contiki-ng-z1.a(energest.o)
                0x000045f6                energest_flush
 .any.text.update_time
                0x000045f8       0x70 build/z1/contiki-ng-z1.a(etimer.o)
 .any.text.etimer_request_poll
                0x00004668        0xa build/z1/contiki-ng-z1.a(etimer.o)
                0x00004668                etimer_request_poll
 .any.text.process_thread_etimer_process
                0x00004672       0xc4 build/z1/contiki-ng-z1.a(etimer.o)
 .any.text.add_timer
                0x00004736       0x40 build/z1/contiki-ng-z1.a(etimer.o)
 .any.text.etimer_set
                0x00004776       0x12 build/z1/contiki-ng-z1.a(etimer.o)
                0x00004776                etimer_set
 .any.text.etimer_reset
                0x00004788       0x12 build/z1/contiki-ng-z1.a(etimer.o)
                0x00004788                etimer_reset
 .any.text.etimer_expired
                0x0000479a        0xe build/z1/contiki-ng-z1.a(etimer.o)
                0x0000479a                etimer_expired
 .any.text.etimer_pending
                0x000047a8        0xc build/z1/contiki-ng-z1.a(etimer.o)
                0x000047a8                etimer_pending
 .any.text.etimer_next_expiration_time
                0x000047b4       0x16 build/z1/contiki-ng-z1.a(etimer.o)
                0x000047b4                etimer_next_expiration_time
 .any.text.etimer_stop
                0x000047ca       0x3e build/z1/contiki-ng-z1.a(etimer.o)
                0x000047ca                etimer_stop
 .any.text.log_6addr
                0x00004808       0x32 build/z1/contiki-ng-z1.a(log.o)
                0x00004808                log_6addr
 .any.text.log_lladdr
                0x0000483a       0x40 build/z1/contiki-ng-z1.a(log.o)
                0x0000483a                log_lladdr
 .any.text.rtimer_init
                0x0000487a        0x6 build/z1/contiki-ng-z1.a(rtimer.o)
                0x0000487a                rtimer_init
 .any.text.rtimer_run_next
                0x00004880       0x26 build/z1/contiki-ng-z1.a(rtimer.o)
                0x00004880                rtimer_run_next
 .any.text.node_id_init
                0x000048a6       0x14 build/z1/contiki-ng-z1.a(node-id.o)
                0x000048a6                node_id_init
 .any.text.call_process
                0x000048ba       0x40 build/z1/contiki-ng-z1.a(process.o)
 .any.text.exit_process
                0x000048fa       0x88 build/z1/contiki-ng-z1.a(process.o)
 .any.text.do_poll
                0x00004982       0x30 build/z1/contiki-ng-z1.a(process.o)
 .any.text.process_alloc_event
                0x000049b2        0xe build/z1/contiki-ng-z1.a(process.o)
                0x000049b2                process_alloc_event
 .any.text.process_exit
                0x000049c0        0xa build/z1/contiki-ng-z1.a(process.o)
                0x000049c0                process_exit
 .any.text.process_init
                0x000049ca       0x1c build/z1/contiki-ng-z1.a(process.o)
                0x000049ca                process_init
 .any.text.process_run
                0x000049e6       0x8c build/z1/contiki-ng-z1.a(process.o)
                0x000049e6                process_run
 .any.text.process_nevents
                0x00004a72        0xe build/z1/contiki-ng-z1.a(process.o)
                0x00004a72                process_nevents
 .any.text.process_post
                0x00004a80       0x4a build/z1/contiki-ng-z1.a(process.o)
                0x00004a80                process_post
 .any.text.process_post_synch
                0x00004aca       0x12 build/z1/contiki-ng-z1.a(process.o)
                0x00004aca                process_post_synch
 .any.text.process_start
                0x00004adc       0x36 build/z1/contiki-ng-z1.a(process.o)
                0x00004adc                process_start
 .any.text.process_poll
                0x00004b12       0x18 build/z1/contiki-ng-z1.a(process.o)
                0x00004b12                process_poll
 .any.text.timer_set
                0x00004b2a       0x1c build/z1/contiki-ng-z1.a(timer.o)
                0x00004b2a                timer_set
 .any.text.timer_expired
                0x00004b46       0x2a build/z1/contiki-ng-z1.a(timer.o)
                0x00004b46                timer_expired
 .any.text.timer_reset
                0x00004b70       0x1c build/z1/contiki-ng-z1.a(timer.o)
                0x00004b70                timer_reset
 .any.text.stack_check_init
                0x00004b8c       0x2e build/z1/contiki-ng-z1.a(stack-check.o)
                0x00004b8c                stack_check_init
 .any.text.stack_check_get_usage
                0x00004bba       0x54 build/z1/contiki-ng-z1.a(stack-check.o)
                0x00004bba                stack_check_get_usage
 .any.text.process_thread_stack_check_process
                0x00004c0e       0xd2 build/z1/contiki-ng-z1.a(stack-check.o)
 .any.text.list_init
                0x00004ce0        0x6 build/z1/contiki-ng-z1.a(list.o)
                0x00004ce0                list_init
 .any.text.list_head
                0x00004ce6        0x4 build/z1/contiki-ng-z1.a(list.o)
                0x00004ce6                list_head
 .any.text.list_tail
                0x00004cea       0x12 build/z1/contiki-ng-z1.a(list.o)
                0x00004cea                list_tail
 .any.text.list_remove
                0x00004cfc       0x34 build/z1/contiki-ng-z1.a(list.o)
                0x00004cfc                list_remove
 .any.text.list_push
                0x00004d30       0x16 build/z1/contiki-ng-z1.a(list.o)
                0x00004d30                list_push
 .any.text.list_add
                0x00004d46       0x26 build/z1/contiki-ng-z1.a(list.o)
                0x00004d46                list_add
 .any.text.list_length
                0x00004d6c       0x10 build/z1/contiki-ng-z1.a(list.o)
                0x00004d6c                list_length
 .any.text.list_item_next
                0x00004d7c        0xc build/z1/contiki-ng-z1.a(list.o)
                0x00004d7c                list_item_next
 .any.text.random_init
                0x00004d88        0x6 build/z1/contiki-ng-z1.a(random.o)
                0x00004d88                random_init
 .any.text.random_rand
                0x00004d8e        0x6 build/z1/contiki-ng-z1.a(random.o)
                0x00004d8e                random_rand
 .any.text.queuebuf_init
                0x00004d94       0x12 build/z1/contiki-ng-z1.a(queuebuf.o)
                0x00004d94                queuebuf_init
 .any.text.queuebuf_numfree
                0x00004da6        0xa build/z1/contiki-ng-z1.a(queuebuf.o)
                0x00004da6                queuebuf_numfree
 .any.text.queuebuf_new_from_packetbuf
                0x00004db0       0x4e build/z1/contiki-ng-z1.a(queuebuf.o)
                0x00004db0                queuebuf_new_from_packetbuf
 .any.text.queuebuf_update_attr_from_packetbuf
                0x00004dfe       0x12 build/z1/contiki-ng-z1.a(queuebuf.o)
                0x00004dfe                queuebuf_update_attr_from_packetbuf
 .any.text.queuebuf_free
                0x00004e10       0x2a build/z1/contiki-ng-z1.a(queuebuf.o)
                0x00004e10                queuebuf_free
 .any.text.queuebuf_to_packetbuf
                0x00004e3a       0x32 build/z1/contiki-ng-z1.a(queuebuf.o)
                0x00004e3a                queuebuf_to_packetbuf
 .any.text.packetbuf_hdrreduce
                0x00004e6c       0x1a build/z1/contiki-ng-z1.a(packetbuf.o)
                0x00004e6c                packetbuf_hdrreduce
 .any.text.packetbuf_set_datalen
                0x00004e86        0x6 build/z1/contiki-ng-z1.a(packetbuf.o)
                0x00004e86                packetbuf_set_datalen
 .any.text.packetbuf_hdrptr
                0x00004e8c        0x6 build/z1/contiki-ng-z1.a(packetbuf.o)
                0x00004e8c                packetbuf_hdrptr
 .any.text.packetbuf_datalen
                0x00004e92        0x6 build/z1/contiki-ng-z1.a(packetbuf.o)
                0x00004e92                packetbuf_datalen
 .any.text.packetbuf_hdrlen
                0x00004e98        0xa build/z1/contiki-ng-z1.a(packetbuf.o)
                0x00004e98                packetbuf_hdrlen
 .any.text.packetbuf_dataptr
                0x00004ea2        0xc build/z1/contiki-ng-z1.a(packetbuf.o)
                0x00004ea2                packetbuf_dataptr
 .any.text.packetbuf_copyto
                0x00004eae       0x3a build/z1/contiki-ng-z1.a(packetbuf.o)
                0x00004eae                packetbuf_copyto
 .any.text.packetbuf_totlen
                0x00004ee8        0xc build/z1/contiki-ng-z1.a(packetbuf.o)
                0x00004ee8                packetbuf_totlen
 .any.text.packetbuf_hdralloc
                0x00004ef4       0x3c build/z1/contiki-ng-z1.a(packetbuf.o)
                0x00004ef4                packetbuf_hdralloc
 .any.text.packetbuf_attr_clear
                0x00004f30       0x28 build/z1/contiki-ng-z1.a(packetbuf.o)
                0x00004f30                packetbuf_attr_clear
 .any.text.packetbuf_clear
                0x00004f58       0x12 build/z1/contiki-ng-z1.a(packetbuf.o)
                0x00004f58                packetbuf_clear
 .any.text.packetbuf_copyfrom
                0x00004f6a       0x2a build/z1/contiki-ng-z1.a(packetbuf.o)
                0x00004f6a                packetbuf_copyfrom
 .any.text.packetbuf_attr_copyto
                0x00004f94       0x22 build/z1/contiki-ng-z1.a(packetbuf.o)
                0x00004f94                packetbuf_attr_copyto
 .any.text.packetbuf_attr_copyfrom
                0x00004fb6       0x24 build/z1/contiki-ng-z1.a(packetbuf.o)
                0x00004fb6                packetbuf_attr_copyfrom
 .any.text.packetbuf_set_attr
                0x00004fda        0xc build/z1/contiki-ng-z1.a(packetbuf.o)
                0x00004fda                packetbuf_set_attr
 .any.text.packetbuf_attr
                0x00004fe6        0xa build/z1/contiki-ng-z1.a(packetbuf.o)
                0x00004fe6                packetbuf_attr
 .any.text.packetbuf_set_addr
                0x00004ff0       0x14 build/z1/contiki-ng-z1.a(packetbuf.o)
                0x00004ff0                packetbuf_set_addr
 .any.text.packetbuf_addr
                0x00005004        0xe build/z1/contiki-ng-z1.a(packetbuf.o)
                0x00005004                packetbuf_addr
 .any.text.packetbuf_holds_broadcast
                0x00005012        0xe build/z1/contiki-ng-z1.a(packetbuf.o)
                0x00005012                packetbuf_holds_broadcast
 .any.text.netstack_process_ip_callback
                0x00005020       0x46 build/z1/contiki-ng-z1.a(netstack.o)
                0x00005020                netstack_process_ip_callback
 .any.text.netstack_init
                0x00005066        0xe build/z1/contiki-ng-z1.a(netstack.o)
                0x00005066                netstack_init
 .any.text.linkaddr_copy
                0x00005074        0x8 build/z1/contiki-ng-z1.a(linkaddr.o)
                0x00005074                linkaddr_copy
 .any.text.linkaddr_cmp
                0x0000507c       0x12 build/z1/contiki-ng-z1.a(linkaddr.o)
                0x0000507c                linkaddr_cmp
 .any.text.linkaddr_set_node_addr
                0x0000508e        0xc build/z1/contiki-ng-z1.a(linkaddr.o)
                0x0000508e                linkaddr_set_node_addr
 .any.text.on   0x0000509a        0x6 build/z1/contiki-ng-z1.a(csma.o)
 .any.text.off  0x000050a0        0x6 build/z1/contiki-ng-z1.a(csma.o)
 .any.text.max_payload
                0x000050a6       0x38 build/z1/contiki-ng-z1.a(csma.o)
 .any.text.send_packet
                0x000050de        0x6 build/z1/contiki-ng-z1.a(csma.o)
 .any.text.init
                0x000050e4       0x1c build/z1/contiki-ng-z1.a(csma.o)
 .any.text.input_packet
                0x00005100       0x58 build/z1/contiki-ng-z1.a(csma.o)
 .any.text.schedule_transmission
                0x00005158       0x66 build/z1/contiki-ng-z1.a(csma-output.o)
 .any.text.tx_done
                0x000051be       0x86 build/z1/contiki-ng-z1.a(csma-output.o)
 .any.text.transmit_from_queue
                0x00005244      0x1ac build/z1/contiki-ng-z1.a(csma-output.o)
 .any.text.csma_output_packet
                0x000053f0      0x174 build/z1/contiki-ng-z1.a(csma-output.o)
                0x000053f0                csma_output_packet
 .any.text.csma_output_init
                0x00005564       0x1a build/z1/contiki-ng-z1.a(csma-output.o)
                0x00005564                csma_output_init
 .any.text.uip_ds6_default_prefix
                0x0000557e        0x6 build/z1/contiki-ng-z1.a(uip-ds6.o)
                0x0000557e                uip_ds6_default_prefix
 .any.text.uip_ds6_list_loop
                0x00005584       0x72 build/z1/contiki-ng-z1.a(uip-ds6.o)
                0x00005584                uip_ds6_list_loop
 .any.text.uip_ds6_prefix_add
                0x000055f6       0x70 build/z1/contiki-ng-z1.a(uip-ds6.o)
                0x000055f6                uip_ds6_prefix_add
 .any.text.uip_ds6_is_addr_onlink
                0x00005666       0x42 build/z1/contiki-ng-z1.a(uip-ds6.o)
                0x00005666                uip_ds6_is_addr_onlink
 .any.text.uip_ds6_addr_lookup
                0x000056a8       0x2a build/z1/contiki-ng-z1.a(uip-ds6.o)
                0x000056a8                uip_ds6_addr_lookup
 .any.text.uip_ds6_get_link_local
                0x000056d2       0x3e build/z1/contiki-ng-z1.a(uip-ds6.o)
                0x000056d2                uip_ds6_get_link_local
 .any.text.uip_ds6_maddr_add
                0x00005710       0x48 build/z1/contiki-ng-z1.a(uip-ds6.o)
                0x00005710                uip_ds6_maddr_add
 .any.text.uip_ds6_addr_add
                0x00005758       0xb4 build/z1/contiki-ng-z1.a(uip-ds6.o)
                0x00005758                uip_ds6_addr_add
 .any.text.uip_ds6_maddr_rm
                0x0000580c        0xa build/z1/contiki-ng-z1.a(uip-ds6.o)
                0x0000580c                uip_ds6_maddr_rm
 .any.text.uip_ds6_maddr_lookup
                0x00005816       0x2a build/z1/contiki-ng-z1.a(uip-ds6.o)
                0x00005816                uip_ds6_maddr_lookup
 .any.text.uip_ds6_addr_rm
                0x00005840       0x54 build/z1/contiki-ng-z1.a(uip-ds6.o)
                0x00005840                uip_ds6_addr_rm
 .any.text.uip_ds6_periodic
                0x00005894       0x46 build/z1/contiki-ng-z1.a(uip-ds6.o)
                0x00005894                uip_ds6_periodic
 .any.text.uip_ds6_set_addr_iid
                0x000058da       0x14 build/z1/contiki-ng-z1.a(uip-ds6.o)
                0x000058da                uip_ds6_set_addr_iid
 .any.text.uip_ds6_set_lladdr_from_iid
                0x000058ee       0x14 build/z1/contiki-ng-z1.a(uip-ds6.o)
                0x000058ee                uip_ds6_set_lladdr_from_iid
 .any.text.get_match_length
                0x00005902       0x3c build/z1/contiki-ng-z1.a(uip-ds6.o)
                0x00005902                get_match_length
 .any.text.uip_ds6_select_src
                0x0000593e       0x9a build/z1/contiki-ng-z1.a(uip-ds6.o)
                0x0000593e                uip_ds6_select_src
 .any.text.uip_ds6_compute_reachable_time
                0x000059d8       0x36 build/z1/contiki-ng-z1.a(uip-ds6.o)
                0x000059d8                uip_ds6_compute_reachable_time
 .any.text.uip_ds6_init
                0x00005a0e      0x164 build/z1/contiki-ng-z1.a(uip-ds6.o)
                0x00005a0e                uip_ds6_init
 .any.text.uiplib_ipaddr_snprint
                0x00005b72      0x114 build/z1/contiki-ng-z1.a(uiplib.o)
                0x00005b72                uiplib_ipaddr_snprint
 .any.text.uip_ds6_route_init
                0x00005c86       0x12 build/z1/contiki-ng-z1.a(uip-ds6-route.o)
                0x00005c86                uip_ds6_route_init
 .any.text.uip_ds6_route_nexthop
                0x00005c98        0x4 build/z1/contiki-ng-z1.a(uip-ds6-route.o)
                0x00005c98                uip_ds6_route_nexthop
 .any.text.uip_ds6_route_lookup
                0x00005c9c        0x4 build/z1/contiki-ng-z1.a(uip-ds6-route.o)
                0x00005c9c                uip_ds6_route_lookup
 .any.text.uip_ds6_route_rm
                0x00005ca0        0x2 build/z1/contiki-ng-z1.a(uip-ds6-route.o)
                0x00005ca0                uip_ds6_route_rm
 .any.text.uip_ds6_defrt_rm
                0x00005ca2       0x38 build/z1/contiki-ng-z1.a(uip-ds6-route.o)
                0x00005ca2                uip_ds6_defrt_rm
 .any.text.uip_ds6_defrt_lookup
                0x00005cda       0x3c build/z1/contiki-ng-z1.a(uip-ds6-route.o)
                0x00005cda                uip_ds6_defrt_lookup
 .any.text.uip_ds6_defrt_add
                0x00005d16       0x66 build/z1/contiki-ng-z1.a(uip-ds6-route.o)
                0x00005d16                uip_ds6_defrt_add
 .any.text.uip_ds6_defrt_choose
                0x00005d7c       0x36 build/z1/contiki-ng-z1.a(uip-ds6-route.o)
                0x00005d7c                uip_ds6_defrt_choose
 .any.text.uip_ds6_defrt_periodic
                0x00005db2       0x38 build/z1/contiki-ng-z1.a(uip-ds6-route.o)
                0x00005db2                uip_ds6_defrt_periodic
 .any.text.tcpip_output
                0x00005dea       0x22 build/z1/contiki-ng-z1.a(tcpip.o)
                0x00005dea                tcpip_output
 .any.text.udp_new
                0x00005e0c       0x1a build/z1/contiki-ng-z1.a(tcpip.o)
                0x00005e0c                udp_new
 .any.text.tcpip_input
                0x00005e26       0x1e build/z1/contiki-ng-z1.a(tcpip.o)
                0x00005e26                tcpip_input
 .any.text.tcpip_ipv6_output
                0x00005e44      0x10c build/z1/contiki-ng-z1.a(tcpip.o)
                0x00005e44                tcpip_ipv6_output
 .any.text.packet_input.part.3
                0x00005f50       0x12 build/z1/contiki-ng-z1.a(tcpip.o)
 .any.text.process_thread_tcpip_process
                0x00005f62       0xc2 build/z1/contiki-ng-z1.a(tcpip.o)
 .any.text.tcpip_uipcall
                0x00006024       0x2a build/z1/contiki-ng-z1.a(tcpip.o)
                0x00006024                tcpip_uipcall
 .any.text.chksum
                0x0000604e       0x32 build/z1/contiki-ng-z1.a(uip6.o)
 .any.text.upper_layer_chksum
                0x00006080       0x54 build/z1/contiki-ng-z1.a(uip6.o)
 .any.text.ext_hdr_options_process
                0x000060d4       0x92 build/z1/contiki-ng-z1.a(uip6.o)
 .any.text.uip_check_mtu
                0x00006166       0x1e build/z1/contiki-ng-z1.a(uip6.o)
 .any.text.uip_update_ttl
                0x00006184       0x24 build/z1/contiki-ng-z1.a(uip6.o)
 .any.text.uip_icmp6chksum
                0x000061a8        0xa build/z1/contiki-ng-z1.a(uip6.o)
                0x000061a8                uip_icmp6chksum
 .any.text.uip_udpchksum
                0x000061b2        0xa build/z1/contiki-ng-z1.a(uip6.o)
                0x000061b2                uip_udpchksum
 .any.text.uip_init
                0x000061bc       0x24 build/z1/contiki-ng-z1.a(uip6.o)
                0x000061bc                uip_init
 .any.text.uip_remove_ext_hdr
                0x000061e0       0x5e build/z1/contiki-ng-z1.a(uip6.o)
                0x000061e0                uip_remove_ext_hdr
 .any.text.uip_udp_new
                0x0000623e       0x84 build/z1/contiki-ng-z1.a(uip6.o)
                0x0000623e                uip_udp_new
 .any.text.uip_process
                0x000062c2      0x4b6 build/z1/contiki-ng-z1.a(uip6.o)
                0x000062c2                uip_process
 .any.text.uip_htonl
                0x00006778       0x2a build/z1/contiki-ng-z1.a(uip6.o)
                0x00006778                uip_htonl
 .any.text.uip_ds6_nbr_rm
                0x000067a2       0x1e build/z1/contiki-ng-z1.a(uip-ds6-nbr.o)
                0x000067a2                uip_ds6_nbr_rm
 .any.text.uip_ds6_neighbors_init
                0x000067c0       0x12 build/z1/contiki-ng-z1.a(uip-ds6-nbr.o)
                0x000067c0                uip_ds6_neighbors_init
 .any.text.uip_ds6_nbr_add
                0x000067d2       0x36 build/z1/contiki-ng-z1.a(uip-ds6-nbr.o)
                0x000067d2                uip_ds6_nbr_add
 .any.text.uip_ds6_nbr_get_ll
                0x00006808        0xc build/z1/contiki-ng-z1.a(uip-ds6-nbr.o)
                0x00006808                uip_ds6_nbr_get_ll
 .any.text.uip_ds6_nbr_head
                0x00006814        0xa build/z1/contiki-ng-z1.a(uip-ds6-nbr.o)
                0x00006814                uip_ds6_nbr_head
 .any.text.uip_ds6_nbr_next
                0x0000681e        0xc build/z1/contiki-ng-z1.a(uip-ds6-nbr.o)
                0x0000681e                uip_ds6_nbr_next
 .any.text.uip_ds6_nbr_lookup
                0x0000682a       0x36 build/z1/contiki-ng-z1.a(uip-ds6-nbr.o)
                0x0000682a                uip_ds6_nbr_lookup
 .any.text.uip_ds6_nbr_ll_lookup
                0x00006860        0xc build/z1/contiki-ng-z1.a(uip-ds6-nbr.o)
                0x00006860                uip_ds6_nbr_ll_lookup
 .any.text.uip_ds6_nbr_update_ll
                0x0000686c       0x6e build/z1/contiki-ng-z1.a(uip-ds6-nbr.o)
                0x0000686c                uip_ds6_nbr_update_ll
 .any.text.uip_ds6_nbr_ipaddr_from_lladdr
                0x000068da        0x6 build/z1/contiki-ng-z1.a(uip-ds6-nbr.o)
                0x000068da                uip_ds6_nbr_ipaddr_from_lladdr
 .any.text.uip_ds6_nbr_lladdr_from_ipaddr
                0x000068e0       0x12 build/z1/contiki-ng-z1.a(uip-ds6-nbr.o)
                0x000068e0                uip_ds6_nbr_lladdr_from_ipaddr
 .any.text.uip_ds6_link_callback
                0x000068f2        0x2 build/z1/contiki-ng-z1.a(uip-ds6-nbr.o)
                0x000068f2                uip_ds6_link_callback
 .any.text.ns_input
                0x000068f4      0x27c build/z1/contiki-ng-z1.a(uip-nd6.o)
 .any.text.uip_nd6_init
                0x00006b70        0xa build/z1/contiki-ng-z1.a(uip-nd6.o)
                0x00006b70                uip_nd6_init
 .any.text.process_thread_simple_udp_process
                0x00006b7a       0xa8 build/z1/contiki-ng-z1.a(simple-udp.o)
 .any.text.simple_udp_sendto
                0x00006c22       0x28 build/z1/contiki-ng-z1.a(simple-udp.o)
                0x00006c22                simple_udp_sendto
 .any.text.simple_udp_register
                0x00006c4a       0x88 build/z1/contiki-ng-z1.a(simple-udp.o)
                0x00006c4a                simple_udp_register
 .any.text.clear_fragments
                0x00006cd2       0x38 build/z1/contiki-ng-z1.a(sicslowpan.o)
 .any.text.addr_context_lookup_by_number
                0x00006d0a       0x16 build/z1/contiki-ng-z1.a(sicslowpan.o)
 .any.text.sicslowpan_init
                0x00006d20       0x18 build/z1/contiki-ng-z1.a(sicslowpan.o)
                0x00006d20                sicslowpan_init
 .any.text.set_packet_attrs
                0x00006d38       0x66 build/z1/contiki-ng-z1.a(sicslowpan.o)
 .any.text.compress_addr_64
                0x00006d9e       0x9a build/z1/contiki-ng-z1.a(sicslowpan.o)
 .any.text.addr_context_lookup_by_prefix
                0x00006e38       0x20 build/z1/contiki-ng-z1.a(sicslowpan.o)
 .any.text.send_packet
                0x00006e58       0x1a build/z1/contiki-ng-z1.a(sicslowpan.o)
 .any.text.fragment_copy_payload_and_send
                0x00006e72       0x5e build/z1/contiki-ng-z1.a(sicslowpan.o)
 .any.text.output
                0x00006ed0      0x772 build/z1/contiki-ng-z1.a(sicslowpan.o)
 .any.text.packet_sent
                0x00007642       0x4e build/z1/contiki-ng-z1.a(sicslowpan.o)
 .any.text.store_fragment
                0x00007690       0x72 build/z1/contiki-ng-z1.a(sicslowpan.o)
 .any.text.add_fragment
                0x00007702      0x16a build/z1/contiki-ng-z1.a(sicslowpan.o)
 .any.text.uncompress_addr
                0x0000786c       0x96 build/z1/contiki-ng-z1.a(sicslowpan.o)
 .any.text.input
                0x00007902      0x8d6 build/z1/contiki-ng-z1.a(sicslowpan.o)
 .any.text.rpl_has_joined
                0x000081d8       0x12 build/z1/contiki-ng-z1.a(rpl.o)
                0x000081d8                rpl_has_joined
 .any.text.rpl_is_reachable
                0x000081ea       0x12 build/z1/contiki-ng-z1.a(rpl.o)
                0x000081ea                rpl_is_reachable
 .any.text.neighbor_state_changed
                0x000081fc        0x2 build/z1/contiki-ng-z1.a(rpl.o)
 .any.text.drop_route
                0x000081fe        0x2 build/z1/contiki-ng-z1.a(rpl.o)
 .any.text.rpl_get_leaf_only
                0x00008200        0x6 build/z1/contiki-ng-z1.a(rpl.o)
                0x00008200                rpl_get_leaf_only
 .any.text.get_sr_node_ipaddr
                0x00008206       0x30 build/z1/contiki-ng-z1.a(rpl.o)
 .any.text.init
                0x00008236       0x66 build/z1/contiki-ng-z1.a(rpl.o)
 .any.text.set_ip_from_prefix
                0x0000829c       0x30 build/z1/contiki-ng-z1.a(rpl.o)
 .any.text.rpl_link_callback
                0x000082cc       0x7c build/z1/contiki-ng-z1.a(rpl.o)
                0x000082cc                rpl_link_callback
 .any.text.rpl_lollipop_greater_than
                0x00008348       0x3c build/z1/contiki-ng-z1.a(rpl.o)
                0x00008348                rpl_lollipop_greater_than
 .any.text.rpl_get_global_address
                0x00008384       0x8c build/z1/contiki-ng-z1.a(rpl.o)
                0x00008384                rpl_get_global_address
 .any.text.rpl_reset_prefix
                0x00008410       0x70 build/z1/contiki-ng-z1.a(rpl.o)
                0x00008410                rpl_reset_prefix
 .any.text.rpl_set_prefix_from_addr
                0x00008480       0xe8 build/z1/contiki-ng-z1.a(rpl.o)
                0x00008480                rpl_set_prefix_from_addr
 .any.text.get32
                0x00008568       0x3e build/z1/contiki-ng-z1.a(rpl-icmp6.o)
 .any.text.set32
                0x000085a6       0x2a build/z1/contiki-ng-z1.a(rpl-icmp6.o)
 .any.text.get16
                0x000085d0        0xe build/z1/contiki-ng-z1.a(rpl-icmp6.o)
 .any.text.set16
                0x000085de       0x10 build/z1/contiki-ng-z1.a(rpl-icmp6.o)
 .any.text.dao_ack_input
                0x000085ee       0xc4 build/z1/contiki-ng-z1.a(rpl-icmp6.o)
 .any.text.dao_input
                0x000086b2      0x248 build/z1/contiki-ng-z1.a(rpl-icmp6.o)
 .any.text.dio_input
                0x000088fa      0x454 build/z1/contiki-ng-z1.a(rpl-icmp6.o)
 .any.text.dis_input
                0x00008d4e       0x88 build/z1/contiki-ng-z1.a(rpl-icmp6.o)
 .any.text.rpl_icmp6_update_nbr_table
                0x00008dd6       0x98 build/z1/contiki-ng-z1.a(rpl-icmp6.o)
                0x00008dd6                rpl_icmp6_update_nbr_table
 .any.text.rpl_icmp6_dis_output
                0x00008e6e       0x76 build/z1/contiki-ng-z1.a(rpl-icmp6.o)
                0x00008e6e                rpl_icmp6_dis_output
 .any.text.rpl_icmp6_dio_output
                0x00008ee4      0x2a2 build/z1/contiki-ng-z1.a(rpl-icmp6.o)
                0x00008ee4                rpl_icmp6_dio_output
 .any.text.rpl_icmp6_dao_output
                0x00009186      0x1f2 build/z1/contiki-ng-z1.a(rpl-icmp6.o)
                0x00009186                rpl_icmp6_dao_output
 .any.text.rpl_icmp6_dao_ack_output
                0x00009378       0xa0 build/z1/contiki-ng-z1.a(rpl-icmp6.o)
                0x00009378                rpl_icmp6_dao_ack_output
 .any.text.rpl_icmp6_init
                0x00009418       0x22 build/z1/contiki-ng-z1.a(rpl-icmp6.o)
                0x00009418                rpl_icmp6_init
 .any.text.rpl_dag_root_set_prefix
                0x0000943a       0xf6 build/z1/contiki-ng-z1.a(rpl-dag-root.o)
                0x0000943a                rpl_dag_root_set_prefix
 .any.text.rpl_dag_root_start
                0x00009530       0xcc build/z1/contiki-ng-z1.a(rpl-dag-root.o)
                0x00009530                rpl_dag_root_start
 .any.text.rpl_dag_root_is_root
                0x000095fc       0x14 build/z1/contiki-ng-z1.a(rpl-dag-root.o)
                0x000095fc                rpl_dag_root_is_root
 .any.text.rpl_dag_root_print_links
                0x00009610       0xf0 build/z1/contiki-ng-z1.a(rpl-dag-root.o)
                0x00009610                rpl_dag_root_print_links
 .any.text.init_platform
                0x00009700        0xc build/z1/contiki-ng-z1.a(contiki-z1-plat)
                0x00009700                init_platform
 .any.text.leds_init
                0x0000970c        0x6 build/z1/contiki-ng-z1.a(leds.o)
                0x0000970c                leds_init
 .any.text.leds_on
                0x00009712       0x12 build/z1/contiki-ng-z1.a(leds.o)
                0x00009712                leds_on
 .any.text.leds_off
                0x00009724       0x12 build/z1/contiki-ng-z1.a(leds.o)
                0x00009724                leds_off
 .any.text.wait_ready
                0x00009736       0x46 build/z1/contiki-ng-z1.a(xmem.o)
 .any.text.xmem_init
                0x0000977c       0x1e build/z1/contiki-ng-z1.a(xmem.o)
                0x0000977c                xmem_init
 .any.text.xmem_pread
                0x0000979a       0x88 build/z1/contiki-ng-z1.a(xmem.o)
                0x0000979a                xmem_pread
 .any.text.spi_init
                0x00009822       0x32 build/z1/contiki-ng-z1.a(spi-legacy.o)
                0x00009822                spi_init
 .any.text.get_object
                0x00009854        0x4 build/z1/contiki-ng-z1.a(cc2420.o)
 .any.text.set_object
                0x00009858        0x4 build/z1/contiki-ng-z1.a(cc2420.o)
 .any.text.strobe
                0x0000985c       0x1a build/z1/contiki-ng-z1.a(cc2420.o)
 .any.text.getreg
                0x00009876       0x46 build/z1/contiki-ng-z1.a(cc2420.o)
 .any.text.setreg
                0x000098bc       0x44 build/z1/contiki-ng-z1.a(cc2420.o)
 .any.text.write_ram
                0x00009900       0x72 build/z1/contiki-ng-z1.a(cc2420.o)
 .any.text.write_fifo_buf
                0x00009972       0x38 build/z1/contiki-ng-z1.a(cc2420.o)
 .any.text.get_status
                0x000099aa       0x1e build/z1/contiki-ng-z1.a(cc2420.o)
 .any.text.on   0x000099c8       0x1a build/z1/contiki-ng-z1.a(cc2420.o)
 .any.text.cc2420_receiving_packet
                0x000099e2        0xa build/z1/contiki-ng-z1.a(cc2420.o)
 .any.text.pending_packet
                0x000099ec        0xa build/z1/contiki-ng-z1.a(cc2420.o)
 .any.text.wait_for_transmission
                0x000099f6       0x22 build/z1/contiki-ng-z1.a(cc2420.o)
 .any.text.wait_for_status
                0x00009a18       0x24 build/z1/contiki-ng-z1.a(cc2420.o)
 .any.text.getrxdata
                0x00009a3c       0x4c build/z1/contiki-ng-z1.a(cc2420.o)
 .any.text.flushrx
                0x00009a88       0x1a build/z1/contiki-ng-z1.a(cc2420.o)
 .any.text.off  0x00009aa2       0x28 build/z1/contiki-ng-z1.a(cc2420.o)
 .any.text.RELEASE_LOCK
                0x00009aca       0x28 build/z1/contiki-ng-z1.a(cc2420.o)
 .any.text.set_frame_filtering
                0x00009af2       0x30 build/z1/contiki-ng-z1.a(cc2420.o)
 .any.text.set_auto_ack
                0x00009b22       0x30 build/z1/contiki-ng-z1.a(cc2420.o)
 .any.text.set_poll_mode
                0x00009b52       0x2c build/z1/contiki-ng-z1.a(cc2420.o)
 .any.text.cc2420_prepare
                0x00009b7e       0x42 build/z1/contiki-ng-z1.a(cc2420.o)
 .any.text.cc2420_on
                0x00009bc0       0x22 build/z1/contiki-ng-z1.a(cc2420.o)
                0x00009bc0                cc2420_on
 .any.text.cc2420_transmit
                0x00009be2       0x66 build/z1/contiki-ng-z1.a(cc2420.o)
 .any.text.cc2420_send
                0x00009c48       0x12 build/z1/contiki-ng-z1.a(cc2420.o)
 .any.text.cc2420_off
                0x00009c5a       0x30 build/z1/contiki-ng-z1.a(cc2420.o)
                0x00009c5a                cc2420_off
 .any.text.cc2420_cca
                0x00009c8a       0x54 build/z1/contiki-ng-z1.a(cc2420.o)
 .any.text.cc2420_read
                0x00009cde       0xba build/z1/contiki-ng-z1.a(cc2420.o)
 .any.text.process_thread_cc2420_process
                0x00009d98       0x62 build/z1/contiki-ng-z1.a(cc2420.o)
 .any.text.cc2420_set_channel
                0x00009dfa       0x3a build/z1/contiki-ng-z1.a(cc2420.o)
                0x00009dfa                cc2420_set_channel
 .any.text.cc2420_set_pan_addr
                0x00009e34       0x4c build/z1/contiki-ng-z1.a(cc2420.o)
                0x00009e34                cc2420_set_pan_addr
 .any.text.cc2420_interrupt
                0x00009e80       0x16 build/z1/contiki-ng-z1.a(cc2420.o)
                0x00009e80                cc2420_interrupt
 .any.text.cc2420_set_txpower
                0x00009e96       0x2c build/z1/contiki-ng-z1.a(cc2420.o)
                0x00009e96                cc2420_set_txpower
 .any.text.cc2420_get_txpower
                0x00009ec2       0x1e build/z1/contiki-ng-z1.a(cc2420.o)
                0x00009ec2                cc2420_get_txpower
 .any.text.cc2420_rssi
                0x00009ee0       0x48 build/z1/contiki-ng-z1.a(cc2420.o)
                0x00009ee0                cc2420_rssi
 .any.text.get_value
                0x00009f28      0x11e build/z1/contiki-ng-z1.a(cc2420.o)
 .any.text.cc2420_set_cca_threshold
                0x0000a046       0x16 build/z1/contiki-ng-z1.a(cc2420.o)
                0x0000a046                cc2420_set_cca_threshold
 .any.text.set_value
                0x0000a05c      0x14a build/z1/contiki-ng-z1.a(cc2420.o)
 .any.text.cc2420_init
                0x0000a1a6       0xea build/z1/contiki-ng-z1.a(cc2420.o)
                0x0000a1a6                cc2420_init
 .any.text.cc2420_arch_init
                0x0000a290       0x1a build/z1/contiki-ng-z1.a(cc2420-arch.o)
                0x0000a290                cc2420_arch_init
 .any.text.node_id_z1_restore
                0x0000a2aa       0x4c build/z1/contiki-ng-z1.a(node-id-z1.o)
                0x0000a2aa                node_id_z1_restore
 .any.text.process_thread_sensors_process
                0x0000a2f6       0xc2 build/z1/contiki-ng-z1.a(sensors.o)
 .any.text.sensors_changed
                0x0000a3b8       0x2a build/z1/contiki-ng-z1.a(sensors.o)
                0x0000a3b8                sensors_changed
 .any.text.uart0_active
                0x0000a3e2        0xe build/z1/contiki-ng-z1.a(uart0.o)
                0x0000a3e2                uart0_active
 .any.text.uart0_writeb
                0x0000a3f0       0x16 build/z1/contiki-ng-z1.a(uart0.o)
                0x0000a3f0                uart0_writeb
 .any.text.uart0_init
                0x0000a406       0x4e build/z1/contiki-ng-z1.a(uart0.o)
                0x0000a406                uart0_init
 .any.text.status
                0x0000a454       0x12 build/z1/contiki-ng-z1.a(adxl345.o)
 .any.text.accm_write_reg
                0x0000a466       0x2e build/z1/contiki-ng-z1.a(adxl345.o)
 .any.text.accm_write_stream
                0x0000a494       0x2a build/z1/contiki-ng-z1.a(adxl345.o)
 .any.text.accm_read_reg
                0x0000a4be       0x54 build/z1/contiki-ng-z1.a(adxl345.o)
 .any.text.process_thread_accmeter_process
                0x0000a512       0x56 build/z1/contiki-ng-z1.a(adxl345.o)
 .any.text.accm_read_axis.part.0
                0x0000a568       0x5a build/z1/contiki-ng-z1.a(adxl345.o)
 .any.text.value
                0x0000a5c2       0x1e build/z1/contiki-ng-z1.a(adxl345.o)
 .any.text.accm_init
                0x0000a5e0       0x78 build/z1/contiki-ng-z1.a(adxl345.o)
                0x0000a5e0                accm_init
 .any.text.accm_stop
                0x0000a658       0x32 build/z1/contiki-ng-z1.a(adxl345.o)
                0x0000a658                accm_stop
 .any.text.configure
                0x0000a68a       0x26 build/z1/contiki-ng-z1.a(adxl345.o)
 .any.text.status
                0x0000a6b0       0x12 build/z1/contiki-ng-z1.a(tmp102.o)
 .any.text.tmp102_init
                0x0000a6c2       0x24 build/z1/contiki-ng-z1.a(tmp102.o)
                0x0000a6c2                tmp102_init
 .any.text.tmp102_stop
                0x0000a6e6        0xa build/z1/contiki-ng-z1.a(tmp102.o)
                0x0000a6e6                tmp102_stop
 .any.text.configure
                0x0000a6f0       0x26 build/z1/contiki-ng-z1.a(tmp102.o)
 .any.text.tmp102_read_reg
                0x0000a716       0x5e build/z1/contiki-ng-z1.a(tmp102.o)
                0x0000a716                tmp102_read_reg
 .any.text.tmp102_read_temp_x100
                0x0000a774       0x58 build/z1/contiki-ng-z1.a(tmp102.o)
                0x0000a774                tmp102_read_temp_x100
 .any.text.value
                0x0000a7cc        0x6 build/z1/contiki-ng-z1.a(tmp102.o)
 .any.text.leds_arch_init
                0x0000a7d2        0xe build/z1/contiki-ng-z1.a(leds-arch.o)
                0x0000a7d2                leds_arch_init
 .any.text.leds_arch_get
                0x0000a7e0       0x34 build/z1/contiki-ng-z1.a(leds-arch.o)
                0x0000a7e0                leds_arch_get
 .any.text.leds_arch_set
                0x0000a814       0x3e build/z1/contiki-ng-z1.a(leds-arch.o)
                0x0000a814                leds_arch_set
 .any.text.rtimer_arch_init
                0x0000a852        0xe build/z1/contiki-ng-z1.a(rtimer-arch.o)
                0x0000a852                rtimer_arch_init
 .any.text.rtimer_arch_now
                0x0000a860        0xe build/z1/contiki-ng-z1.a(rtimer-arch.o)
                0x0000a860                rtimer_arch_now
 .any.text.rtimer_arch_schedule
                0x0000a86e        0x6 build/z1/contiki-ng-z1.a(rtimer-arch.o)
                0x0000a86e                rtimer_arch_schedule
 .any.text.stimer_set
                0x0000a874       0x1c build/z1/contiki-ng-z1.a(stimer.o)
                0x0000a874                stimer_set
 .any.text.stimer_expired
                0x0000a890       0x30 build/z1/contiki-ng-z1.a(stimer.o)
                0x0000a890                stimer_expired
 .any.text.memb_init
                0x0000a8c0       0x36 build/z1/contiki-ng-z1.a(memb.o)
                0x0000a8c0                memb_init
 .any.text.memb_alloc
                0x0000a8f6       0x3e build/z1/contiki-ng-z1.a(memb.o)
                0x0000a8f6                memb_alloc
 .any.text.memb_free
                0x0000a934       0x32 build/z1/contiki-ng-z1.a(memb.o)
                0x0000a934                memb_free
 .any.text.memb_inmemb
                0x0000a966       0x2a build/z1/contiki-ng-z1.a(memb.o)
                0x0000a966                memb_inmemb
 .any.text.memb_numfree
                0x0000a990       0x26 build/z1/contiki-ng-z1.a(memb.o)
                0x0000a990                memb_numfree
 .any.text.item_from_index
                0x0000a9b6       0x2a build/z1/contiki-ng-z1.a(nbr-table.o)
 .any.text.index_from_key
                0x0000a9e0       0x26 build/z1/contiki-ng-z1.a(nbr-table.o)
 .any.text.index_from_item
                0x0000aa06       0x1e build/z1/contiki-ng-z1.a(nbr-table.o)
 .any.text.nbr_set_bit
                0x0000aa24       0x50 build/z1/contiki-ng-z1.a(nbr-table.o)
 .any.text.index_from_lladdr
                0x0000aa74       0x3e build/z1/contiki-ng-z1.a(nbr-table.o)
 .any.text.nbr_get_bit.constprop.0
                0x0000aab2       0x2c build/z1/contiki-ng-z1.a(nbr-table.o)
 .any.text.nbr_table_is_registered
                0x0000aade       0x22 build/z1/contiki-ng-z1.a(nbr-table.o)
                0x0000aade                nbr_table_is_registered
 .any.text.nbr_table_register
                0x0000ab00       0x3c build/z1/contiki-ng-z1.a(nbr-table.o)
                0x0000ab00                nbr_table_register
 .any.text.nbr_table_next
                0x0000ab3c       0x4c build/z1/contiki-ng-z1.a(nbr-table.o)
                0x0000ab3c                nbr_table_next
 .any.text.nbr_table_head
                0x0000ab88       0x36 build/z1/contiki-ng-z1.a(nbr-table.o)
                0x0000ab88                nbr_table_head
 .any.text.nbr_table_add_lladdr
                0x0000abbe      0x14e build/z1/contiki-ng-z1.a(nbr-table.o)
                0x0000abbe                nbr_table_add_lladdr
 .any.text.nbr_table_get_from_lladdr
                0x0000ad0c       0x28 build/z1/contiki-ng-z1.a(nbr-table.o)
                0x0000ad0c                nbr_table_get_from_lladdr
 .any.text.nbr_table_remove
                0x0000ad34       0x2a build/z1/contiki-ng-z1.a(nbr-table.o)
                0x0000ad34                nbr_table_remove
 .any.text.nbr_table_lock
                0x0000ad5e       0x10 build/z1/contiki-ng-z1.a(nbr-table.o)
                0x0000ad5e                nbr_table_lock
 .any.text.nbr_table_unlock
                0x0000ad6e       0x10 build/z1/contiki-ng-z1.a(nbr-table.o)
                0x0000ad6e                nbr_table_unlock
 .any.text.nbr_table_get_lladdr
                0x0000ad7e       0x20 build/z1/contiki-ng-z1.a(nbr-table.o)
                0x0000ad7e                nbr_table_get_lladdr
 .any.text.periodic
                0x0000ad9e       0x2c build/z1/contiki-ng-z1.a(link-stats.o)
 .any.text.link_stats_from_lladdr
                0x0000adca        0xc build/z1/contiki-ng-z1.a(link-stats.o)
                0x0000adca                link_stats_from_lladdr
 .any.text.link_stats_is_fresh
                0x0000add6       0x30 build/z1/contiki-ng-z1.a(link-stats.o)
                0x0000add6                link_stats_is_fresh
 .any.text.guess_etx_from_rssi
                0x0000ae06       0x42 build/z1/contiki-ng-z1.a(link-stats.o)
                0x0000ae06                guess_etx_from_rssi
 .any.text.link_stats_packet_sent
                0x0000ae48       0xcc build/z1/contiki-ng-z1.a(link-stats.o)
                0x0000ae48                link_stats_packet_sent
 .any.text.link_stats_input_callback
                0x0000af14       0xaa build/z1/contiki-ng-z1.a(link-stats.o)
                0x0000af14                link_stats_input_callback
 .any.text.link_stats_reset
                0x0000afbe       0x2a build/z1/contiki-ng-z1.a(link-stats.o)
                0x0000afbe                link_stats_reset
 .any.text.link_stats_init
                0x0000afe8       0x22 build/z1/contiki-ng-z1.a(link-stats.o)
                0x0000afe8                link_stats_init
 .any.text.mac_sequence_is_duplicate
                0x0000b00a       0x6e build/z1/contiki-ng-z1.a(mac-sequence.o)
                0x0000b00a                mac_sequence_is_duplicate
 .any.text.mac_sequence_register_seqno
                0x0000b078       0x86 build/z1/contiki-ng-z1.a(mac-sequence.o)
                0x0000b078                mac_sequence_register_seqno
 .any.text.mac_call_sent_callback
                0x0000b0fe       0x14 build/z1/contiki-ng-z1.a(mac.o)
                0x0000b0fe                mac_call_sent_callback
 .any.text.parse
                0x0000b112       0x9c build/z1/contiki-ng-z1.a(framer-802154.o)
 .any.text.framer_802154_setup_params
                0x0000b1ae       0xb0 build/z1/contiki-ng-z1.a(framer-802154.o)
                0x0000b1ae                framer_802154_setup_params
 .any.text.create_frame
                0x0000b25e       0xda build/z1/contiki-ng-z1.a(framer-802154.o)
 .any.text.create
                0x0000b338        0x8 build/z1/contiki-ng-z1.a(framer-802154.o)
 .any.text.hdr_length
                0x0000b340        0x8 build/z1/contiki-ng-z1.a(framer-802154.o)
 .any.text.frame802154_get_pan_id
                0x0000b348        0x6 build/z1/contiki-ng-z1.a(frame802154.o)
                0x0000b348                frame802154_get_pan_id
 .any.text.frame802154_has_panid
                0x0000b34e       0xe0 build/z1/contiki-ng-z1.a(frame802154.o)
                0x0000b34e                frame802154_has_panid
 .any.text.field_len
                0x0000b42e       0xa8 build/z1/contiki-ng-z1.a(frame802154.o)
 .any.text.frame802154_is_broadcast_addr
                0x0000b4d6       0x28 build/z1/contiki-ng-z1.a(frame802154.o)
                0x0000b4d6                frame802154_is_broadcast_addr
 .any.text.frame802154_hdrlen
                0x0000b4fe       0x32 build/z1/contiki-ng-z1.a(frame802154.o)
                0x0000b4fe                frame802154_hdrlen
 .any.text.frame802154_create_fcf
                0x0000b530       0x6e build/z1/contiki-ng-z1.a(frame802154.o)
                0x0000b530                frame802154_create_fcf
 .any.text.frame802154_create
                0x0000b59e       0xd4 build/z1/contiki-ng-z1.a(frame802154.o)
                0x0000b59e                frame802154_create
 .any.text.frame802154_parse_fcf
                0x0000b672       0x8c build/z1/contiki-ng-z1.a(frame802154.o)
                0x0000b672                frame802154_parse_fcf
 .any.text.frame802154_parse
                0x0000b6fe      0x15c build/z1/contiki-ng-z1.a(frame802154.o)
                0x0000b6fe                frame802154_parse
 .any.text.csma_security_create_frame
                0x0000b85a       0x10 build/z1/contiki-ng-z1.a(csma-security.o)
                0x0000b85a                csma_security_create_frame
 .any.text.csma_security_parse_frame
                0x0000b86a        0x6 build/z1/contiki-ng-z1.a(csma-security.o)
                0x0000b86a                csma_security_parse_frame
 .any.text.uipbuf_add_ext_hdr
                0x0000b870       0x1c build/z1/contiki-ng-z1.a(uipbuf.o)
                0x0000b870                uipbuf_add_ext_hdr
 .any.text.uipbuf_set_len
                0x0000b88c       0x12 build/z1/contiki-ng-z1.a(uipbuf.o)
                0x0000b88c                uipbuf_set_len
 .any.text.uipbuf_set_len_field
                0x0000b89e        0xe build/z1/contiki-ng-z1.a(uipbuf.o)
                0x0000b89e                uipbuf_set_len_field
 .any.text.uipbuf_get_len_field
                0x0000b8ac        0xe build/z1/contiki-ng-z1.a(uipbuf.o)
                0x0000b8ac                uipbuf_get_len_field
 .any.text.uipbuf_get_next_header
                0x0000b8ba       0x5a build/z1/contiki-ng-z1.a(uipbuf.o)
                0x0000b8ba                uipbuf_get_next_header
 .any.text.uipbuf_get_last_header
                0x0000b914       0x36 build/z1/contiki-ng-z1.a(uipbuf.o)
                0x0000b914                uipbuf_get_last_header
 .any.text.uipbuf_search_header
                0x0000b94a       0x46 build/z1/contiki-ng-z1.a(uipbuf.o)
                0x0000b94a                uipbuf_search_header
 .any.text.uipbuf_get_attr
                0x0000b990       0x14 build/z1/contiki-ng-z1.a(uipbuf.o)
                0x0000b990                uipbuf_get_attr
 .any.text.uipbuf_clear_attr
                0x0000b9a4       0x12 build/z1/contiki-ng-z1.a(uipbuf.o)
                0x0000b9a4                uipbuf_clear_attr
 .any.text.uipbuf_clear
                0x0000b9b6       0x12 build/z1/contiki-ng-z1.a(uipbuf.o)
                0x0000b9b6                uipbuf_clear
 .any.text.uipbuf_init
                0x0000b9c8       0x1a build/z1/contiki-ng-z1.a(uipbuf.o)
                0x0000b9c8                uipbuf_init
 .any.text.echo_reply_input
                0x0000b9e2       0x60 build/z1/contiki-ng-z1.a(uip-icmp6.o)
 .any.text.echo_request_input
                0x0000ba42       0x86 build/z1/contiki-ng-z1.a(uip-icmp6.o)
 .any.text.uip_icmp6_input
                0x0000bac8       0x44 build/z1/contiki-ng-z1.a(uip-icmp6.o)
                0x0000bac8                uip_icmp6_input
 .any.text.uip_icmp6_register_input_handler
                0x0000bb0c        0xc build/z1/contiki-ng-z1.a(uip-icmp6.o)
                0x0000bb0c                uip_icmp6_register_input_handler
 .any.text.uip_icmp6_error_output
                0x0000bb18      0x136 build/z1/contiki-ng-z1.a(uip-icmp6.o)
                0x0000bb18                uip_icmp6_error_output
 .any.text.uip_icmp6_send
                0x0000bc4e       0x82 build/z1/contiki-ng-z1.a(uip-icmp6.o)
                0x0000bc4e                uip_icmp6_send
 .any.text.uip_icmp6_init
                0x0000bcd0       0x12 build/z1/contiki-ng-z1.a(uip-icmp6.o)
                0x0000bcd0                uip_icmp6_init
 .any.text.node_matches_address.part.0
                0x0000bce2       0x2e build/z1/contiki-ng-z1.a(uip-sr.o)
 .any.text.uip_sr_num_nodes
                0x0000bd10        0x6 build/z1/contiki-ng-z1.a(uip-sr.o)
                0x0000bd10                uip_sr_num_nodes
 .any.text.uip_sr_get_node
                0x0000bd16       0x3c build/z1/contiki-ng-z1.a(uip-sr.o)
                0x0000bd16                uip_sr_get_node
 .any.text.uip_sr_is_addr_reachable
                0x0000bd52       0x4a build/z1/contiki-ng-z1.a(uip-sr.o)
                0x0000bd52                uip_sr_is_addr_reachable
 .any.text.uip_sr_expire_parent
                0x0000bd9c       0x3a build/z1/contiki-ng-z1.a(uip-sr.o)
                0x0000bd9c                uip_sr_expire_parent
 .any.text.uip_sr_update_node
                0x0000bdd6       0xac build/z1/contiki-ng-z1.a(uip-sr.o)
                0x0000bdd6                uip_sr_update_node
 .any.text.uip_sr_init
                0x0000be82       0x16 build/z1/contiki-ng-z1.a(uip-sr.o)
                0x0000be82                uip_sr_init
 .any.text.uip_sr_node_head
                0x0000be98        0xa build/z1/contiki-ng-z1.a(uip-sr.o)
                0x0000be98                uip_sr_node_head
 .any.text.uip_sr_node_next
                0x0000bea2        0x6 build/z1/contiki-ng-z1.a(uip-sr.o)
                0x0000bea2                uip_sr_node_next
 .any.text.uip_sr_periodic
                0x0000bea8       0x8a build/z1/contiki-ng-z1.a(uip-sr.o)
                0x0000bea8                uip_sr_periodic
 .any.text.uip_sr_free_all
                0x0000bf32       0x38 build/z1/contiki-ng-z1.a(uip-sr.o)
                0x0000bf32                uip_sr_free_all
 .any.text.uip_sr_link_snprint
                0x0000bf6a       0xc8 build/z1/contiki-ng-z1.a(uip-sr.o)
                0x0000bf6a                uip_sr_link_snprint
 .any.text.uip_udp_packet_send
                0x0000c032       0x2a build/z1/contiki-ng-z1.a(uip-udp-packet.)
                0x0000c032                uip_udp_packet_send
 .any.text.uip_udp_packet_sendto
                0x0000c05c       0x56 build/z1/contiki-ng-z1.a(uip-udp-packet.)
                0x0000c05c                uip_udp_packet_sendto
 .any.text.update_state
                0x0000c0b2       0x98 build/z1/contiki-ng-z1.a(rpl-nbr-policy.)
 .any.text.rpl_nbr_policy_find_removable
                0x0000c14a       0xd8 build/z1/contiki-ng-z1.a(rpl-nbr-policy.)
                0x0000c14a                rpl_nbr_policy_find_removable
 .any.text.max_acceptable_rank
                0x0000c222       0x26 build/z1/contiki-ng-z1.a(rpl-neighbor.o)
 .any.text.remove_neighbor
                0x0000c248       0x24 build/z1/contiki-ng-z1.a(rpl-neighbor.o)
 .any.text.rpl_neighbor_count
                0x0000c26c       0x2c build/z1/contiki-ng-z1.a(rpl-neighbor.o)
                0x0000c26c                rpl_neighbor_count
 .any.text.rpl_neighbor_get_from_lladdr
                0x0000c298        0xc build/z1/contiki-ng-z1.a(rpl-neighbor.o)
                0x0000c298                rpl_neighbor_get_from_lladdr
 .any.text.rpl_neighbor_is_acceptable_parent
                0x0000c2a4       0x18 build/z1/contiki-ng-z1.a(rpl-neighbor.o)
                0x0000c2a4                rpl_neighbor_is_acceptable_parent
 .any.text.rpl_neighbor_get_link_metric
                0x0000c2bc       0x18 build/z1/contiki-ng-z1.a(rpl-neighbor.o)
                0x0000c2bc                rpl_neighbor_get_link_metric
 .any.text.rpl_neighbor_rank_via_nbr
                0x0000c2d4       0x18 build/z1/contiki-ng-z1.a(rpl-neighbor.o)
                0x0000c2d4                rpl_neighbor_rank_via_nbr
 .any.text.rpl_neighbor_get_lladdr
                0x0000c2ec        0xc build/z1/contiki-ng-z1.a(rpl-neighbor.o)
                0x0000c2ec                rpl_neighbor_get_lladdr
 .any.text.rpl_neighbor_get_ipaddr
                0x0000c2f8        0xa build/z1/contiki-ng-z1.a(rpl-neighbor.o)
                0x0000c2f8                rpl_neighbor_get_ipaddr
 .any.text.rpl_neighbor_get_link_stats
                0x0000c302        0xa build/z1/contiki-ng-z1.a(rpl-neighbor.o)
                0x0000c302                rpl_neighbor_get_link_stats
 .any.text.rpl_neighbor_is_fresh
                0x0000c30c        0xa build/z1/contiki-ng-z1.a(rpl-neighbor.o)
                0x0000c30c                rpl_neighbor_is_fresh
 .any.text.best_parent
                0x0000c316       0x7e build/z1/contiki-ng-z1.a(rpl-neighbor.o)
 .any.text.rpl_neighbor_snprint
                0x0000c394      0x1da build/z1/contiki-ng-z1.a(rpl-neighbor.o)
                0x0000c394                rpl_neighbor_snprint
 .any.text.rpl_neighbor_print_list
                0x0000c56e      0x122 build/z1/contiki-ng-z1.a(rpl-neighbor.o)
                0x0000c56e                rpl_neighbor_print_list
 .any.text.rpl_neighbor_is_parent
                0x0000c690       0x18 build/z1/contiki-ng-z1.a(rpl-neighbor.o)
                0x0000c690                rpl_neighbor_is_parent
 .any.text.rpl_neighbor_set_preferred_parent
                0x0000c6a8       0xb8 build/z1/contiki-ng-z1.a(rpl-neighbor.o)
                0x0000c6a8                rpl_neighbor_set_preferred_parent
 .any.text.rpl_neighbor_remove_all
                0x0000c760       0x54 build/z1/contiki-ng-z1.a(rpl-neighbor.o)
                0x0000c760                rpl_neighbor_remove_all
 .any.text.rpl_neighbor_get_from_ipaddr
                0x0000c7b4       0x14 build/z1/contiki-ng-z1.a(rpl-neighbor.o)
                0x0000c7b4                rpl_neighbor_get_from_ipaddr
 .any.text.rpl_neighbor_select_best
                0x0000c7c8       0x9c build/z1/contiki-ng-z1.a(rpl-neighbor.o)
                0x0000c7c8                rpl_neighbor_select_best
 .any.text.rpl_neighbor_init
                0x0000c864        0xe build/z1/contiki-ng-z1.a(rpl-neighbor.o)
                0x0000c864                rpl_neighbor_init
 .any.text.init_dag
                0x0000c872       0xc8 build/z1/contiki-ng-z1.a(rpl-dag.o)
 .any.text.process_dio_init_dag
                0x0000c93a      0x1a4 build/z1/contiki-ng-z1.a(rpl-dag.o)
 .any.text.rpl_dag_state_to_str
                0x0000cade       0x12 build/z1/contiki-ng-z1.a(rpl-dag.o)
                0x0000cade                rpl_dag_state_to_str
 .any.text.rpl_dag_get_root_ipaddr
                0x0000caf0       0x1e build/z1/contiki-ng-z1.a(rpl-dag.o)
                0x0000caf0                rpl_dag_get_root_ipaddr
 .any.text.rpl_dag_leave
                0x0000cb0e       0x98 build/z1/contiki-ng-z1.a(rpl-dag.o)
                0x0000cb0e                rpl_dag_leave
 .any.text.rpl_dag_poison_and_leave
                0x0000cba6        0xc build/z1/contiki-ng-z1.a(rpl-dag.o)
                0x0000cba6                rpl_dag_poison_and_leave
 .any.text.rpl_dag_periodic
                0x0000cbb2       0xb6 build/z1/contiki-ng-z1.a(rpl-dag.o)
                0x0000cbb2                rpl_dag_periodic
 .any.text.rpl_is_addr_in_our_dag
                0x0000cc68       0x26 build/z1/contiki-ng-z1.a(rpl-dag.o)
                0x0000cc68                rpl_is_addr_in_our_dag
 .any.text.rpl_local_repair
                0x0000cc8e       0x56 build/z1/contiki-ng-z1.a(rpl-dag.o)
                0x0000cc8e                rpl_local_repair
 .any.text.rpl_global_repair
                0x0000cce4       0x74 build/z1/contiki-ng-z1.a(rpl-dag.o)
                0x0000cce4                rpl_global_repair
 .any.text.rpl_dag_ready_to_advertise
                0x0000cd58       0x22 build/z1/contiki-ng-z1.a(rpl-dag.o)
                0x0000cd58                rpl_dag_ready_to_advertise
 .any.text.rpl_dag_update_state
                0x0000cd7a      0x204 build/z1/contiki-ng-z1.a(rpl-dag.o)
                0x0000cd7a                rpl_dag_update_state
 .any.text.rpl_process_dio
                0x0000cf7e      0x344 build/z1/contiki-ng-z1.a(rpl-dag.o)
                0x0000cf7e                rpl_process_dio
 .any.text.rpl_process_dis
                0x0000d2c2       0x4e build/z1/contiki-ng-z1.a(rpl-dag.o)
                0x0000d2c2                rpl_process_dis
 .any.text.rpl_process_dao
                0x0000d310       0x8a build/z1/contiki-ng-z1.a(rpl-dag.o)
                0x0000d310                rpl_process_dao
 .any.text.rpl_process_dao_ack
                0x0000d39a       0x80 build/z1/contiki-ng-z1.a(rpl-dag.o)
                0x0000d39a                rpl_process_dao_ack
 .any.text.rpl_process_hbh
                0x0000d41a       0x26 build/z1/contiki-ng-z1.a(rpl-dag.o)
                0x0000d41a                rpl_process_hbh
 .any.text.rpl_dag_init_root
                0x0000d440       0xfe build/z1/contiki-ng-z1.a(rpl-dag.o)
                0x0000d440                rpl_dag_init_root
 .any.text.rpl_dag_init
                0x0000d53e       0x10 build/z1/contiki-ng-z1.a(rpl-dag.o)
                0x0000d53e                rpl_dag_init
 .any.text.handle_state_update
                0x0000d54e        0x6 build/z1/contiki-ng-z1.a(rpl-timers.o)
 .any.text.handle_leaving_timer
                0x0000d554        0xc build/z1/contiki-ng-z1.a(rpl-timers.o)
 .any.text.schedule_dao_retransmission
                0x0000d560       0x30 build/z1/contiki-ng-z1.a(rpl-timers.o)
 .any.text.new_dio_interval
                0x0000d590       0x86 build/z1/contiki-ng-z1.a(rpl-timers.o)
 .any.text.handle_unicast_dio_timer
                0x0000d616       0x12 build/z1/contiki-ng-z1.a(rpl-timers.o)
 .any.text.send_new_dao
                0x0000d628       0x28 build/z1/contiki-ng-z1.a(rpl-timers.o)
 .any.text.resend_dao
                0x0000d650       0x24 build/z1/contiki-ng-z1.a(rpl-timers.o)
 .any.text.handle_dao_ack_timer
                0x0000d674       0x12 build/z1/contiki-ng-z1.a(rpl-timers.o)
 .any.text.handle_dio_timer
                0x0000d686       0x6e build/z1/contiki-ng-z1.a(rpl-timers.o)
 .any.text.rpl_timers_schedule_periodic_dis
                0x0000d6f4       0x3c build/z1/contiki-ng-z1.a(rpl-timers.o)
                0x0000d6f4                rpl_timers_schedule_periodic_dis
 .any.text.handle_periodic_timer
                0x0000d730       0x52 build/z1/contiki-ng-z1.a(rpl-timers.o)
 .any.text.handle_dis_timer
                0x0000d782       0x26 build/z1/contiki-ng-z1.a(rpl-timers.o)
 .any.text.rpl_timers_dio_reset
                0x0000d7a8       0x5c build/z1/contiki-ng-z1.a(rpl-timers.o)
                0x0000d7a8                rpl_timers_dio_reset
 .any.text.rpl_timers_schedule_unicast_dio
                0x0000d804       0x20 build/z1/contiki-ng-z1.a(rpl-timers.o)
                0x0000d804                rpl_timers_schedule_unicast_dio
 .any.text.rpl_timers_schedule_dao
                0x0000d824       0x38 build/z1/contiki-ng-z1.a(rpl-timers.o)
                0x0000d824                rpl_timers_schedule_dao
 .any.text.rpl_timers_schedule_dao_ack
                0x0000d85c       0x34 build/z1/contiki-ng-z1.a(rpl-timers.o)
                0x0000d85c                rpl_timers_schedule_dao_ack
 .any.text.rpl_timers_notify_dao_ack
                0x0000d890       0x7e build/z1/contiki-ng-z1.a(rpl-timers.o)
                0x0000d890                rpl_timers_notify_dao_ack
 .any.text.get_probing_delay
                0x0000d90e       0x1c build/z1/contiki-ng-z1.a(rpl-timers.o)
                0x0000d90e                get_probing_delay
 .any.text.get_probing_target
                0x0000d92a       0xda build/z1/contiki-ng-z1.a(rpl-timers.o)
                0x0000d92a                get_probing_target
 .any.text.rpl_schedule_probing
                0x0000da04       0x20 build/z1/contiki-ng-z1.a(rpl-timers.o)
                0x0000da04                rpl_schedule_probing
 .any.text.handle_probing_timer
                0x0000da24       0xc6 build/z1/contiki-ng-z1.a(rpl-timers.o)
 .any.text.rpl_schedule_probing_now
                0x0000daea       0x24 build/z1/contiki-ng-z1.a(rpl-timers.o)
                0x0000daea                rpl_schedule_probing_now
 .any.text.rpl_timers_unschedule_leaving
                0x0000db0e       0x1c build/z1/contiki-ng-z1.a(rpl-timers.o)
                0x0000db0e                rpl_timers_unschedule_leaving
 .any.text.rpl_timers_schedule_leaving
                0x0000db2a       0x2a build/z1/contiki-ng-z1.a(rpl-timers.o)
                0x0000db2a                rpl_timers_schedule_leaving
 .any.text.rpl_timers_init
                0x0000db54       0x1c build/z1/contiki-ng-z1.a(rpl-timers.o)
                0x0000db54                rpl_timers_init
 .any.text.rpl_timers_stop_dag_timers
                0x0000db70       0x4c build/z1/contiki-ng-z1.a(rpl-timers.o)
                0x0000db70                rpl_timers_stop_dag_timers
 .any.text.rpl_timers_unschedule_state_update
                0x0000dbbc       0x10 build/z1/contiki-ng-z1.a(rpl-timers.o)
                0x0000dbbc                rpl_timers_unschedule_state_update
 .any.text.rpl_timers_schedule_state_update
                0x0000dbcc       0x1c build/z1/contiki-ng-z1.a(rpl-timers.o)
                0x0000dbcc                rpl_timers_schedule_state_update
 .any.text.update_hbh_header
                0x0000dbe8       0x98 build/z1/contiki-ng-z1.a(rpl-ext-header.)
 .any.text.rpl_ext_header_srh_get_next_hop
                0x0000dc80       0xa0 build/z1/contiki-ng-z1.a(rpl-ext-header.)
                0x0000dc80                rpl_ext_header_srh_get_next_hop
 .any.text.rpl_ext_header_srh_update
                0x0000dd20      0x1f2 build/z1/contiki-ng-z1.a(rpl-ext-header.)
                0x0000dd20                rpl_ext_header_srh_update
 .any.text.rpl_ext_header_hbh_update
                0x0000df12      0x1b0 build/z1/contiki-ng-z1.a(rpl-ext-header.)
                0x0000df12                rpl_ext_header_hbh_update
 .any.text.rpl_ext_header_remove
                0x0000e0c2       0xc0 build/z1/contiki-ng-z1.a(rpl-ext-header.)
                0x0000e0c2                rpl_ext_header_remove
 .any.text.update_metric_container
                0x0000e182        0x6 build/z1/contiki-ng-z1.a(rpl-mrhof.o)
 .any.text.nbr_link_metric
                0x0000e188       0x12 build/z1/contiki-ng-z1.a(rpl-mrhof.o)
 .any.text.nbr_has_usable_link
                0x0000e19a       0x14 build/z1/contiki-ng-z1.a(rpl-mrhof.o)
 .any.text.nbr_path_cost
                0x0000e1ae       0x34 build/z1/contiki-ng-z1.a(rpl-mrhof.o)
 .any.text.within_hysteresis
                0x0000e1e2       0x4c build/z1/contiki-ng-z1.a(rpl-mrhof.o)
 .any.text.nbr_is_acceptable_parent
                0x0000e22e       0x28 build/z1/contiki-ng-z1.a(rpl-mrhof.o)
 .any.text.rank_via_nbr
                0x0000e256       0x40 build/z1/contiki-ng-z1.a(rpl-mrhof.o)
 .any.text.reset
                0x0000e296       0x26 build/z1/contiki-ng-z1.a(rpl-mrhof.o)

.rodata         0x0000e2bc     0x1b8d
                0x0000e2bc                . = ALIGN (0x2)
 *(.rodata .rodata.* .gnu.linkonce.r.*)
 .rodata.udp_rx_callback
                0x0000e2bc       0x2f broker.o
 *fill*         0x0000e2eb        0x1 00
 .rodata.autostart_processes
                0x0000e2ec        0x4 broker.o
                0x0000e2ec                autostart_processes
 .rodata        0x0000e2f0        0xb broker.o
 .rodata.process_thread_ackThread
                0x0000e2fb       0x61 build/z1/obj/../SBVK.o
 .rodata.qosThread
                0x0000e35c       0x1a build/z1/obj/../SBVK.o
 .rodata.hello  0x0000e376       0x4f build/z1/obj/../SBVK.o
 .rodata.connect
                0x0000e3c5       0x20 build/z1/obj/../SBVK.o
 .rodata.connACK
                0x0000e3e5       0x20 build/z1/obj/../SBVK.o
 .rodata.disconnect
                0x0000e405       0x26 build/z1/obj/../SBVK.o
 .rodata.pubACK
                0x0000e42b        0x1 build/z1/obj/../SBVK.o
 .rodata.pingreq
                0x0000e42c       0x2c build/z1/obj/../SBVK.o
 .rodata.process_thread_wait_ping_process
                0x0000e458       0x30 build/z1/obj/../SBVK.o
 .rodata.pingresp
                0x0000e488       0x36 build/z1/obj/../SBVK.o
 *fill*         0x0000e4be        0x2 00
 .rodata.handleMessage
                0x0000e4c0      0x1cc build/z1/obj/../SBVK.o
 .rodata        0x0000e68c       0x16 build/z1/obj/../SBVK.o
 .rodata        0x0000e6a2       0xf3 build/z1/obj/contiki-main.o
 .rodata.platform_init_stage_three
                0x0000e795       0x30 build/z1/contiki-ng-z1.a(platform.o)
 .rodata        0x0000e7c5        0xf build/z1/contiki-ng-z1.a(ctimer.o)
 .rodata        0x0000e7d4        0xc build/z1/contiki-ng-z1.a(etimer.o)
 .rodata.log_6addr
                0x0000e7e0        0x3 build/z1/contiki-ng-z1.a(log.o)
 .rodata.log_lladdr
                0x0000e7e3       0x14 build/z1/contiki-ng-z1.a(log.o)
 .rodata.process_thread_stack_check_process
                0x0000e7f7       0x5e build/z1/contiki-ng-z1.a(stack-check.o)
 .rodata        0x0000e855        0xc build/z1/contiki-ng-z1.a(stack-check.o)
 *fill*         0x0000e861        0x1 00
 .rodata.linkaddr_null
                0x0000e862        0x8 build/z1/contiki-ng-z1.a(linkaddr.o)