Archive member included because of file (symbol)

build/z1/contiki-ng-z1.a(uart0-putchar.o)
                              sensor.o (putchar)
build/z1/contiki-ng-z1.a(platform.o)
                              build/z1/obj/contiki-main.o (platform_init_stage_one)
build/z1/contiki-ng-z1.a(msp430.o)
                              build/z1/contiki-ng-z1.a(platform.o) (msp430_dco_required)
build/z1/contiki-ng-z1.a(clock.o)
                              build/z1/obj/contiki-main.o (clock_init)
build/z1/contiki-ng-z1.a(watchdog.o)
                              build/z1/obj/contiki-main.o (watchdog_start)
build/z1/contiki-ng-z1.a(autostart.o)
                              build/z1/obj/contiki-main.o (autostart_start)
build/z1/contiki-ng-z1.a(log.o)
                              sensor.o (log_6addr)
build/z1/contiki-ng-z1.a(energest.o)
                              build/z1/obj/contiki-main.o (energest_init)
build/z1/contiki-ng-z1.a(etimer.o)
                              build/z1/contiki-ng-z1.a(clock.o) (etimer_request_poll)
build/z1/contiki-ng-z1.a(node-id.o)
                              build/z1/obj/contiki-main.o (node_id_init)
build/z1/contiki-ng-z1.a(ctimer.o)
                              build/z1/obj/contiki-main.o (ctimer_init)
build/z1/contiki-ng-z1.a(process.o)
                              build/z1/contiki-ng-z1.a(etimer.o) (process_current)
build/z1/contiki-ng-z1.a(rtimer.o)
                              build/z1/obj/contiki-main.o (rtimer_init)
build/z1/contiki-ng-z1.a(timer.o)
                              build/z1/contiki-ng-z1.a(platform.o) (timer_set)
build/z1/contiki-ng-z1.a(stack-check.o)
                              build/z1/obj/contiki-main.o (stack_check_init)
build/z1/contiki-ng-z1.a(list.o)
                              build/z1/contiki-ng-z1.a(ctimer.o) (list_init)
build/z1/contiki-ng-z1.a(random.o)
                              build/z1/contiki-ng-z1.a(platform.o) (random_init)
build/z1/contiki-ng-z1.a(queuebuf.o)
                              build/z1/obj/contiki-main.o (queuebuf_init)
build/z1/contiki-ng-z1.a(packetbuf.o)
                              build/z1/contiki-ng-z1.a(queuebuf.o) (packetbuf_copyto)
build/z1/contiki-ng-z1.a(netstack.o)
                              build/z1/obj/contiki-main.o (netstack_init)
build/z1/contiki-ng-z1.a(linkaddr.o)
                              build/z1/contiki-ng-z1.a(platform.o) (linkaddr_copy)
build/z1/contiki-ng-z1.a(csma.o)
                              build/z1/obj/contiki-main.o (csma_driver)
build/z1/contiki-ng-z1.a(csma-output.o)
                              build/z1/contiki-ng-z1.a(csma.o) (csma_output_packet)
build/z1/contiki-ng-z1.a(uip-ds6.o)
                              build/z1/obj/contiki-main.o (uip_ds6_get_link_local)
build/z1/contiki-ng-z1.a(uip-ds6-route.o)
                              build/z1/contiki-ng-z1.a(uip-ds6.o) (uip_ds6_route_init)
build/z1/contiki-ng-z1.a(uip-ds6-nbr.o)
                              build/z1/contiki-ng-z1.a(uip-ds6.o) (uip_ds6_neighbors_init)
build/z1/contiki-ng-z1.a(tcpip.o)
                              build/z1/obj/contiki-main.o (tcpip_process)
build/z1/contiki-ng-z1.a(uip6.o)
                              build/z1/contiki-ng-z1.a(tcpip.o) (uip_aligned_buf)
build/z1/contiki-ng-z1.a(uip-nd6.o)
                              build/z1/contiki-ng-z1.a(uip6.o) (uip_nd6_init)
build/z1/contiki-ng-z1.a(simple-udp.o)
                              build/z1/obj/../SBVK.o (simple_udp_sendto)
build/z1/contiki-ng-z1.a(sicslowpan.o)
                              build/z1/obj/contiki-main.o (sicslowpan_driver)
build/z1/contiki-ng-z1.a(uiplib.o)
                              build/z1/contiki-ng-z1.a(log.o) (uiplib_ipaddr_snprint)
build/z1/contiki-ng-z1.a(rpl.o)
                              sensor.o (rpl_lite_driver)
build/z1/contiki-ng-z1.a(rpl-dag-root.o)
                              build/z1/contiki-ng-z1.a(rpl.o) (rpl_dag_root_set_prefix)
build/z1/contiki-ng-z1.a(contiki-z1-plat)
                              build/z1/contiki-ng-z1.a(platform.o) (init_platform)
build/z1/contiki-ng-z1.a(leds.o)
                              build/z1/contiki-ng-z1.a(platform.o) (leds_init)
build/z1/contiki-ng-z1.a(xmem.o)
                              build/z1/contiki-ng-z1.a(platform.o) (xmem_init)
build/z1/contiki-ng-z1.a(spi-legacy.o)
                              build/z1/contiki-ng-z1.a(xmem.o) (spi_init)
build/z1/contiki-ng-z1.a(cc2420.o)
                              build/z1/contiki-ng-z1.a(platform.o) (cc2420_set_pan_addr)
build/z1/contiki-ng-z1.a(cc2420-arch.o)
                              build/z1/contiki-ng-z1.a(cc2420.o) (cc2420_arch_init)
build/z1/contiki-ng-z1.a(node-id-z1.o)
                              build/z1/contiki-ng-z1.a(platform.o) (node_id_z1_restore)
build/z1/contiki-ng-z1.a(sensors.o)
                              build/z1/contiki-ng-z1.a(contiki-z1-plat) (sensors_process)
build/z1/contiki-ng-z1.a(uart0.o)
                              build/z1/contiki-ng-z1.a(platform.o) (uart0_active)
[...]
Memory Configuration

Name             Origin             Length             Attributes
sfr              0x00000000         0x00000010
peripheral_8bit  0x00000010         0x000000f0
peripheral_16bit 0x00000100         0x00000100
ram_mirror       0x00000200         0x00000800         xw
infomem          0x00001000         0x00000100
infod            0x00001000         0x00000040
infoc            0x00001040         0x00000040
infob            0x00001080         0x00000040
infoa            0x000010c0         0x00000040
ram              0x00001100         0x00002000         xw
rom              0x00003100         0x0000cebe         xr
vectors          0x0000ffc0         0x00000040
far_rom          0x00010000         0x0000a000
bsl              0x00000000         0x00000000
ram2             0x00000000         0x00000000         xw
usbram           0x00000000         0x00000000         xw
*default*        0x00000000         0xffffffff

Linker script and memory map

LOAD /usr/local/bin/../lib/gcc/msp430/4.7.2/mcpu-430x/mmpy-16/msr20/mc20/crt0ivtbl32.o
                0x00000041                __P1SEL2 = 0x41
                0x00000045                __P5SEL2 = 0x45
                0x00002972                _stack = _end
LOAD sensor.o
LOAD build/z1/obj/../SBVK.o
LOAD build/z1/obj/contiki-main.o
LOAD build/z1/contiki-ng-z1.a
LOAD /usr/local/bin/../lib/gcc/msp430/4.7.2/mcpu-430x/mmpy-16/msr20/mc20/libgcc.a
LOAD /usr/local/bin/../lib/gcc/msp430/4.7.2/../../../../msp430/lib/mcpu-430x/mmpy-16/msr20/mc20/libc.a
LOAD /usr/local/bin/../lib/gcc/msp430/4.7.2/mcpu-430x/mmpy-16/msr20/mc20/libgcc.a
LOAD /usr/local/bin/../lib/gcc/msp430/4.7.2/mcpu-430x/mmpy-16/msr20/mc20/libcrt0.a
                0x00000040                PROVIDE (__info_segment_size, 0x40)
                0x00001000                PROVIDE (__infod, 0x1000)
                0x00001040                PROVIDE (__infoc, 0x1040)
                0x00001080                PROVIDE (__infob, 0x1080)
                0x000010c0                PROVIDE (__infoa, 0x10c0)
                0x00000000                __IE1 = 0x0
                0x00000002                __IFG1 = 0x2
                0x00000001                __IE2 = 0x1
                0x00000003                __IFG2 = 0x3
                0x00000006                __UC1IE = 0x6
                0x00000007                __UC1IFG = 0x7
                0x000001a0                __ADC12CTL0 = 0x1a0
                0x000001a2                __ADC12CTL1 = 0x1a2
                0x000001a4                __ADC12IFG = 0x1a4
                0x000001a6                __ADC12IE = 0x1a6
                0x000001a8                __ADC12IV = 0x1a8
                0x00000140                __ADC12MEM0 = 0x140
                0x00000142                __ADC12MEM1 = 0x142
                0x00000144                __ADC12MEM2 = 0x144
                0x00000146                __ADC12MEM3 = 0x146
                0x00000148                __ADC12MEM4 = 0x148
                0x0000014a                __ADC12MEM5 = 0x14a
                0x0000014c                __ADC12MEM6 = 0x14c
                0x0000014e                __ADC12MEM7 = 0x14e
                0x00000150                __ADC12MEM8 = 0x150
                0x00000152                __ADC12MEM9 = 0x152
                0x00000154                __ADC12MEM10 = 0x154
                0x00000156                __ADC12MEM11 = 0x156
                0x00000158                __ADC12MEM12 = 0x158
                0x0000015a                __ADC12MEM13 = 0x15a
                0x0000015c                __ADC12MEM14 = 0x15c
                0x0000015e                __ADC12MEM15 = 0x15e
                0x00000080                __ADC12MCTL0 = 0x80
                0x00000081                __ADC12MCTL1 = 0x81
                0x00000082                __ADC12MCTL2 = 0x82
                0x00000083                __ADC12MCTL3 = 0x83
                0x00000084                __ADC12MCTL4 = 0x84
                0x00000085                __ADC12MCTL5 = 0x85
                0x00000086                __ADC12MCTL6 = 0x86
                0x00000087                __ADC12MCTL7 = 0x87
                0x00000088                __ADC12MCTL8 = 0x88
                0x00000089                __ADC12MCTL9 = 0x89
                0x0000008a                __ADC12MCTL10 = 0x8a
                0x0000008b                __ADC12MCTL11 = 0x8b
                0x0000008c                __ADC12MCTL12 = 0x8c
                0x0000008d                __ADC12MCTL13 = 0x8d
                0x0000008e                __ADC12MCTL14 = 0x8e
                0x0000008f                __ADC12MCTL15 = 0x8f
                0x00000056                __DCOCTL = 0x56
                0x00000057                __BCSCTL1 = 0x57
                0x00000058                __BCSCTL2 = 0x58
                0x00000053                __BCSCTL3 = 0x53
                0x00000059                __CACTL1 = 0x59
                0x0000005a                __CACTL2 = 0x5a
                0x0000005b                __CAPD = 0x5b
                0x000001c0                __DAC12_0CTL = 0x1c0
                0x000001c2                __DAC12_1CTL = 0x1c2
                0x000001c8                __DAC12_0DAT = 0x1c8
                0x000001ca                __DAC12_1DAT = 0x1ca
                0x00000122                __DMACTL0 = 0x122
                0x00000124                __DMACTL1 = 0x124
                0x00000126                __DMAIV = 0x126
                0x000001d0                __DMA0CTL = 0x1d0
                0x000001dc                __DMA1CTL = 0x1dc
                0x000001e8                __DMA2CTL = 0x1e8
                0x000001d2                __DMA0SA = 0x1d2
                0x000001d2                __DMA0SAL = 0x1d2
                0x000001d6                __DMA0DA = 0x1d6
                0x000001d6                __DMA0DAL = 0x1d6
                0x000001da                __DMA0SZ = 0x1da
                0x000001de                __DMA1SA = 0x1de
                0x000001de                __DMA1SAL = 0x1de
                0x000001e2                __DMA1DA = 0x1e2
                0x000001e2                __DMA1DAL = 0x1e2
                0x000001e6                __DMA1SZ = 0x1e6
                0x000001ea                __DMA2SA = 0x1ea
                0x000001ea                __DMA2SAL = 0x1ea
                0x000001ee                __DMA2DA = 0x1ee
                0x000001ee                __DMA2DAL = 0x1ee
                0x000001f2                __DMA2SZ = 0x1f2
                0x00000128                __FCTL1 = 0x128
                0x0000012a                __FCTL2 = 0x12a
                0x0000012c                __FCTL3 = 0x12c
                0x000001be                __FCTL4 = 0x1be
                0x00000130                __MPY = 0x130
                0x00000132                __MPYS = 0x132
                0x00000134                __MAC = 0x134
                0x00000136                __MACS = 0x136
                0x00000138                __OP2 = 0x138
                0x0000013a                __RESLO = 0x13a
                0x0000013c                __RESHI = 0x13c
                0x0000013e                __SUMEXT = 0x13e
                0x00000020                __P1IN = 0x20
                0x00000021                __P1OUT = 0x21
                0x00000022                __P1DIR = 0x22
                0x00000023                __P1IFG = 0x23
                0x00000024                __P1IES = 0x24
                0x00000025                __P1IE = 0x25
                0x00000026                __P1SEL = 0x26
                0x00000027                __P1REN = 0x27
                0x00000028                __P2IN = 0x28
                0x00000029                __P2OUT = 0x29
                0x0000002a                __P2DIR = 0x2a
                0x0000002b                __P2IFG = 0x2b
                0x0000002c                __P2IES = 0x2c
                0x0000002d                __P2IE = 0x2d
                0x0000002e                __P2SEL = 0x2e
                0x0000002f                __P2REN = 0x2f
                0x00000018                __P3IN = 0x18
                0x00000019                __P3OUT = 0x19
                0x0000001a                __P3DIR = 0x1a
                0x0000001b                __P3SEL = 0x1b
                0x00000010                __P3REN = 0x10
                0x0000001c                __P4IN = 0x1c
                0x0000001d                __P4OUT = 0x1d
                0x0000001e                __P4DIR = 0x1e
                0x0000001f                __P4SEL = 0x1f
                0x00000011                __P4REN = 0x11
                0x00000030                __P5IN = 0x30
                0x00000031                __P5OUT = 0x31
                0x00000032                __P5DIR = 0x32
                0x00000033                __P5SEL = 0x33
                0x00000012                __P5REN = 0x12
                0x00000034                __P6IN = 0x34
                0x00000035                __P6OUT = 0x35
                0x00000036                __P6DIR = 0x36
                0x00000037                __P6SEL = 0x37
                0x00000013                __P6REN = 0x13
                0x00000038                __P7IN = 0x38
                0x0000003a                __P7OUT = 0x3a
                0x0000003c                __P7DIR = 0x3c
                0x0000003e                __P7SEL = 0x3e
                0x00000014                __P7REN = 0x14
                0x00000039                __P8IN = 0x39
                0x0000003b                __P8OUT = 0x3b
                0x0000003d                __P8DIR = 0x3d
                0x0000003f                __P8SEL = 0x3f
                0x00000015                __P8REN = 0x15
                0x00000038                __PAIN = 0x38
                0x0000003a                __PAOUT = 0x3a
                0x0000003c                __PADIR = 0x3c
                0x0000003e                __PASEL = 0x3e
                0x00000014                __PAREN = 0x14
                0x00000055                __SVSCTL = 0x55
                0x0000012e                __TAIV = 0x12e
                0x00000160                __TACTL = 0x160
                0x00000162                __TACCTL0 = 0x162
                0x00000164                __TACCTL1 = 0x164
                0x00000166                __TACCTL2 = 0x166
                0x00000170                __TAR = 0x170
                0x00000172                __TACCR0 = 0x172
                0x00000174                __TACCR1 = 0x174
                0x00000176                __TACCR2 = 0x176
                0x0000011e                __TBIV = 0x11e
                0x00000180                __TBCTL = 0x180
                0x00000182                __TBCCTL0 = 0x182
                0x00000184                __TBCCTL1 = 0x184
                0x00000186                __TBCCTL2 = 0x186
                0x00000188                __TBCCTL3 = 0x188
                0x0000018a                __TBCCTL4 = 0x18a
                0x0000018c                __TBCCTL5 = 0x18c
                0x0000018e                __TBCCTL6 = 0x18e
                0x00000190                __TBR = 0x190
                0x00000192                __TBCCR0 = 0x192
                0x00000194                __TBCCR1 = 0x194
                0x00000196                __TBCCR2 = 0x196
                0x00000198                __TBCCR3 = 0x198
                0x0000019a                __TBCCR4 = 0x19a
                0x0000019c                __TBCCR5 = 0x19c
                0x0000019e                __TBCCR6 = 0x19e
                0x00000060                __UCA0CTL0 = 0x60
                0x00000061                __UCA0CTL1 = 0x61
                0x00000062                __UCA0BR0 = 0x62
                0x00000063                __UCA0BR1 = 0x63
                0x00000064                __UCA0MCTL = 0x64
                0x00000065                __UCA0STAT = 0x65
                0x00000066                __UCA0RXBUF = 0x66
                0x00000067                __UCA0TXBUF = 0x67
                0x0000005d                __UCA0ABCTL = 0x5d
                0x0000005e                __UCA0IRTCTL = 0x5e
                0x0000005f                __UCA0IRRCTL = 0x5f
                0x00000068                __UCB0CTL0 = 0x68
                0x00000069                __UCB0CTL1 = 0x69
                0x0000006a                __UCB0BR0 = 0x6a
                0x0000006b                __UCB0BR1 = 0x6b
                0x0000006c                __UCB0I2CIE = 0x6c
                0x0000006d                __UCB0STAT = 0x6d
                0x0000006e                __UCB0RXBUF = 0x6e
                0x0000006f                __UCB0TXBUF = 0x6f
                0x00000118                __UCB0I2COA = 0x118
                0x0000011a                __UCB0I2CSA = 0x11a
                0x000000d0                __UCA1CTL0 = 0xd0
                0x000000d1                __UCA1CTL1 = 0xd1
                0x000000d2                __UCA1BR0 = 0xd2
                0x000000d3                __UCA1BR1 = 0xd3
                0x000000d4                __UCA1MCTL = 0xd4
                0x000000d5                __UCA1STAT = 0xd5
                0x000000d6                __UCA1RXBUF = 0xd6
                0x000000d7                __UCA1TXBUF = 0xd7
                0x000000cd                __UCA1ABCTL = 0xcd
                0x000000ce                __UCA1IRTCTL = 0xce
                0x000000cf                __UCA1IRRCTL = 0xcf
                0x000000d8                __UCB1CTL0 = 0xd8
                0x000000d9                __UCB1CTL1 = 0xd9
                0x000000da                __UCB1BR0 = 0xda
                0x000000db                __UCB1BR1 = 0xdb
                0x000000dc                __UCB1I2CIE = 0xdc
                0x000000dd                __UCB1STAT = 0xdd
                0x000000de                __UCB1RXBUF = 0xde
                0x000000df                __UCB1TXBUF = 0xdf
                0x0000017c                __UCB1I2COA = 0x17c
                0x0000017e                __UCB1I2CSA = 0x17e
                0x00000120                __WDTCTL = 0x120
                0x000010c0                __TLV_CHECKSUM = 0x10c0
                0x000010f6                __TLV_DCO_30_TAG = 0x10f6
                0x000010f7                __TLV_DCO_30_LEN = 0x10f7
                0x000010da                __TLV_ADC12_1_TAG = 0x10da
                0x000010db                __TLV_ADC12_1_LEN = 0x10db
                0x000010f8                __CALDCO_16MHZ = 0x10f8
                0x000010f9                __CALBC1_16MHZ = 0x10f9
                0x000010fa                __CALDCO_12MHZ = 0x10fa
                0x000010fb                __CALBC1_12MHZ = 0x10fb
                0x000010fc                __CALDCO_8MHZ = 0x10fc
                0x000010fd                __CALBC1_8MHZ = 0x10fd
                0x000010fe                __CALDCO_1MHZ = 0x10fe
                0x000010ff                __CALBC1_1MHZ = 0x10ff

.hash
 *(.hash)

.dynsym
 *(.dynsym)

.dynstr
 *(.dynstr)

.gnu.version
 *(.gnu.version)

.gnu.version_d
 *(.gnu.version_d)

.gnu.version_r
 *(.gnu.version_r)

.rel.init
 *(.rel.init)

.rela.init
 *(.rela.init)

.rel.fini
 *(.rel.fini)

.rela.fini
 *(.rela.fini)

.rel.text
 *(.rel.text .rel.text.* .rel.gnu.linkonce.t.*)

.rela.text
 *(.rela.text .rela.text.* .rela.gnu.linkonce.t.*)

.rel.rodata
 *(.rel.rodata .rel.rodata.* .rel.gnu.linkonce.r.*)

.rela.rodata
 *(.rela.rodata .rela.rodata.* .rela.gnu.linkonce.r.*)

.rel.data
 *(.rel.data .rel.data.* .rel.gnu.linkonce.d.*)

.rela.data
 *(.rela.data .rela.data.* .rela.gnu.linkonce.d.*)

.rel.bss
 *(.rel.bss .rel.bss.* .rel.gnu.linkonce.b.*)

.rela.bss
 *(.rela.bss .rela.bss.* .rela.gnu.linkonce.b.*)

.rel.ctors
 *(.rel.ctors)

.rela.ctors
 *(.rela.ctors)

.rel.dtors
 *(.rel.dtors)

.rela.dtors
 *(.rela.dtors)

.rel.got
 *(.rel.got)

.rela.got
 *(.rela.got)

.rel.plt
 *(.rel.plt)

.rela.plt
 *(.rela.plt)

.text           0x00003100     0xb446
                0x00003100                . = ALIGN (0x2)
 *(.init .init.*)
 *(.init0)
 .init0         0x00003100        0x0 /usr/local/bin/../lib/gcc/msp430/4.7.2/mcpu-430x/mmpy-16/msr20/mc20/libcrt0.a(_reset_vector__.o)
                0x00003100                _reset_vector__
 *(.init1)
 .init1         0x00003100        0xc /usr/local/bin/../lib/gcc/msp430/4.7.2/mcpu-430x/mmpy-16/msr20/mc20/libcrt0.a(__watchdog_support.o)
                0x00003100                __watchdog_support
 *(.init2)
 .init2         0x0000310c        0x4 /usr/local/bin/../lib/gcc/msp430/4.7.2/mcpu-430x/mmpy-16/msr20/mc20/libcrt0.a(__init_stack.o)
                0x0000310c                __init_stack
 *(.init3)
 .init3         0x00003110        0x0 /usr/local/bin/../lib/gcc/msp430/4.7.2/mcpu-430x/mmpy-16/msr20/mc20/libcrt0.a(__low_level_init.o)
                0x00003110                __low_level_init
 *(.init4)
 .init4         0x00003110       0x18 /usr/local/bin/../lib/gcc/msp430/4.7.2/mcpu-430x/mmpy-16/msr20/mc20/libcrt0.a(_copy_data.o)
                0x00003110                __do_copy_data
 .init4         0x00003128       0x16 /usr/local/bin/../lib/gcc/msp430/4.7.2/mcpu-430x/mmpy-16/msr20/mc20/libcrt0.a(_clear_bss.o)
                0x00003128                __do_clear_bss
 *(.init5)
 *(.init6)
 *(.init7)
 *(.init8)
 *(.init9)
 .init9         0x0000313e      0x232 build/z1/obj/contiki-main.o
                0x0000313e                main
 *(.fini9)
 .fini9         0x00003370        0x0 /usr/local/bin/../lib/gcc/msp430/4.7.2/mcpu-430x/mmpy-16/msr20/mc20/libcrt0.a(__stop_progExec__.o)
                0x00003370                __stop_progExec__
 *(.fini8)
 *(.fini7)
 *(.fini6)
 *(.fini5)
 *(.fini4)
 *(.fini3)
 *(.fini2)
 *(.fini1)
 *(.fini0)
 .fini0         0x00003370        0x6 /usr/local/bin/../lib/gcc/msp430/4.7.2/mcpu-430x/mmpy-16/msr20/mc20/libcrt0.a(_endless_loop__.o)
                0x00003370                _endless_loop__
 *(.fini .fini.*)
                0x00003376                . = ALIGN (0x2)
                0x00003376                __ctors_start = .
 *(.ctors)
                0x00003376                __ctors_end = .
                0x00003376                __dtors_start = .
 *(.dtors)
                0x00003376                __dtors_end = .
                0x00003376                . = ALIGN (0x2)
 *(.text .text.* .gnu.linkonce.t.*)
 .text          0x00003376        0x4 /usr/local/bin/../lib/gcc/msp430/4.7.2/mcpu-430x/mmpy-16/msr20/mc20/crt0ivtbl32.o
                0x00003376                __isr_14
                0x00003376                __isr_4
                0x00003376                __isr_29
                0x00003376                __isr_11
                0x00003376                __isr_5
                0x00003376                __isr_2
                0x00003376                __isr_10
                0x00003376                __isr_7
                0x00003376                __isr_0
                0x00003376                __isr_28
                0x00003376                __isr_8
                0x00003376                __isr_20
                0x00003376                __isr_3
                0x00003376                __isr_12
                0x00003376                __isr_13
                0x00003376                __isr_27
                0x00003376                __isr_9
                0x00003376                __isr_30
                0x00003376                __isr_6
                0x00003376                __isr_22
                0x00003376                __isr_1
                0x00003376                __isr_15
                0x00003376                __isr_21
 .text.libgcc   0x0000337a       0x26 /usr/local/bin/../lib/gcc/msp430/4.7.2/mcpu-430x/mmpy-16/msr20/mc20/libgcc.a(_mulsi3.o)
                0x0000337a                __mulsi3
 .text.libgcc   0x000033a0       0x22 /usr/local/bin/../lib/gcc/msp430/4.7.2/mcpu-430x/mmpy-16/msr20/mc20/libgcc.a(_udivmod16.o)
                0x000033a0                __udivhi3
                0x000033a0                __ext_udivmod16
                0x000033ba                __umodhi3
 .text.libgcc   0x000033c2       0x3a /usr/local/bin/../lib/gcc/msp430/4.7.2/mcpu-430x/mmpy-16/msr20/mc20/libgcc.a(_divmod16.o)
                0x000033c2                __ext_divmod16
                0x000033c2                __divhi3
                0x000033f4                __modhi3
 .text.libgcc   0x000033fc       0x38 /usr/local/bin/../lib/gcc/msp430/4.7.2/mcpu-430x/mmpy-16/msr20/mc20/libgcc.a(_udivmod32.o)
                0x000033fc                __udivsi3
                0x000033fc                __ext_udivmod32
                0x0000342a                __umodsi3
 .text.libgcc   0x00003434       0x4c /usr/local/bin/../lib/gcc/msp430/4.7.2/mcpu-430x/mmpy-16/msr20/mc20/libgcc.a(_divmod32.o)
                0x00003434                __ext_divmod32
                0x00003434                __divsi3
                0x00003476                __modsi3
 .text.libgcc   0x00003480       0xbc /usr/local/bin/../lib/gcc/msp430/4.7.2/mcpu-430x/mmpy-16/msr20/mc20/libgcc.a(_udivmod64.o)
                0x00003480                __xabi_udivmod64
                0x000034d2                __udivdi3
                0x000034ec                __umoddi3
                0x0000350e                __udivmoddi4
 .text.crt0     0x0000353c        0x2 /usr/local/bin/../lib/gcc/msp430/4.7.2/mcpu-430x/mmpy-16/msr20/mc20/libcrt0.a(_unexpected_.o)
                0x0000353c                _unexpected_
 *(.near.text .near.text.*)
 .near.text.timera1
                0x0000353e       0xd0 build/z1/contiki-ng-z1.a(clock.o)
                0x0000353e                __isr_24
                0x0000353e                timera1
 .near.text.watchdog_interrupt
                0x0000360e        0x6 build/z1/contiki-ng-z1.a(watchdog.o)
                0x0000360e                __isr_26
                0x0000360e                watchdog_interrupt
 .near.text.uart0_rx_interrupt
                0x00003614       0x2a build/z1/contiki-ng-z1.a(uart0.o)
                0x00003614                __isr_23
                0x00003614                uart0_rx_interrupt
 .near.text.port1_isr
                0x0000363e       0x84 build/z1/contiki-ng-z1.a(adxl345.o)
                0x0000363e                port1_isr
                0x0000363e                __isr_18
 .near.text.timera0
                0x000036c2       0x22 build/z1/contiki-ng-z1.a(rtimer-arch.o)
                0x000036c2                __isr_25
                0x000036c2                timera0
 .near.text.i2c_tx_interrupt
                0x000036e4       0x84 build/z1/contiki-ng-z1.a(i2cmaster.o)
                0x000036e4                __isr_16
                0x000036e4                i2c_tx_interrupt
 .near.text.i2c_rx_interrupt
                0x00003768       0x14 build/z1/contiki-ng-z1.a(i2cmaster.o)
                0x00003768                i2c_rx_interrupt
                0x00003768                __isr_17
 .near.text.irq_p2
                0x0000377c       0x3c build/z1/contiki-ng-z1.a(button-sensor.o)
                0x0000377c                irq_p2
                0x0000377c                __isr_19
 .any.text.process_thread_udp_client_process
                0x000037b8      0x116 sensor.o
 .any.text.udp_rx_callback
                0x000038ce       0x76 sensor.o
 .any.text.createPacket.constprop.0
                0x00003944       0x66 build/z1/obj/../SBVK.o
 .any.text.connect
                0x000039aa       0x42 build/z1/obj/../SBVK.o
                0x000039aa                connect
 .any.text.connACK
                0x000039ec       0x42 build/z1/obj/../SBVK.o
                0x000039ec                connACK
 .any.text.handleMessage
                0x00003a2e       0x5e build/z1/obj/../SBVK.o
                0x00003a2e                handleMessage
 .any.text.putchar
                0x00003a8c       0x10 build/z1/contiki-ng-z1.a(uart0-putchar.o)
                0x00003a8c                putchar
 .any.text.platform_init_stage_one
                0x00003a9c       0x12 build/z1/contiki-ng-z1.a(platform.o)
                0x00003a9c                platform_init_stage_one
 .any.text.platform_init_stage_two
                0x00003aae       0xba build/z1/contiki-ng-z1.a(platform.o)
                0x00003aae                platform_init_stage_two
 .any.text.platform_init_stage_three
                0x00003b68       0x72 build/z1/contiki-ng-z1.a(platform.o)
                0x00003b68                platform_init_stage_three
 .any.text.platform_idle
                0x00003bda       0x54 build/z1/contiki-ng-z1.a(platform.o)
                0x00003bda                platform_idle
 .any.text.msp430_init_dco
                0x00003c2e       0x28 build/z1/contiki-ng-z1.a(msp430.o)
                0x00003c2e                msp430_init_dco
 .any.text.splhigh_
                0x00003c56        0x8 build/z1/contiki-ng-z1.a(msp430.o)
                0x00003c56                splhigh_
 .any.text.msp430_sync_dco
                0x00003c5e       0x6e build/z1/contiki-ng-z1.a(msp430.o)
                0x00003c5e                msp430_sync_dco
 .any.text.msp430_cpu_init
                0x00003ccc       0x2e build/z1/contiki-ng-z1.a(msp430.o)
                0x00003ccc                msp430_cpu_init
 .any.text.clock_time
                0x00003cfa       0x1a build/z1/contiki-ng-z1.a(clock.o)
                0x00003cfa                clock_time
 .any.text.clock_init
                0x00003d14       0x28 build/z1/contiki-ng-z1.a(clock.o)
                0x00003d14                clock_init
 .any.text.clock_delay
                0x00003d3c        0xc build/z1/contiki-ng-z1.a(clock.o)
                0x00003d3c                clock_delay
 .any.text.clock_wait
                0x00003d48       0x24 build/z1/contiki-ng-z1.a(clock.o)
                0x00003d48                clock_wait
 .any.text.clock_seconds
                0x00003d6c       0x1a build/z1/contiki-ng-z1.a(clock.o)
                0x00003d6c                clock_seconds
 .any.text.watchdog_start
                0x00003d86       0x14 build/z1/contiki-ng-z1.a(watchdog.o)
                0x00003d86                watchdog_start
 .any.text.watchdog_periodic
                0x00003d9a       0x12 build/z1/contiki-ng-z1.a(watchdog.o)
                0x00003d9a                watchdog_periodic
 .any.text.watchdog_stop
                0x00003dac       0x16 build/z1/contiki-ng-z1.a(watchdog.o)
                0x00003dac                watchdog_stop
 .any.text.watchdog_init
                0x00003dc2       0x12 build/z1/contiki-ng-z1.a(watchdog.o)
                0x00003dc2                watchdog_init
 .any.text.autostart_start
                0x00003dd4       0x16 build/z1/contiki-ng-z1.a(autostart.o)
                0x00003dd4                autostart_start
 .any.text.log_6addr
                0x00003dea       0x32 build/z1/contiki-ng-z1.a(log.o)
                0x00003dea                log_6addr
 .any.text.log_lladdr
                0x00003e1c       0x40 build/z1/contiki-ng-z1.a(log.o)
                0x00003e1c                log_lladdr
 .any.text.energest_init
                0x00003e5c        0x2 build/z1/contiki-ng-z1.a(energest.o)
                0x00003e5c                energest_init
 .any.text.energest_flush
                0x00003e5e        0x2 build/z1/contiki-ng-z1.a(energest.o)
                0x00003e5e                energest_flush
 .any.text.update_time
                0x00003e60       0x70 build/z1/contiki-ng-z1.a(etimer.o)
 .any.text.etimer_request_poll
                0x00003ed0        0xa build/z1/contiki-ng-z1.a(etimer.o)
                0x00003ed0                etimer_request_poll
 .any.text.process_thread_etimer_process
                0x00003eda       0xc4 build/z1/contiki-ng-z1.a(etimer.o)
 .any.text.add_timer
                0x00003f9e       0x40 build/z1/contiki-ng-z1.a(etimer.o)
 .any.text.etimer_set
                0x00003fde       0x12 build/z1/contiki-ng-z1.a(etimer.o)
                0x00003fde                etimer_set
 .any.text.etimer_reset
                0x00003ff0       0x12 build/z1/contiki-ng-z1.a(etimer.o)
                0x00003ff0                etimer_reset
 .any.text.etimer_expired
                0x00004002        0xe build/z1/contiki-ng-z1.a(etimer.o)
                0x00004002                etimer_expired
 .any.text.etimer_pending
                0x00004010        0xc build/z1/contiki-ng-z1.a(etimer.o)
                0x00004010                etimer_pending
 .any.text.etimer_next_expiration_time
                0x0000401c       0x16 build/z1/contiki-ng-z1.a(etimer.o)
                0x0000401c                etimer_next_expiration_time
 .any.text.etimer_stop
                0x00004032       0x3e build/z1/contiki-ng-z1.a(etimer.o)
                0x00004032                etimer_stop
 .any.text.node_id_init
                0x00004070       0x14 build/z1/contiki-ng-z1.a(node-id.o)
                0x00004070                node_id_init
 .any.text.process_thread_ctimer_process
                0x00004084       0xa0 build/z1/contiki-ng-z1.a(ctimer.o)
 .any.text.ctimer_init
                0x00004124       0x18 build/z1/contiki-ng-z1.a(ctimer.o)
                0x00004124                ctimer_init
 .any.text.ctimer_set_with_process
                0x0000413c       0x4a build/z1/contiki-ng-z1.a(ctimer.o)
                0x0000413c                ctimer_set_with_process
 .any.text.ctimer_set
                0x00004186       0x10 build/z1/contiki-ng-z1.a(ctimer.o)
                0x00004186                ctimer_set
 .any.text.ctimer_reset
                0x00004196       0x2c build/z1/contiki-ng-z1.a(ctimer.o)
                0x00004196                ctimer_reset
 .any.text.ctimer_stop
                0x000041c2       0x28 build/z1/contiki-ng-z1.a(ctimer.o)
                0x000041c2                ctimer_stop
 .any.text.ctimer_expired
                0x000041ea       0x30 build/z1/contiki-ng-z1.a(ctimer.o)
                0x000041ea                ctimer_expired
 .any.text.call_process
                0x0000421a       0x40 build/z1/contiki-ng-z1.a(process.o)
 .any.text.exit_process
                0x0000425a       0x88 build/z1/contiki-ng-z1.a(process.o)
 .any.text.do_poll
                0x000042e2       0x30 build/z1/contiki-ng-z1.a(process.o)
 .any.text.process_alloc_event
                0x00004312        0xe build/z1/contiki-ng-z1.a(process.o)
                0x00004312                process_alloc_event
 .any.text.process_init
                0x00004320       0x1c build/z1/contiki-ng-z1.a(process.o)
                0x00004320                process_init
 .any.text.process_run
                0x0000433c       0x8c build/z1/contiki-ng-z1.a(process.o)
                0x0000433c                process_run
 .any.text.process_nevents
                0x000043c8        0xe build/z1/contiki-ng-z1.a(process.o)
                0x000043c8                process_nevents
 .any.text.process_post
                0x000043d6       0x4a build/z1/contiki-ng-z1.a(process.o)
                0x000043d6                process_post
 .any.text.process_post_synch
                0x00004420       0x12 build/z1/contiki-ng-z1.a(process.o)
                0x00004420                process_post_synch
 .any.text.process_start
                0x00004432       0x36 build/z1/contiki-ng-z1.a(process.o)
                0x00004432                process_start
 .any.text.process_poll
                0x00004468       0x18 build/z1/contiki-ng-z1.a(process.o)
                0x00004468                process_poll
 .any.text.rtimer_init
                0x00004480        0x6 build/z1/contiki-ng-z1.a(rtimer.o)
                0x00004480                rtimer_init
 .any.text.rtimer_run_next
                0x00004486       0x26 build/z1/contiki-ng-z1.a(rtimer.o)
                0x00004486                rtimer_run_next
 .any.text.timer_set
                0x000044ac       0x1c build/z1/contiki-ng-z1.a(timer.o)
                0x000044ac                timer_set
 .any.text.timer_expired
                0x000044c8       0x2a build/z1/contiki-ng-z1.a(timer.o)
                0x000044c8                timer_expired
 .any.text.timer_reset
                0x000044f2       0x1c build/z1/contiki-ng-z1.a(timer.o)
                0x000044f2                timer_reset
 .any.text.stack_check_init
                0x0000450e       0x2e build/z1/contiki-ng-z1.a(stack-check.o)
                0x0000450e                stack_check_init
 .any.text.stack_check_get_usage
                0x0000453c       0x54 build/z1/contiki-ng-z1.a(stack-check.o)
                0x0000453c                stack_check_get_usage
 .any.text.process_thread_stack_check_process
                0x00004590       0xd2 build/z1/contiki-ng-z1.a(stack-check.o)
 .any.text.list_init
                0x00004662        0x6 build/z1/contiki-ng-z1.a(list.o)
                0x00004662                list_init
 .any.text.list_head
                0x00004668        0x4 build/z1/contiki-ng-z1.a(list.o)
                0x00004668                list_head
 .any.text.list_tail
                0x0000466c       0x12 build/z1/contiki-ng-z1.a(list.o)
                0x0000466c                list_tail
 .any.text.list_remove
                0x0000467e       0x34 build/z1/contiki-ng-z1.a(list.o)
                0x0000467e                list_remove
 .any.text.list_push
                0x000046b2       0x16 build/z1/contiki-ng-z1.a(list.o)
                0x000046b2                list_push
 .any.text.list_add
                0x000046c8       0x26 build/z1/contiki-ng-z1.a(list.o)
                0x000046c8                list_add
 .any.text.list_length
                0x000046ee       0x10 build/z1/contiki-ng-z1.a(list.o)
                0x000046ee                list_length
 .any.text.list_item_next
                0x000046fe        0xc build/z1/contiki-ng-z1.a(list.o)
                0x000046fe                list_item_next
 .any.text.random_init
                0x0000470a        0x6 build/z1/contiki-ng-z1.a(random.o)
                0x0000470a                random_init
 .any.text.random_rand
                0x00004710        0x6 build/z1/contiki-ng-z1.a(random.o)
                0x00004710                random_rand
 .any.text.queuebuf_init
                0x00004716       0x12 build/z1/contiki-ng-z1.a(queuebuf.o)
                0x00004716                queuebuf_init
 .any.text.queuebuf_numfree
                0x00004728        0xa build/z1/contiki-ng-z1.a(queuebuf.o)
                0x00004728                queuebuf_numfree
 .any.text.queuebuf_new_from_packetbuf
                0x00004732       0x4e build/z1/contiki-ng-z1.a(queuebuf.o)
                0x00004732                queuebuf_new_from_packetbuf
 .any.text.queuebuf_update_attr_from_packetbuf
                0x00004780       0x12 build/z1/contiki-ng-z1.a(queuebuf.o)
                0x00004780                queuebuf_update_attr_from_packetbuf
 .any.text.queuebuf_free
                0x00004792       0x2a build/z1/contiki-ng-z1.a(queuebuf.o)
                0x00004792                queuebuf_free
 .any.text.queuebuf_to_packetbuf
                0x000047bc       0x32 build/z1/contiki-ng-z1.a(queuebuf.o)
                0x000047bc                queuebuf_to_packetbuf
 .any.text.packetbuf_hdrreduce
                0x000047ee       0x1a build/z1/contiki-ng-z1.a(packetbuf.o)
                0x000047ee                packetbuf_hdrreduce
 .any.text.packetbuf_set_datalen
                0x00004808        0x6 build/z1/contiki-ng-z1.a(packetbuf.o)
                0x00004808                packetbuf_set_datalen
 .any.text.packetbuf_hdrptr
                0x0000480e        0x6 build/z1/contiki-ng-z1.a(packetbuf.o)
                0x0000480e                packetbuf_hdrptr
 .any.text.packetbuf_datalen
                0x00004814        0x6 build/z1/contiki-ng-z1.a(packetbuf.o)
                0x00004814                packetbuf_datalen
 .any.text.packetbuf_hdrlen
                0x0000481a        0xa build/z1/contiki-ng-z1.a(packetbuf.o)
                0x0000481a                packetbuf_hdrlen
 .any.text.packetbuf_dataptr
                0x00004824        0xc build/z1/contiki-ng-z1.a(packetbuf.o)
                0x00004824                packetbuf_dataptr
 .any.text.packetbuf_copyto
                0x00004830       0x3a build/z1/contiki-ng-z1.a(packetbuf.o)
                0x00004830                packetbuf_copyto
 .any.text.packetbuf_totlen
                0x0000486a        0xc build/z1/contiki-ng-z1.a(packetbuf.o)
                0x0000486a                packetbuf_totlen
 .any.text.packetbuf_hdralloc
                0x00004876       0x3c build/z1/contiki-ng-z1.a(packetbuf.o)
                0x00004876                packetbuf_hdralloc
 .any.text.packetbuf_attr_clear
                0x000048b2       0x28 build/z1/contiki-ng-z1.a(packetbuf.o)
                0x000048b2                packetbuf_attr_clear
 .any.text.packetbuf_clear
                0x000048da       0x12 build/z1/contiki-ng-z1.a(packetbuf.o)
                0x000048da                packetbuf_clear
 .any.text.packetbuf_copyfrom
                0x000048ec       0x2a build/z1/contiki-ng-z1.a(packetbuf.o)
                0x000048ec                packetbuf_copyfrom
 .any.text.packetbuf_attr_copyto
                0x00004916       0x22 build/z1/contiki-ng-z1.a(packetbuf.o)
                0x00004916                packetbuf_attr_copyto
 .any.text.packetbuf_attr_copyfrom
                0x00004938       0x24 build/z1/contiki-ng-z1.a(packetbuf.o)
                0x00004938                packetbuf_attr_copyfrom
 .any.text.packetbuf_set_attr
                0x0000495c        0xc build/z1/contiki-ng-z1.a(packetbuf.o)
                0x0000495c                packetbuf_set_attr
 .any.text.packetbuf_attr
                0x00004968        0xa build/z1/contiki-ng-z1.a(packetbuf.o)
                0x00004968                packetbuf_attr
 .any.text.packetbuf_set_addr
                0x00004972       0x14 build/z1/contiki-ng-z1.a(packetbuf.o)
                0x00004972                packetbuf_set_addr
 .any.text.packetbuf_addr
                0x00004986        0xe build/z1/contiki-ng-z1.a(packetbuf.o)
                0x00004986                packetbuf_addr
 .any.text.packetbuf_holds_broadcast
                0x00004994        0xe build/z1/contiki-ng-z1.a(packetbuf.o)
                0x00004994                packetbuf_holds_broadcast
 .any.text.netstack_process_ip_callback
                0x000049a2       0x46 build/z1/contiki-ng-z1.a(netstack.o)
                0x000049a2                netstack_process_ip_callback
 .any.text.netstack_init
                0x000049e8        0xe build/z1/contiki-ng-z1.a(netstack.o)
                0x000049e8                netstack_init
 .any.text.linkaddr_copy
                0x000049f6        0x8 build/z1/contiki-ng-z1.a(linkaddr.o)
                0x000049f6                linkaddr_copy
 .any.text.linkaddr_cmp
                0x000049fe       0x12 build/z1/contiki-ng-z1.a(linkaddr.o)
                0x000049fe                linkaddr_cmp
 .any.text.linkaddr_set_node_addr
                0x00004a10        0xc build/z1/contiki-ng-z1.a(linkaddr.o)
                0x00004a10                linkaddr_set_node_addr
 .any.text.on   0x00004a1c        0x6 build/z1/contiki-ng-z1.a(csma.o)
 .any.text.off  0x00004a22        0x6 build/z1/contiki-ng-z1.a(csma.o)
 .any.text.max_payload
                0x00004a28       0x38 build/z1/contiki-ng-z1.a(csma.o)
 .any.text.send_packet
                0x00004a60        0x6 build/z1/contiki-ng-z1.a(csma.o)
 .any.text.init
                0x00004a66       0x1c build/z1/contiki-ng-z1.a(csma.o)
 .any.text.input_packet
                0x00004a82       0x58 build/z1/contiki-ng-z1.a(csma.o)
 .any.text.schedule_transmission
                0x00004ada       0x66 build/z1/contiki-ng-z1.a(csma-output.o)
 .any.text.tx_done
                0x00004b40       0x86 build/z1/contiki-ng-z1.a(csma-output.o)
 .any.text.transmit_from_queue
                0x00004bc6      0x1ac build/z1/contiki-ng-z1.a(csma-output.o)
 .any.text.csma_output_packet
                0x00004d72      0x174 build/z1/contiki-ng-z1.a(csma-output.o)
                0x00004d72                csma_output_packet
 .any.text.csma_output_init
                0x00004ee6       0x1a build/z1/contiki-ng-z1.a(csma-output.o)
                0x00004ee6                csma_output_init
 .any.text.uip_ds6_default_prefix
                0x00004f00        0x6 build/z1/contiki-ng-z1.a(uip-ds6.o)
                0x00004f00                uip_ds6_default_prefix
 .any.text.uip_ds6_list_loop
                0x00004f06       0x72 build/z1/contiki-ng-z1.a(uip-ds6.o)
                0x00004f06                uip_ds6_list_loop
 .any.text.uip_ds6_prefix_add
                0x00004f78       0x70 build/z1/contiki-ng-z1.a(uip-ds6.o)
                0x00004f78                uip_ds6_prefix_add
 .any.text.uip_ds6_is_addr_onlink
                0x00004fe8       0x42 build/z1/contiki-ng-z1.a(uip-ds6.o)
                0x00004fe8                uip_ds6_is_addr_onlink
 .any.text.uip_ds6_addr_lookup
                0x0000502a       0x2a build/z1/contiki-ng-z1.a(uip-ds6.o)
                0x0000502a                uip_ds6_addr_lookup
 .any.text.uip_ds6_get_link_local
                0x00005054       0x3e build/z1/contiki-ng-z1.a(uip-ds6.o)
                0x00005054                uip_ds6_get_link_local
 .any.text.uip_ds6_maddr_add
                0x00005092       0x48 build/z1/contiki-ng-z1.a(uip-ds6.o)
                0x00005092                uip_ds6_maddr_add
 .any.text.uip_ds6_addr_add
                0x000050da       0xb4 build/z1/contiki-ng-z1.a(uip-ds6.o)
                0x000050da                uip_ds6_addr_add
 .any.text.uip_ds6_maddr_rm
                0x0000518e        0xa build/z1/contiki-ng-z1.a(uip-ds6.o)
                0x0000518e                uip_ds6_maddr_rm
 .any.text.uip_ds6_maddr_lookup
                0x00005198       0x2a build/z1/contiki-ng-z1.a(uip-ds6.o)
                0x00005198                uip_ds6_maddr_lookup
 .any.text.uip_ds6_addr_rm
                0x000051c2       0x54 build/z1/contiki-ng-z1.a(uip-ds6.o)
                0x000051c2                uip_ds6_addr_rm
 .any.text.uip_ds6_periodic
                0x00005216       0x46 build/z1/contiki-ng-z1.a(uip-ds6.o)
                0x00005216                uip_ds6_periodic
 .any.text.uip_ds6_set_addr_iid
                0x0000525c       0x14 build/z1/contiki-ng-z1.a(uip-ds6.o)
                0x0000525c                uip_ds6_set_addr_iid
 .any.text.uip_ds6_set_lladdr_from_iid
                0x00005270       0x14 build/z1/contiki-ng-z1.a(uip-ds6.o)
                0x00005270                uip_ds6_set_lladdr_from_iid
 .any.text.get_match_length
                0x00005284       0x3c build/z1/contiki-ng-z1.a(uip-ds6.o)
                0x00005284                get_match_length
 .any.text.uip_ds6_select_src
                0x000052c0       0x9a build/z1/contiki-ng-z1.a(uip-ds6.o)
                0x000052c0                uip_ds6_select_src
 .any.text.uip_ds6_compute_reachable_time
                0x0000535a       0x36 build/z1/contiki-ng-z1.a(uip-ds6.o)
                0x0000535a                uip_ds6_compute_reachable_time
 .any.text.uip_ds6_init
                0x00005390      0x164 build/z1/contiki-ng-z1.a(uip-ds6.o)
                0x00005390                uip_ds6_init
 .any.text.uip_ds6_route_init
                0x000054f4       0x12 build/z1/contiki-ng-z1.a(uip-ds6-route.o)
                0x000054f4                uip_ds6_route_init
 .any.text.uip_ds6_route_nexthop
                0x00005506        0x4 build/z1/contiki-ng-z1.a(uip-ds6-route.o)
                0x00005506                uip_ds6_route_nexthop
 .any.text.uip_ds6_route_lookup
                0x0000550a        0x4 build/z1/contiki-ng-z1.a(uip-ds6-route.o)
                0x0000550a                uip_ds6_route_lookup
 .any.text.uip_ds6_route_rm
                0x0000550e        0x2 build/z1/contiki-ng-z1.a(uip-ds6-route.o)
                0x0000550e                uip_ds6_route_rm
 .any.text.uip_ds6_defrt_rm
                0x00005510       0x38 build/z1/contiki-ng-z1.a(uip-ds6-route.o)
                0x00005510                uip_ds6_defrt_rm
 .any.text.uip_ds6_defrt_lookup
                0x00005548       0x3c build/z1/contiki-ng-z1.a(uip-ds6-route.o)
                0x00005548                uip_ds6_defrt_lookup
 .any.text.uip_ds6_defrt_add
                0x00005584       0x66 build/z1/contiki-ng-z1.a(uip-ds6-route.o)
                0x00005584                uip_ds6_defrt_add
 .any.text.uip_ds6_defrt_choose
                0x000055ea       0x36 build/z1/contiki-ng-z1.a(uip-ds6-route.o)
                0x000055ea                uip_ds6_defrt_choose
 .any.text.uip_ds6_defrt_periodic
                0x00005620       0x38 build/z1/contiki-ng-z1.a(uip-ds6-route.o)
                0x00005620                uip_ds6_defrt_periodic
 .any.text.uip_ds6_nbr_rm
                0x00005658       0x1e build/z1/contiki-ng-z1.a(uip-ds6-nbr.o)
                0x00005658                uip_ds6_nbr_rm
 .any.text.uip_ds6_neighbors_init
                0x00005676       0x12 build/z1/contiki-ng-z1.a(uip-ds6-nbr.o)
                0x00005676                uip_ds6_neighbors_init
 .any.text.uip_ds6_nbr_add
                0x00005688       0x36 build/z1/contiki-ng-z1.a(uip-ds6-nbr.o)
                0x00005688                uip_ds6_nbr_add
 .any.text.uip_ds6_nbr_get_ll
                0x000056be        0xc build/z1/contiki-ng-z1.a(uip-ds6-nbr.o)
                0x000056be                uip_ds6_nbr_get_ll
 .any.text.uip_ds6_nbr_head
                0x000056ca        0xa build/z1/contiki-ng-z1.a(uip-ds6-nbr.o)
                0x000056ca                uip_ds6_nbr_head
 .any.text.uip_ds6_nbr_next
                0x000056d4        0xc build/z1/contiki-ng-z1.a(uip-ds6-nbr.o)
                0x000056d4                uip_ds6_nbr_next
 .any.text.uip_ds6_nbr_lookup
                0x000056e0       0x36 build/z1/contiki-ng-z1.a(uip-ds6-nbr.o)
                0x000056e0                uip_ds6_nbr_lookup
 .any.text.uip_ds6_nbr_ll_lookup
                0x00005716        0xc build/z1/contiki-ng-z1.a(uip-ds6-nbr.o)
                0x00005716                uip_ds6_nbr_ll_lookup
 .any.text.uip_ds6_nbr_update_ll
                0x00005722       0x6e build/z1/contiki-ng-z1.a(uip-ds6-nbr.o)
                0x00005722                uip_ds6_nbr_update_ll
 .any.text.uip_ds6_nbr_ipaddr_from_lladdr
                0x00005790        0x6 build/z1/contiki-ng-z1.a(uip-ds6-nbr.o)
                0x00005790                uip_ds6_nbr_ipaddr_from_lladdr
 .any.text.uip_ds6_nbr_lladdr_from_ipaddr
                0x00005796       0x12 build/z1/contiki-ng-z1.a(uip-ds6-nbr.o)
                0x00005796                uip_ds6_nbr_lladdr_from_ipaddr
 .any.text.uip_ds6_link_callback
                0x000057a8        0x2 build/z1/contiki-ng-z1.a(uip-ds6-nbr.o)
                0x000057a8                uip_ds6_link_callback
 .any.text.tcpip_output
                0x000057aa       0x22 build/z1/contiki-ng-z1.a(tcpip.o)
                0x000057aa                tcpip_output
 .any.text.udp_new
                0x000057cc       0x1a build/z1/contiki-ng-z1.a(tcpip.o)
                0x000057cc                udp_new
 .any.text.tcpip_input
                0x000057e6       0x1e build/z1/contiki-ng-z1.a(tcpip.o)
                0x000057e6                tcpip_input
 .any.text.tcpip_ipv6_output
                0x00005804      0x10c build/z1/contiki-ng-z1.a(tcpip.o)
                0x00005804                tcpip_ipv6_output
 .any.text.packet_input.part.3
                0x00005910       0x12 build/z1/contiki-ng-z1.a(tcpip.o)
 .any.text.process_thread_tcpip_process
                0x00005922       0xc2 build/z1/contiki-ng-z1.a(tcpip.o)
 .any.text.tcpip_uipcall
                0x000059e4       0x2a build/z1/contiki-ng-z1.a(tcpip.o)
                0x000059e4                tcpip_uipcall
 .any.text.chksum
                0x00005a0e       0x32 build/z1/contiki-ng-z1.a(uip6.o)
 .any.text.upper_layer_chksum
                0x00005a40       0x54 build/z1/contiki-ng-z1.a(uip6.o)
 .any.text.ext_hdr_options_process
                0x00005a94       0x92 build/z1/contiki-ng-z1.a(uip6.o)
 .any.text.uip_check_mtu
                0x00005b26       0x1e build/z1/contiki-ng-z1.a(uip6.o)
 .any.text.uip_update_ttl
                0x00005b44       0x24 build/z1/contiki-ng-z1.a(uip6.o)
 .any.text.uip_icmp6chksum
                0x00005b68        0xa build/z1/contiki-ng-z1.a(uip6.o)
                0x00005b68                uip_icmp6chksum
 .any.text.uip_udpchksum
                0x00005b72        0xa build/z1/contiki-ng-z1.a(uip6.o)
                0x00005b72                uip_udpchksum
 .any.text.uip_init
                0x00005b7c       0x24 build/z1/contiki-ng-z1.a(uip6.o)
                0x00005b7c                uip_init
 .any.text.uip_remove_ext_hdr
                0x00005ba0       0x5e build/z1/contiki-ng-z1.a(uip6.o)
                0x00005ba0                uip_remove_ext_hdr
 .any.text.uip_udp_new
                0x00005bfe       0x84 build/z1/contiki-ng-z1.a(uip6.o)
                0x00005bfe                uip_udp_new
 .any.text.uip_process
                0x00005c82      0x4b6 build/z1/contiki-ng-z1.a(uip6.o)
                0x00005c82                uip_process
 .any.text.uip_htonl
                0x00006138       0x2a build/z1/contiki-ng-z1.a(uip6.o)
                0x00006138                uip_htonl
 .any.text.ns_input
                0x00006162      0x27c build/z1/contiki-ng-z1.a(uip-nd6.o)
 .any.text.uip_nd6_init
                0x000063de        0xa build/z1/contiki-ng-z1.a(uip-nd6.o)
                0x000063de                uip_nd6_init
 .any.text.process_thread_simple_udp_process
                0x000063e8       0xa8 build/z1/contiki-ng-z1.a(simple-udp.o)
 .any.text.simple_udp_sendto
                0x00006490       0x28 build/z1/contiki-ng-z1.a(simple-udp.o)
                0x00006490                simple_udp_sendto
 .any.text.simple_udp_register
                0x000064b8       0x88 build/z1/contiki-ng-z1.a(simple-udp.o)
                0x000064b8                simple_udp_register
 .any.text.clear_fragments
                0x00006540       0x38 build/z1/contiki-ng-z1.a(sicslowpan.o)
 .any.text.addr_context_lookup_by_number
                0x00006578       0x16 build/z1/contiki-ng-z1.a(sicslowpan.o)
 .any.text.sicslowpan_init
                0x0000658e       0x18 build/z1/contiki-ng-z1.a(sicslowpan.o)
                0x0000658e                sicslowpan_init
 .any.text.set_packet_attrs
                0x000065a6       0x66 build/z1/contiki-ng-z1.a(sicslowpan.o)
 .any.text.compress_addr_64
                0x0000660c       0x9a build/z1/contiki-ng-z1.a(sicslowpan.o)
 .any.text.addr_context_lookup_by_prefix
                0x000066a6       0x20 build/z1/contiki-ng-z1.a(sicslowpan.o)
 .any.text.send_packet
                0x000066c6       0x1a build/z1/contiki-ng-z1.a(sicslowpan.o)
 .any.text.fragment_copy_payload_and_send
                0x000066e0       0x5e build/z1/contiki-ng-z1.a(sicslowpan.o)
 .any.text.output
                0x0000673e      0x772 build/z1/contiki-ng-z1.a(sicslowpan.o)
 .any.text.packet_sent
                0x00006eb0       0x4e build/z1/contiki-ng-z1.a(sicslowpan.o)
 .any.text.store_fragment
                0x00006efe       0x72 build/z1/contiki-ng-z1.a(sicslowpan.o)
 .any.text.add_fragment
                0x00006f70      0x16a build/z1/contiki-ng-z1.a(sicslowpan.o)
 .any.text.uncompress_addr
                0x000070da       0x96 build/z1/contiki-ng-z1.a(sicslowpan.o)
 .any.text.input
                0x00007170      0x8d6 build/z1/contiki-ng-z1.a(sicslowpan.o)
 .any.text.uiplib_ipaddr_snprint
                0x00007a46      0x114 build/z1/contiki-ng-z1.a(uiplib.o)
                0x00007a46                uiplib_ipaddr_snprint
 .any.text.rpl_has_joined
                0x00007b5a       0x12 build/z1/contiki-ng-z1.a(rpl.o)
                0x00007b5a                rpl_has_joined
 .any.text.rpl_is_reachable
                0x00007b6c       0x12 build/z1/contiki-ng-z1.a(rpl.o)
                0x00007b6c                rpl_is_reachable
 .any.text.neighbor_state_changed
                0x00007b7e        0x2 build/z1/contiki-ng-z1.a(rpl.o)
 .any.text.drop_route
                0x00007b80        0x2 build/z1/contiki-ng-z1.a(rpl.o)
 .any.text.rpl_get_leaf_only
                0x00007b82        0x6 build/z1/contiki-ng-z1.a(rpl.o)
                0x00007b82                rpl_get_leaf_only
 .any.text.get_sr_node_ipaddr
                0x00007b88       0x30 build/z1/contiki-ng-z1.a(rpl.o)
 .any.text.init
                0x00007bb8       0x66 build/z1/contiki-ng-z1.a(rpl.o)
 .any.text.set_ip_from_prefix
                0x00007c1e       0x30 build/z1/contiki-ng-z1.a(rpl.o)
 .any.text.rpl_link_callback
                0x00007c4e       0x7c build/z1/contiki-ng-z1.a(rpl.o)
                0x00007c4e                rpl_link_callback
 .any.text.rpl_lollipop_greater_than
                0x00007cca       0x3c build/z1/contiki-ng-z1.a(rpl.o)
                0x00007cca                rpl_lollipop_greater_than
 .any.text.rpl_get_global_address
                0x00007d06       0x8c build/z1/contiki-ng-z1.a(rpl.o)
                0x00007d06                rpl_get_global_address
 .any.text.rpl_reset_prefix
                0x00007d92       0x70 build/z1/contiki-ng-z1.a(rpl.o)
                0x00007d92                rpl_reset_prefix
 .any.text.rpl_set_prefix_from_addr
                0x00007e02       0xe8 build/z1/contiki-ng-z1.a(rpl.o)
                0x00007e02                rpl_set_prefix_from_addr
 .any.text.rpl_dag_root_set_prefix
                0x00007eea       0xf6 build/z1/contiki-ng-z1.a(rpl-dag-root.o)
                0x00007eea                rpl_dag_root_set_prefix
 .any.text.rpl_dag_root_start
                0x00007fe0       0xcc build/z1/contiki-ng-z1.a(rpl-dag-root.o)
                0x00007fe0                rpl_dag_root_start
 .any.text.rpl_dag_root_is_root
                0x000080ac       0x14 build/z1/contiki-ng-z1.a(rpl-dag-root.o)
                0x000080ac                rpl_dag_root_is_root
 .any.text.rpl_dag_root_print_links
                0x000080c0       0xf0 build/z1/contiki-ng-z1.a(rpl-dag-root.o)
                0x000080c0                rpl_dag_root_print_links
 .any.text.init_platform
                0x000081b0        0xc build/z1/contiki-ng-z1.a(contiki-z1-plat)
                0x000081b0                init_platform
 .any.text.leds_init
                0x000081bc        0x6 build/z1/contiki-ng-z1.a(leds.o)
                0x000081bc                leds_init
 .any.text.leds_on
                0x000081c2       0x12 build/z1/contiki-ng-z1.a(leds.o)
                0x000081c2                leds_on
 .any.text.leds_off
                0x000081d4       0x12 build/z1/contiki-ng-z1.a(leds.o)
                0x000081d4                leds_off
 .any.text.wait_ready
                0x000081e6       0x46 build/z1/contiki-ng-z1.a(xmem.o)
 .any.text.xmem_init
                0x0000822c       0x1e build/z1/contiki-ng-z1.a(xmem.o)
                0x0000822c                xmem_init
 .any.text.xmem_pread
                0x0000824a       0x88 build/z1/contiki-ng-z1.a(xmem.o)
                0x0000824a                xmem_pread
 .any.text.spi_init
                0x000082d2       0x32 build/z1/contiki-ng-z1.a(spi-legacy.o)
                0x000082d2                spi_init
 .any.text.get_object
                0x00008304        0x4 build/z1/contiki-ng-z1.a(cc2420.o)
 .any.text.set_object
                0x00008308        0x4 build/z1/contiki-ng-z1.a(cc2420.o)
 .any.text.strobe
                0x0000830c       0x1a build/z1/contiki-ng-z1.a(cc2420.o)
 .any.text.getreg
                0x00008326       0x46 build/z1/contiki-ng-z1.a(cc2420.o)
 .any.text.setreg
                0x0000836c       0x44 build/z1/contiki-ng-z1.a(cc2420.o)
 .any.text.write_ram
                0x000083b0       0x72 build/z1/contiki-ng-z1.a(cc2420.o)
 .any.text.write_fifo_buf
                0x00008422       0x38 build/z1/contiki-ng-z1.a(cc2420.o)
 .any.text.get_status
                0x0000845a       0x1e build/z1/contiki-ng-z1.a(cc2420.o)
 .any.text.on   0x00008478       0x1a build/z1/contiki-ng-z1.a(cc2420.o)
 .any.text.cc2420_receiving_packet
                0x00008492        0xa build/z1/contiki-ng-z1.a(cc2420.o)
 .any.text.pending_packet
                0x0000849c        0xa build/z1/contiki-ng-z1.a(cc2420.o)
 .any.text.wait_for_transmission
                0x000084a6       0x22 build/z1/contiki-ng-z1.a(cc2420.o)
 .any.text.wait_for_status
                0x000084c8       0x24 build/z1/contiki-ng-z1.a(cc2420.o)
 .any.text.getrxdata
                0x000084ec       0x4c build/z1/contiki-ng-z1.a(cc2420.o)
 .any.text.flushrx
                0x00008538       0x1a build/z1/contiki-ng-z1.a(cc2420.o)
 .any.text.off  0x00008552       0x28 build/z1/contiki-ng-z1.a(cc2420.o)
 .any.text.RELEASE_LOCK
                0x0000857a       0x28 build/z1/contiki-ng-z1.a(cc2420.o)
 .any.text.set_frame_filtering
                0x000085a2       0x30 build/z1/contiki-ng-z1.a(cc2420.o)
 .any.text.set_auto_ack
                0x000085d2       0x30 build/z1/contiki-ng-z1.a(cc2420.o)
 .any.text.set_poll_mode
                0x00008602       0x2c build/z1/contiki-ng-z1.a(cc2420.o)
 .any.text.cc2420_prepare
                0x0000862e       0x42 build/z1/contiki-ng-z1.a(cc2420.o)
 .any.text.cc2420_on
                0x00008670       0x22 build/z1/contiki-ng-z1.a(cc2420.o)
                0x00008670                cc2420_on
 .any.text.cc2420_transmit
                0x00008692       0x66 build/z1/contiki-ng-z1.a(cc2420.o)
 .any.text.cc2420_send
                0x000086f8       0x12 build/z1/contiki-ng-z1.a(cc2420.o)
 .any.text.cc2420_off
                0x0000870a       0x30 build/z1/contiki-ng-z1.a(cc2420.o)
                0x0000870a                cc2420_off
 .any.text.cc2420_cca
                0x0000873a       0x54 build/z1/contiki-ng-z1.a(cc2420.o)
 .any.text.cc2420_read
                0x0000878e       0xba build/z1/contiki-ng-z1.a(cc2420.o)
 .any.text.process_thread_cc2420_process
                0x00008848       0x62 build/z1/contiki-ng-z1.a(cc2420.o)
 .any.text.cc2420_set_channel
                0x000088aa       0x3a build/z1/contiki-ng-z1.a(cc2420.o)
                0x000088aa                cc2420_set_channel
 .any.text.cc2420_set_pan_addr
                0x000088e4       0x4c build/z1/contiki-ng-z1.a(cc2420.o)
                0x000088e4                cc2420_set_pan_addr
 .any.text.cc2420_interrupt
                0x00008930       0x16 build/z1/contiki-ng-z1.a(cc2420.o)
                0x00008930                cc2420_interrupt
 .any.text.cc2420_set_txpower
                0x00008946       0x2c build/z1/contiki-ng-z1.a(cc2420.o)
                0x00008946                cc2420_set_txpower
 .any.text.cc2420_get_txpower
                0x00008972       0x1e build/z1/contiki-ng-z1.a(cc2420.o)
                0x00008972                cc2420_get_txpower
 .any.text.cc2420_rssi
                0x00008990       0x48 build/z1/contiki-ng-z1.a(cc2420.o)
                0x00008990                cc2420_rssi
 .any.text.get_value
                0x000089d8      0x11e build/z1/contiki-ng-z1.a(cc2420.o)
 .any.text.cc2420_set_cca_threshold
                0x00008af6       0x16 build/z1/contiki-ng-z1.a(cc2420.o)
                0x00008af6                cc2420_set_cca_threshold
 .any.text.set_value
                0x00008b0c      0x14a build/z1/contiki-ng-z1.a(cc2420.o)
 .any.text.cc2420_init
                0x00008c56       0xea build/z1/contiki-ng-z1.a(cc2420.o)
                0x00008c56                cc2420_init
 .any.text.cc2420_arch_init
                0x00008d40       0x1a build/z1/contiki-ng-z1.a(cc2420-arch.o)
                0x00008d40                cc2420_arch_init
 .any.text.node_id_z1_restore
                0x00008d5a       0x4c build/z1/contiki-ng-z1.a(node-id-z1.o)
                0x00008d5a                node_id_z1_restore
 .any.text.process_thread_sensors_process
                0x00008da6       0xc2 build/z1/contiki-ng-z1.a(sensors.o)
 .any.text.sensors_changed
                0x00008e68       0x2a build/z1/contiki-ng-z1.a(sensors.o)
                0x00008e68                sensors_changed
 .any.text.uart0_active
                0x00008e92        0xe build/z1/contiki-ng-z1.a(uart0.o)
                0x00008e92                uart0_active
 .any.text.uart0_writeb
                0x00008ea0       0x16 build/z1/contiki-ng-z1.a(uart0.o)
                0x00008ea0                uart0_writeb
 .any.text.uart0_init
                0x00008eb6       0x4e build/z1/contiki-ng-z1.a(uart0.o)
                0x00008eb6                uart0_init
 .any.text.status
                0x00008f04       0x12 build/z1/contiki-ng-z1.a(adxl345.o)
 .any.text.accm_write_reg
                0x00008f16       0x2e build/z1/contiki-ng-z1.a(adxl345.o)
 .any.text.accm_write_stream
                0x00008f44       0x2a build/z1/contiki-ng-z1.a(adxl345.o)
 .any.text.accm_read_reg
                0x00008f6e       0x54 build/z1/contiki-ng-z1.a(adxl345.o)
 .any.text.process_thread_accmeter_process
                0x00008fc2       0x56 build/z1/contiki-ng-z1.a(adxl345.o)
 .any.text.accm_read_axis.part.0
                0x00009018       0x5a build/z1/contiki-ng-z1.a(adxl345.o)
 .any.text.value
                0x00009072       0x1e build/z1/contiki-ng-z1.a(adxl345.o)
 .any.text.accm_init
                0x00009090       0x78 build/z1/contiki-ng-z1.a(adxl345.o)
                0x00009090                accm_init
 .any.text.accm_stop
                0x00009108       0x32 build/z1/contiki-ng-z1.a(adxl345.o)
                0x00009108                accm_stop
 .any.text.configure
                0x0000913a       0x26 build/z1/contiki-ng-z1.a(adxl345.o)
 .any.text.status
                0x00009160       0x12 build/z1/contiki-ng-z1.a(tmp102.o)
 .any.text.tmp102_init
                0x00009172       0x24 build/z1/contiki-ng-z1.a(tmp102.o)
                0x00009172                tmp102_init
 .any.text.tmp102_stop
                0x00009196        0xa build/z1/contiki-ng-z1.a(tmp102.o)
                0x00009196                tmp102_stop
 .any.text.configure
                0x000091a0       0x26 build/z1/contiki-ng-z1.a(tmp102.o)
 .any.text.tmp102_read_reg
                0x000091c6       0x5e build/z1/contiki-ng-z1.a(tmp102.o)
                0x000091c6                tmp102_read_reg
 .any.text.tmp102_read_temp_x100
                0x00009224       0x58 build/z1/contiki-ng-z1.a(tmp102.o)
                0x00009224                tmp102_read_temp_x100
 .any.text.value
                0x0000927c        0x6 build/z1/contiki-ng-z1.a(tmp102.o)
 .any.text.leds_arch_init
                0x00009282        0xe build/z1/contiki-ng-z1.a(leds-arch.o)
                0x00009282                leds_arch_init
 .any.text.leds_arch_get
                0x00009290       0x34 build/z1/contiki-ng-z1.a(leds-arch.o)
                0x00009290                leds_arch_get
 .any.text.leds_arch_set
                0x000092c4       0x3e build/z1/contiki-ng-z1.a(leds-arch.o)
                0x000092c4                leds_arch_set
 .any.text.rtimer_arch_init
                0x00009302        0xe build/z1/contiki-ng-z1.a(rtimer-arch.o)
                0x00009302                rtimer_arch_init
 .any.text.rtimer_arch_now
                0x00009310        0xe build/z1/contiki-ng-z1.a(rtimer-arch.o)
                0x00009310                rtimer_arch_now
 .any.text.rtimer_arch_schedule
                0x0000931e        0x6 build/z1/contiki-ng-z1.a(rtimer-arch.o)
                0x0000931e                rtimer_arch_schedule
 .any.text.stimer_set
                0x00009324       0x1c build/z1/contiki-ng-z1.a(stimer.o)
                0x00009324                stimer_set
 .any.text.stimer_expired
                0x00009340       0x30 build/z1/contiki-ng-z1.a(stimer.o)
                0x00009340                stimer_expired
 .any.text.memb_init
                0x00009370       0x36 build/z1/contiki-ng-z1.a(memb.o)
                0x00009370                memb_init
 .any.text.memb_alloc
                0x000093a6       0x3e build/z1/contiki-ng-z1.a(memb.o)
                0x000093a6                memb_alloc
 .any.text.memb_free
                0x000093e4       0x32 build/z1/contiki-ng-z1.a(memb.o)
                0x000093e4                memb_free
 .any.text.memb_inmemb
                0x00009416       0x2a build/z1/contiki-ng-z1.a(memb.o)
                0x00009416                memb_inmemb
 .any.text.memb_numfree
                0x00009440       0x26 build/z1/contiki-ng-z1.a(memb.o)
                0x00009440                memb_numfree
 .any.text.item_from_index
                0x00009466       0x2a build/z1/contiki-ng-z1.a(nbr-table.o)
 .any.text.index_from_key
                0x00009490       0x26 build/z1/contiki-ng-z1.a(nbr-table.o)
 .any.text.index_from_item
                0x000094b6       0x1e build/z1/contiki-ng-z1.a(nbr-table.o)
 .any.text.nbr_set_bit
                0x000094d4       0x50 build/z1/contiki-ng-z1.a(nbr-table.o)
 .any.text.index_from_lladdr
                0x00009524       0x3e build/z1/contiki-ng-z1.a(nbr-table.o)
 .any.text.nbr_get_bit.constprop.0
                0x00009562       0x2c build/z1/contiki-ng-z1.a(nbr-table.o)
 .any.text.nbr_table_is_registered
                0x0000958e       0x22 build/z1/contiki-ng-z1.a(nbr-table.o)
                0x0000958e                nbr_table_is_registered
 .any.text.nbr_table_register
                0x000095b0       0x3c build/z1/contiki-ng-z1.a(nbr-table.o)
                0x000095b0                nbr_table_register
 .any.text.nbr_table_next
                0x000095ec       0x4c build/z1/contiki-ng-z1.a(nbr-table.o)
                0x000095ec                nbr_table_next
 .any.text.nbr_table_head
                0x00009638       0x36 build/z1/contiki-ng-z1.a(nbr-table.o)
                0x00009638                nbr_table_head
 .any.text.nbr_table_add_lladdr
                0x0000966e      0x14e build/z1/contiki-ng-z1.a(nbr-table.o)
                0x0000966e                nbr_table_add_lladdr
 .any.text.nbr_table_get_from_lladdr
                0x000097bc       0x28 build/z1/contiki-ng-z1.a(nbr-table.o)
                0x000097bc                nbr_table_get_from_lladdr
 .any.text.nbr_table_remove
                0x000097e4       0x2a build/z1/contiki-ng-z1.a(nbr-table.o)
                0x000097e4                nbr_table_remove
 .any.text.nbr_table_lock
                0x0000980e       0x10 build/z1/contiki-ng-z1.a(nbr-table.o)
                0x0000980e                nbr_table_lock
 .any.text.nbr_table_unlock
                0x0000981e       0x10 build/z1/contiki-ng-z1.a(nbr-table.o)
                0x0000981e                nbr_table_unlock
 .any.text.nbr_table_get_lladdr
                0x0000982e       0x20 build/z1/contiki-ng-z1.a(nbr-table.o)
                0x0000982e                nbr_table_get_lladdr
 .any.text.periodic
                0x0000984e       0x2c build/z1/contiki-ng-z1.a(link-stats.o)
 .any.text.link_stats_from_lladdr
                0x0000987a        0xc build/z1/contiki-ng-z1.a(link-stats.o)
                0x0000987a                link_stats_from_lladdr
 .any.text.link_stats_is_fresh
                0x00009886       0x30 build/z1/contiki-ng-z1.a(link-stats.o)
                0x00009886                link_stats_is_fresh
 .any.text.guess_etx_from_rssi
                0x000098b6       0x42 build/z1/contiki-ng-z1.a(link-stats.o)
                0x000098b6                guess_etx_from_rssi
 .any.text.link_stats_packet_sent
                0x000098f8       0xcc build/z1/contiki-ng-z1.a(link-stats.o)
                0x000098f8                link_stats_packet_sent
 .any.text.link_stats_input_callback
                0x000099c4       0xaa build/z1/contiki-ng-z1.a(link-stats.o)
                0x000099c4                link_stats_input_callback
 .any.text.link_stats_reset
                0x00009a6e       0x2a build/z1/contiki-ng-z1.a(link-stats.o)
                0x00009a6e                link_stats_reset
 .any.text.link_stats_init
                0x00009a98       0x22 build/z1/contiki-ng-z1.a(link-stats.o)
                0x00009a98                link_stats_init
 .any.text.mac_sequence_is_duplicate
                0x00009aba       0x6e build/z1/contiki-ng-z1.a(mac-sequence.o)
                0x00009aba                mac_sequence_is_duplicate
 .any.text.mac_sequence_register_seqno
                0x00009b28       0x86 build/z1/contiki-ng-z1.a(mac-sequence.o)
                0x00009b28                mac_sequence_register_seqno
 .any.text.mac_call_sent_callback
                0x00009bae       0x14 build/z1/contiki-ng-z1.a(mac.o)
                0x00009bae                mac_call_sent_callback
 .any.text.parse
                0x00009bc2       0x9c build/z1/contiki-ng-z1.a(framer-802154.o)
 .any.text.framer_802154_setup_params
                0x00009c5e       0xb0 build/z1/contiki-ng-z1.a(framer-802154.o)
                0x00009c5e                framer_802154_setup_params
 .any.text.create_frame
                0x00009d0e       0xda build/z1/contiki-ng-z1.a(framer-802154.o)
 .any.text.create
                0x00009de8        0x8 build/z1/contiki-ng-z1.a(framer-802154.o)
 .any.text.hdr_length
                0x00009df0        0x8 build/z1/contiki-ng-z1.a(framer-802154.o)
 .any.text.frame802154_get_pan_id
                0x00009df8        0x6 build/z1/contiki-ng-z1.a(frame802154.o)
                0x00009df8                frame802154_get_pan_id
 .any.text.frame802154_has_panid
                0x00009dfe       0xe0 build/z1/contiki-ng-z1.a(frame802154.o)
                0x00009dfe                frame802154_has_panid
 .any.text.field_len
                0x00009ede       0xa8 build/z1/contiki-ng-z1.a(frame802154.o)
 .any.text.frame802154_is_broadcast_addr
                0x00009f86       0x28 build/z1/contiki-ng-z1.a(frame802154.o)
                0x00009f86                frame802154_is_broadcast_addr
 .any.text.frame802154_hdrlen
                0x00009fae       0x32 build/z1/contiki-ng-z1.a(frame802154.o)
                0x00009fae                frame802154_hdrlen
 .any.text.frame802154_create_fcf
                0x00009fe0       0x6e build/z1/contiki-ng-z1.a(frame802154.o)
                0x00009fe0                frame802154_create_fcf
 .any.text.frame802154_create
                0x0000a04e       0xd4 build/z1/contiki-ng-z1.a(frame802154.o)
                0x0000a04e                frame802154_create
 .any.text.frame802154_parse_fcf
                0x0000a122       0x8c build/z1/contiki-ng-z1.a(frame802154.o)
                0x0000a122                frame802154_parse_fcf
 .any.text.frame802154_parse
                0x0000a1ae      0x15c build/z1/contiki-ng-z1.a(frame802154.o)
                0x0000a1ae                frame802154_parse
 .any.text.csma_security_create_frame
                0x0000a30a       0x10 build/z1/contiki-ng-z1.a(csma-security.o)
                0x0000a30a                csma_security_create_frame
 .any.text.csma_security_parse_frame
                0x0000a31a        0x6 build/z1/contiki-ng-z1.a(csma-security.o)
                0x0000a31a                csma_security_parse_frame
 .any.text.uipbuf_add_ext_hdr
                0x0000a320       0x1c build/z1/contiki-ng-z1.a(uipbuf.o)
                0x0000a320                uipbuf_add_ext_hdr
 .any.text.uipbuf_set_len
                0x0000a33c       0x12 build/z1/contiki-ng-z1.a(uipbuf.o)
                0x0000a33c                uipbuf_set_len
 .any.text.uipbuf_set_len_field
                0x0000a34e        0xe build/z1/contiki-ng-z1.a(uipbuf.o)
                0x0000a34e                uipbuf_set_len_field
 .any.text.uipbuf_get_len_field
                0x0000a35c        0xe build/z1/contiki-ng-z1.a(uipbuf.o)
                0x0000a35c                uipbuf_get_len_field
 .any.text.uipbuf_get_next_header
                0x0000a36a       0x5a build/z1/contiki-ng-z1.a(uipbuf.o)
                0x0000a36a                uipbuf_get_next_header
 .any.text.uipbuf_get_last_header
                0x0000a3c4       0x36 build/z1/contiki-ng-z1.a(uipbuf.o)
                0x0000a3c4                uipbuf_get_last_header
 .any.text.uipbuf_search_header
                0x0000a3fa       0x46 build/z1/contiki-ng-z1.a(uipbuf.o)
                0x0000a3fa                uipbuf_search_header
 .any.text.uipbuf_get_attr
                0x0000a440       0x14 build/z1/contiki-ng-z1.a(uipbuf.o)
                0x0000a440                uipbuf_get_attr
 .any.text.uipbuf_clear_attr
                0x0000a454       0x12 build/z1/contiki-ng-z1.a(uipbuf.o)
                0x0000a454                uipbuf_clear_attr
 .any.text.uipbuf_clear
                0x0000a466       0x12 build/z1/contiki-ng-z1.a(uipbuf.o)
                0x0000a466                uipbuf_clear
 .any.text.uipbuf_init
                0x0000a478       0x1a build/z1/contiki-ng-z1.a(uipbuf.o)
                0x0000a478                uipbuf_init
 .any.text.echo_reply_input
                0x0000a492       0x60 build/z1/contiki-ng-z1.a(uip-icmp6.o)
 .any.text.echo_request_input
                0x0000a4f2       0x86 build/z1/contiki-ng-z1.a(uip-icmp6.o)
 .any.text.uip_icmp6_input
                0x0000a578       0x44 build/z1/contiki-ng-z1.a(uip-icmp6.o)
                0x0000a578                uip_icmp6_input
 .any.text.uip_icmp6_register_input_handler
                0x0000a5bc        0xc build/z1/contiki-ng-z1.a(uip-icmp6.o)
                0x0000a5bc                uip_icmp6_register_input_handler
 .any.text.uip_icmp6_error_output
                0x0000a5c8      0x136 build/z1/contiki-ng-z1.a(uip-icmp6.o)
                0x0000a5c8                uip_icmp6_error_output
 .any.text.uip_icmp6_send
                0x0000a6fe       0x82 build/z1/contiki-ng-z1.a(uip-icmp6.o)
                0x0000a6fe                uip_icmp6_send
 .any.text.uip_icmp6_init
                0x0000a780       0x12 build/z1/contiki-ng-z1.a(uip-icmp6.o)
                0x0000a780                uip_icmp6_init
 .any.text.node_matches_address.part.0
                0x0000a792       0x2e build/z1/contiki-ng-z1.a(uip-sr.o)
 .any.text.uip_sr_num_nodes
                0x0000a7c0        0x6 build/z1/contiki-ng-z1.a(uip-sr.o)
                0x0000a7c0                uip_sr_num_nodes
 .any.text.uip_sr_get_node
                0x0000a7c6       0x3c build/z1/contiki-ng-z1.a(uip-sr.o)
                0x0000a7c6                uip_sr_get_node
 .any.text.uip_sr_is_addr_reachable
                0x0000a802       0x4a build/z1/contiki-ng-z1.a(uip-sr.o)
                0x0000a802                uip_sr_is_addr_reachable
 .any.text.uip_sr_expire_parent
                0x0000a84c       0x3a build/z1/contiki-ng-z1.a(uip-sr.o)
                0x0000a84c                uip_sr_expire_parent
 .any.text.uip_sr_update_node
                0x0000a886       0xac build/z1/contiki-ng-z1.a(uip-sr.o)
                0x0000a886                uip_sr_update_node
 .any.text.uip_sr_init
                0x0000a932       0x16 build/z1/contiki-ng-z1.a(uip-sr.o)
                0x0000a932                uip_sr_init
 .any.text.uip_sr_node_head
                0x0000a948        0xa build/z1/contiki-ng-z1.a(uip-sr.o)
                0x0000a948                uip_sr_node_head
 .any.text.uip_sr_node_next
                0x0000a952        0x6 build/z1/contiki-ng-z1.a(uip-sr.o)
                0x0000a952                uip_sr_node_next
 .any.text.uip_sr_periodic
                0x0000a958       0x8a build/z1/contiki-ng-z1.a(uip-sr.o)
                0x0000a958                uip_sr_periodic
 .any.text.uip_sr_free_all
                0x0000a9e2       0x38 build/z1/contiki-ng-z1.a(uip-sr.o)
                0x0000a9e2                uip_sr_free_all
 .any.text.uip_sr_link_snprint
                0x0000aa1a       0xc8 build/z1/contiki-ng-z1.a(uip-sr.o)
                0x0000aa1a                uip_sr_link_snprint
 .any.text.uip_udp_packet_send
                0x0000aae2       0x2a build/z1/contiki-ng-z1.a(uip-udp-packet.)
                0x0000aae2                uip_udp_packet_send
 .any.text.uip_udp_packet_sendto
                0x0000ab0c       0x56 build/z1/contiki-ng-z1.a(uip-udp-packet.)
                0x0000ab0c                uip_udp_packet_sendto
 .any.text.get32
                0x0000ab62       0x3e build/z1/contiki-ng-z1.a(rpl-icmp6.o)
 .any.text.set32
                0x0000aba0       0x2a build/z1/contiki-ng-z1.a(rpl-icmp6.o)
 .any.text.get16
                0x0000abca        0xe build/z1/contiki-ng-z1.a(rpl-icmp6.o)
 .any.text.set16
                0x0000abd8       0x10 build/z1/contiki-ng-z1.a(rpl-icmp6.o)
 .any.text.dao_ack_input
                0x0000abe8       0xc4 build/z1/contiki-ng-z1.a(rpl-icmp6.o)
 .any.text.dao_input
                0x0000acac      0x248 build/z1/contiki-ng-z1.a(rpl-icmp6.o)
 .any.text.dio_input
                0x0000aef4      0x454 build/z1/contiki-ng-z1.a(rpl-icmp6.o)
 .any.text.dis_input
                0x0000b348       0x88 build/z1/contiki-ng-z1.a(rpl-icmp6.o)
 .any.text.rpl_icmp6_update_nbr_table
                0x0000b3d0       0x98 build/z1/contiki-ng-z1.a(rpl-icmp6.o)
                0x0000b3d0                rpl_icmp6_update_nbr_table
 .any.text.rpl_icmp6_dis_output
                0x0000b468       0x76 build/z1/contiki-ng-z1.a(rpl-icmp6.o)
                0x0000b468                rpl_icmp6_dis_output
 .any.text.rpl_icmp6_dio_output
                0x0000b4de      0x2a2 build/z1/contiki-ng-z1.a(rpl-icmp6.o)
                0x0000b4de                rpl_icmp6_dio_output
 .any.text.rpl_icmp6_dao_output
                0x0000b780      0x1f2 build/z1/contiki-ng-z1.a(rpl-icmp6.o)
                0x0000b780                rpl_icmp6_dao_output
 .any.text.rpl_icmp6_dao_ack_output
                0x0000b972       0xa0 build/z1/contiki-ng-z1.a(rpl-icmp6.o)
                0x0000b972                rpl_icmp6_dao_ack_output
 .any.text.rpl_icmp6_init
                0x0000ba12       0x22 build/z1/contiki-ng-z1.a(rpl-icmp6.o)
                0x0000ba12                rpl_icmp6_init
 .any.text.max_acceptable_rank
                0x0000ba34       0x26 build/z1/contiki-ng-z1.a(rpl-neighbor.o)
 .any.text.remove_neighbor
                0x0000ba5a       0x24 build/z1/contiki-ng-z1.a(rpl-neighbor.o)
 .any.text.rpl_neighbor_count
                0x0000ba7e       0x2c build/z1/contiki-ng-z1.a(rpl-neighbor.o)
                0x0000ba7e                rpl_neighbor_count
 .any.text.rpl_neighbor_get_from_lladdr
                0x0000baaa        0xc build/z1/contiki-ng-z1.a(rpl-neighbor.o)
                0x0000baaa                rpl_neighbor_get_from_lladdr
 .any.text.rpl_neighbor_is_acceptable_parent
                0x0000bab6       0x18 build/z1/contiki-ng-z1.a(rpl-neighbor.o)
                0x0000bab6                rpl_neighbor_is_acceptable_parent
 .any.text.rpl_neighbor_get_link_metric
                0x0000bace       0x18 build/z1/contiki-ng-z1.a(rpl-neighbor.o)
                0x0000bace                rpl_neighbor_get_link_metric
 .any.text.rpl_neighbor_rank_via_nbr
                0x0000bae6       0x18 build/z1/contiki-ng-z1.a(rpl-neighbor.o)
                0x0000bae6                rpl_neighbor_rank_via_nbr
 .any.text.rpl_neighbor_get_lladdr
                0x0000bafe        0xc build/z1/contiki-ng-z1.a(rpl-neighbor.o)
                0x0000bafe                rpl_neighbor_get_lladdr
 .any.text.rpl_neighbor_get_ipaddr
                0x0000bb0a        0xa build/z1/contiki-ng-z1.a(rpl-neighbor.o)
                0x0000bb0a                rpl_neighbor_get_ipaddr
 .any.text.rpl_neighbor_get_link_stats
                0x0000bb14        0xa build/z1/contiki-ng-z1.a(rpl-neighbor.o)
                0x0000bb14                rpl_neighbor_get_link_stats
 .any.text.rpl_neighbor_is_fresh
                0x0000bb1e        0xa build/z1/contiki-ng-z1.a(rpl-neighbor.o)
                0x0000bb1e                rpl_neighbor_is_fresh
 .any.text.best_parent
                0x0000bb28       0x7e build/z1/contiki-ng-z1.a(rpl-neighbor.o)
 .any.text.rpl_neighbor_snprint
                0x0000bba6      0x1da build/z1/contiki-ng-z1.a(rpl-neighbor.o)
                0x0000bba6                rpl_neighbor_snprint
 .any.text.rpl_neighbor_print_list
                0x0000bd80      0x122 build/z1/contiki-ng-z1.a(rpl-neighbor.o)
                0x0000bd80                rpl_neighbor_print_list
 .any.text.rpl_neighbor_is_parent
                0x0000bea2       0x18 build/z1/contiki-ng-z1.a(rpl-neighbor.o)
                0x0000bea2                rpl_neighbor_is_parent
 .any.text.rpl_neighbor_set_preferred_parent
                0x0000beba       0xb8 build/z1/contiki-ng-z1.a(rpl-neighbor.o)
                0x0000beba                rpl_neighbor_set_preferred_parent
 .any.text.rpl_neighbor_remove_all
                0x0000bf72       0x54 build/z1/contiki-ng-z1.a(rpl-neighbor.o)
                0x0000bf72                rpl_neighbor_remove_all
 .any.text.rpl_neighbor_get_from_ipaddr
                0x0000bfc6       0x14 build/z1/contiki-ng-z1.a(rpl-neighbor.o)
                0x0000bfc6                rpl_neighbor_get_from_ipaddr
 .any.text.rpl_neighbor_select_best
                0x0000bfda       0x9c build/z1/contiki-ng-z1.a(rpl-neighbor.o)
                0x0000bfda                rpl_neighbor_select_best
 .any.text.rpl_neighbor_init
                0x0000c076        0xe build/z1/contiki-ng-z1.a(rpl-neighbor.o)
                0x0000c076                rpl_neighbor_init
 .any.text.init_dag
                0x0000c084       0xc8 build/z1/contiki-ng-z1.a(rpl-dag.o)
 .any.text.process_dio_init_dag
                0x0000c14c      0x1a4 build/z1/contiki-ng-z1.a(rpl-dag.o)
 .any.text.rpl_dag_state_to_str
                0x0000c2f0       0x12 build/z1/contiki-ng-z1.a(rpl-dag.o)
                0x0000c2f0                rpl_dag_state_to_str
 .any.text.rpl_dag_get_root_ipaddr
                0x0000c302       0x1e build/z1/contiki-ng-z1.a(rpl-dag.o)
                0x0000c302                rpl_dag_get_root_ipaddr
 .any.text.rpl_dag_leave
                0x0000c320       0x98 build/z1/contiki-ng-z1.a(rpl-dag.o)
                0x0000c320                rpl_dag_leave
 .any.text.rpl_dag_poison_and_leave
                0x0000c3b8        0xc build/z1/contiki-ng-z1.a(rpl-dag.o)
                0x0000c3b8                rpl_dag_poison_and_leave
 .any.text.rpl_dag_periodic
                0x0000c3c4       0xb6 build/z1/contiki-ng-z1.a(rpl-dag.o)
                0x0000c3c4                rpl_dag_periodic
 .any.text.rpl_is_addr_in_our_dag
                0x0000c47a       0x26 build/z1/contiki-ng-z1.a(rpl-dag.o)
                0x0000c47a                rpl_is_addr_in_our_dag
 .any.text.rpl_local_repair
                0x0000c4a0       0x56 build/z1/contiki-ng-z1.a(rpl-dag.o)
                0x0000c4a0                rpl_local_repair
 .any.text.rpl_global_repair
                0x0000c4f6       0x74 build/z1/contiki-ng-z1.a(rpl-dag.o)
                0x0000c4f6                rpl_global_repair
 .any.text.rpl_dag_ready_to_advertise
                0x0000c56a       0x22 build/z1/contiki-ng-z1.a(rpl-dag.o)
                0x0000c56a                rpl_dag_ready_to_advertise
 .any.text.rpl_dag_update_state
                0x0000c58c      0x204 build/z1/contiki-ng-z1.a(rpl-dag.o)
                0x0000c58c                rpl_dag_update_state
 .any.text.rpl_process_dio
                0x0000c790      0x344 build/z1/contiki-ng-z1.a(rpl-dag.o)
                0x0000c790                rpl_process_dio
 .any.text.rpl_process_dis
                0x0000cad4       0x4e build/z1/contiki-ng-z1.a(rpl-dag.o)
                0x0000cad4                rpl_process_dis
 .any.text.rpl_process_dao
                0x0000cb22       0x8a build/z1/contiki-ng-z1.a(rpl-dag.o)
                0x0000cb22                rpl_process_dao
 .any.text.rpl_process_dao_ack
                0x0000cbac       0x80 build/z1/contiki-ng-z1.a(rpl-dag.o)
                0x0000cbac                rpl_process_dao_ack
 .any.text.rpl_process_hbh
                0x0000cc2c       0x26 build/z1/contiki-ng-z1.a(rpl-dag.o)
                0x0000cc2c                rpl_process_hbh
 .any.text.rpl_dag_init_root
                0x0000cc52       0xfe build/z1/contiki-ng-z1.a(rpl-dag.o)
                0x0000cc52                rpl_dag_init_root
 .any.text.rpl_dag_init
                0x0000cd50       0x10 build/z1/contiki-ng-z1.a(rpl-dag.o)
                0x0000cd50                rpl_dag_init
 .any.text.handle_state_update
                0x0000cd60        0x6 build/z1/contiki-ng-z1.a(rpl-timers.o)
 .any.text.handle_leaving_timer
                0x0000cd66        0xc build/z1/contiki-ng-z1.a(rpl-timers.o)
 .any.text.schedule_dao_retransmission
                0x0000cd72       0x30 build/z1/contiki-ng-z1.a(rpl-timers.o)
 .any.text.new_dio_interval
                0x0000cda2       0x86 build/z1/contiki-ng-z1.a(rpl-timers.o)
 .any.text.handle_unicast_dio_timer
                0x0000ce28       0x12 build/z1/contiki-ng-z1.a(rpl-timers.o)
 .any.text.send_new_dao
                0x0000ce3a       0x28 build/z1/contiki-ng-z1.a(rpl-timers.o)
 .any.text.resend_dao
                0x0000ce62       0x24 build/z1/contiki-ng-z1.a(rpl-timers.o)
 .any.text.handle_dao_ack_timer
                0x0000ce86       0x12 build/z1/contiki-ng-z1.a(rpl-timers.o)
 .any.text.handle_dio_timer
                0x0000ce98       0x6e build/z1/contiki-ng-z1.a(rpl-timers.o)
 .any.text.rpl_timers_schedule_periodic_dis
                0x0000cf06       0x3c build/z1/contiki-ng-z1.a(rpl-timers.o)
                0x0000cf06                rpl_timers_schedule_periodic_dis
 .any.text.handle_periodic_timer
                0x0000cf42       0x52 build/z1/contiki-ng-z1.a(rpl-timers.o)
 .any.text.handle_dis_timer
                0x0000cf94       0x26 build/z1/contiki-ng-z1.a(rpl-timers.o)
 .any.text.rpl_timers_dio_reset
                0x0000cfba       0x5c build/z1/contiki-ng-z1.a(rpl-timers.o)
                0x0000cfba                rpl_timers_dio_reset
 .any.text.rpl_timers_schedule_unicast_dio
                0x0000d016       0x20 build/z1/contiki-ng-z1.a(rpl-timers.o)
                0x0000d016                rpl_timers_schedule_unicast_dio
 .any.text.rpl_timers_schedule_dao
                0x0000d036       0x38 build/z1/contiki-ng-z1.a(rpl-timers.o)
                0x0000d036                rpl_timers_schedule_dao
 .any.text.rpl_timers_schedule_dao_ack
                0x0000d06e       0x34 build/z1/contiki-ng-z1.a(rpl-timers.o)
                0x0000d06e                rpl_timers_schedule_dao_ack
 .any.text.rpl_timers_notify_dao_ack
                0x0000d0a2       0x7e build/z1/contiki-ng-z1.a(rpl-timers.o)
                0x0000d0a2                rpl_timers_notify_dao_ack
 .any.text.get_probing_delay
                0x0000d120       0x1c build/z1/contiki-ng-z1.a(rpl-timers.o)
                0x0000d120                get_probing_delay
 .any.text.get_probing_target
                0x0000d13c       0xda build/z1/contiki-ng-z1.a(rpl-timers.o)
                0x0000d13c                get_probing_target
 .any.text.rpl_schedule_probing
                0x0000d216       0x20 build/z1/contiki-ng-z1.a(rpl-timers.o)
                0x0000d216                rpl_schedule_probing
 .any.text.handle_probing_timer
                0x0000d236       0xc6 build/z1/contiki-ng-z1.a(rpl-timers.o)
 .any.text.rpl_schedule_probing_now
                0x0000d2fc       0x24 build/z1/contiki-ng-z1.a(rpl-timers.o)
                0x0000d2fc                rpl_schedule_probing_now
 .any.text.rpl_timers_unschedule_leaving
                0x0000d320       0x1c build/z1/contiki-ng-z1.a(rpl-timers.o)
                0x0000d320                rpl_timers_unschedule_leaving
 .any.text.rpl_timers_schedule_leaving
                0x0000d33c       0x2a build/z1/contiki-ng-z1.a(rpl-timers.o)
                0x0000d33c                rpl_timers_schedule_leaving
 .any.text.rpl_timers_init
                0x0000d366       0x1c build/z1/contiki-ng-z1.a(rpl-timers.o)
                0x0000d366                rpl_timers_init
 .any.text.rpl_timers_stop_dag_timers
                0x0000d382       0x4c build/z1/contiki-ng-z1.a(rpl-timers.o)
                0x0000d382                rpl_timers_stop_dag_timers
 .any.text.rpl_timers_unschedule_state_update
                0x0000d3ce       0x10 build/z1/contiki-ng-z1.a(rpl-timers.o)
                0x0000d3ce                rpl_timers_unschedule_state_update
 .any.text.rpl_timers_schedule_state_update
                0x0000d3de       0x1c build/z1/contiki-ng-z1.a(rpl-timers.o)
                0x0000d3de                rpl_timers_schedule_state_update
 .any.text.update_hbh_header
                0x0000d3fa       0x98 build/z1/contiki-ng-z1.a(rpl-ext-header.)
 .any.text.rpl_ext_header_srh_get_next_hop
                0x0000d492       0xa0 build/z1/contiki-ng-z1.a(rpl-ext-header.)
                0x0000d492                rpl_ext_header_srh_get_next_hop
 .any.text.rpl_ext_header_srh_update
                0x0000d532      0x1f2 build/z1/contiki-ng-z1.a(rpl-ext-header.)
                0x0000d532                rpl_ext_header_srh_update
 .any.text.rpl_ext_header_hbh_update
                0x0000d724      0x1b0 build/z1/contiki-ng-z1.a(rpl-ext-header.)
                0x0000d724                rpl_ext_header_hbh_update
 .any.text.rpl_ext_header_remove
                0x0000d8d4       0xc0 build/z1/contiki-ng-z1.a(rpl-ext-header.)
                0x0000d8d4                rpl_ext_header_remove
 .any.text.rpl_ext_header_update
                0x0000d994      0x438 build/z1/contiki-ng-z1.a(rpl-ext-header.)
                0x0000d994                rpl_ext_header_update
 .any.text.update_state
                0x0000ddcc       0x98 build/z1/contiki-ng-z1.a(rpl-nbr-policy.)
 .any.text.rpl_nbr_policy_find_removable
                0x0000de64       0xd8 build/z1/contiki-ng-z1.a(rpl-nbr-policy.)
                0x0000de64                rpl_nbr_policy_find_removable
 .any.text.update_metric_container
                0x0000df3c        0x6 build/z1/contiki-ng-z1.a(rpl-mrhof.o)
 .any.text.nbr_link_metric
                0x0000df42       0x12 build/z1/contiki-ng-z1.a(rpl-mrhof.o)
 .any.text.nbr_has_usable_link
                0x0000df54       0x14 build/z1/contiki-ng-z1.a(rpl-mrhof.o)
 .any.text.nbr_path_cost
                0x0000df68       0x34 build/z1/contiki-ng-z1.a(rpl-mrhof.o)
 .any.text.within_hysteresis
                0x0000df9c       0x4c build/z1/contiki-ng-z1.a(rpl-mrhof.o)
 .any.text.nbr_is_acceptable_parent
                0x0000dfe8       0x28 build/z1/contiki-ng-z1.a(rpl-mrhof.o)
 .any.text.rank_via_nbr
                0x0000e010       0x40 build/z1/contiki-ng-z1.a(rpl-mrhof.o)
 .any.text.best_parent
                0x0000e050       0x74 build/z1/contiki-ng-z1.a(rpl-mrhof.o)
 .any.text.reset
                0x0000e0c4       0x26 build/z1/contiki-ng-z1.a(rpl-mrhof.o)
 .any.text.i2c_receiveinit
                0x0000e0ea       0x36 build/z1/contiki-ng-z1.a(i2cmaster.o)
                0x0000e0ea                i2c_receiveinit
 .any.text.i2c_transmitinit
                0x0000e120       0x30 build/z1/contiki-ng-z1.a(i2cmaster.o)
                0x0000e120                i2c_transmitinit
 .any.text.i2c_receive_n
                0x0000e150       0x3e build/z1/contiki-ng-z1.a(i2cmaster.o)
                0x0000e150                i2c_receive_n
 .any.text.i2c_busy
                0x0000e18e        0xa build/z1/contiki-ng-z1.a(i2cmaster.o)
                0x0000e18e                i2c_busy
 .any.text.i2c_enable
                0x0000e198       0x22 build/z1/contiki-ng-z1.a(i2cmaster.o)
                0x0000e198                i2c_enable
 .any.text.i2c_transmit_n
                0x0000e1ba       0x14 build/z1/contiki-ng-z1.a(i2cmaster.o)
                0x0000e1ba                i2c_transmit_n
 .any.text.status
                0x0000e1ce       0x18 build/z1/contiki-ng-z1.a(button-sensor.o)
 .any.text.value
                0x0000e1e6       0x20 build/z1/contiki-ng-z1.a(button-sensor.o)
 .any.text.configure
                0x0000e206       0x4e build/z1/contiki-ng-z1.a(button-sensor.o)
 .any.text.printf
                0x0000e254       0x10 /usr/local/bin/../lib/gcc/msp430/4.7.2/../../../../msp430/lib/mcpu-430x/mmpy-16/msr20/mc20/libc.a(printf.o)
                0x0000e254                printf
 .any.text.append
                0x0000e264       0x22 /usr/local/bin/../lib/gcc/msp430/4.7.2/../../../../msp430/lib/mcpu-430x/mmpy-16/msr20/mc20/libc.a(sprintf.o)
 .any.text.call_vuprintf
                0x0000e286       0x36 /usr/local/bin/../lib/gcc/msp430/4.7.2/../../../../msp430/lib/mcpu-430x/mmpy-16/msr20/mc20/libc.a(sprintf.o)
 .any.text.snprintf
                0x0000e2bc       0x1c /usr/local/bin/../lib/gcc/msp430/4.7.2/../../../../msp430/lib/mcpu-430x/mmpy-16/msr20/mc20/libc.a(sprintf.o)
                0x0000e2bc                snprintf
 .any.text.print_field
                0x0000e2d8      0x176 /usr/local/bin/../lib/gcc/msp430/4.7.2/../../../../msp430/lib/mcpu-430x/mmpy-16/msr20/mc20/libc.a(vuprintf.o)
 .any.text.puts
                0x0000e44e       0x2c /usr/local/bin/../lib/gcc/msp430/4.7.2/../../../../msp430/lib/mcpu-430x/mmpy-16/msr20/mc20/libc.a(puts.o)
                0x0000e44e                puts
 .any.text.rand
                0x0000e47a       0x26 /usr/local/bin/../lib/gcc/msp430/4.7.2/../../../../msp430/lib/mcpu-430x/mmpy-16/msr20/mc20/libc.a(rand.o)
                0x0000e47a                rand
 .any.text.srand
                0x0000e4a0        0xa /usr/local/bin/../lib/gcc/msp430/4.7.2/../../../../msp430/lib/mcpu-430x/mmpy-16/msr20/mc20/libc.a(rand.o)
                0x0000e4a0                srand
 .any.text.memcmp
                0x0000e4aa       0x2c /usr/local/bin/../lib/gcc/msp430/4.7.2/../../../../msp430/lib/mcpu-430x/mmpy-16/msr20/mc20/libc.a(memcmp.o)
                0x0000e4aa                memcmp
 .any.text.strcpy
                0x0000e4d6       0x14 /usr/local/bin/../lib/gcc/msp430/4.7.2/../../../../msp430/lib/mcpu-430x/mmpy-16/msr20/mc20/libc.a(strcpy.o)
                0x0000e4d6                strcpy
 .any.text.memset
                0x0000e4ea       0x5c /usr/local/bin/../lib/gcc/msp430/4.7.2/../../../../msp430/lib/mcpu-430x/mmpy-16/msr20/mc20/libc.a(memset.o)