Archive member included because of file (symbol)

build/z1/contiki-ng-z1.a(uart0-putchar.o)
                              sensor.o (putchar)
build/z1/contiki-ng-z1.a(platform.o)
                              build/z1/obj/contiki-main.o (platform_init_stage_one)
build/z1/contiki-ng-z1.a(msp430.o)
                              build/z1/contiki-ng-z1.a(platform.o) (msp430_dco_required)
build/z1/contiki-ng-z1.a(clock.o)
                              build/z1/obj/contiki-main.o (clock_init)
build/z1/contiki-ng-z1.a(watchdog.o)
                              build/z1/obj/contiki-main.o (watchdog_start)
build/z1/contiki-ng-z1.a(autostart.o)
                              build/z1/obj/contiki-main.o (autostart_start)
build/z1/contiki-ng-z1.a(log.o)
                              sensor.o (log_6addr)
build/z1/contiki-ng-z1.a(energest.o)
                              build/z1/obj/contiki-main.o (energest_init)
build/z1/contiki-ng-z1.a(etimer.o)
                              build/z1/contiki-ng-z1.a(clock.o) (etimer_request_poll)
build/z1/contiki-ng-z1.a(node-id.o)
                              build/z1/obj/contiki-main.o (node_id_init)
build/z1/contiki-ng-z1.a(ctimer.o)
                              build/z1/obj/contiki-main.o (ctimer_init)
build/z1/contiki-ng-z1.a(process.o)
                              build/z1/contiki-ng-z1.a(etimer.o) (process_current)
build/z1/contiki-ng-z1.a(rtimer.o)
                              build/z1/obj/contiki-main.o (rtimer_init)
build/z1/contiki-ng-z1.a(timer.o)
                              build/z1/contiki-ng-z1.a(platform.o) (timer_set)
build/z1/contiki-ng-z1.a(stack-check.o)
                              build/z1/obj/contiki-main.o (stack_check_init)
build/z1/contiki-ng-z1.a(list.o)
                              build/z1/contiki-ng-z1.a(ctimer.o) (list_init)
build/z1/contiki-ng-z1.a(random.o)
                              build/z1/contiki-ng-z1.a(platform.o) (random_init)
build/z1/contiki-ng-z1.a(queuebuf.o)
                              build/z1/obj/contiki-main.o (queuebuf_init)
build/z1/contiki-ng-z1.a(packetbuf.o)
                              build/z1/contiki-ng-z1.a(queuebuf.o) (packetbuf_copyto)
build/z1/contiki-ng-z1.a(netstack.o)
                              build/z1/obj/contiki-main.o (netstack_init)
build/z1/contiki-ng-z1.a(linkaddr.o)
                              build/z1/contiki-ng-z1.a(platform.o) (linkaddr_copy)
build/z1/contiki-ng-z1.a(csma.o)
                              build/z1/obj/contiki-main.o (csma_driver)
build/z1/contiki-ng-z1.a(csma-output.o)
                              build/z1/contiki-ng-z1.a(csma.o) (csma_output_packet)
build/z1/contiki-ng-z1.a(uip-ds6.o)
                              build/z1/obj/contiki-main.o (uip_ds6_get_link_local)
build/z1/contiki-ng-z1.a(uip-ds6-route.o)
                              build/z1/contiki-ng-z1.a(uip-ds6.o) (uip_ds6_route_init)
build/z1/contiki-ng-z1.a(uip-ds6-nbr.o)
                              build/z1/contiki-ng-z1.a(uip-ds6.o) (uip_ds6_neighbors_init)
build/z1/contiki-ng-z1.a(tcpip.o)
                              build/z1/obj/contiki-main.o (tcpip_process)
build/z1/contiki-ng-z1.a(uip6.o)
                              build/z1/contiki-ng-z1.a(tcpip.o) (uip_aligned_buf)
build/z1/contiki-ng-z1.a(uip-nd6.o)
                              build/z1/contiki-ng-z1.a(uip6.o) (uip_nd6_init)
build/z1/contiki-ng-z1.a(simple-udp.o)
                              build/z1/obj/../SBVK.o (simple_udp_sendto)
build/z1/contiki-ng-z1.a(sicslowpan.o)
                              build/z1/obj/contiki-main.o (sicslowpan_driver)
build/z1/contiki-ng-z1.a(uiplib.o)
                              build/z1/contiki-ng-z1.a(log.o) (uiplib_ipaddr_snprint)
build/z1/contiki-ng-z1.a(rpl.o)
                              sensor.o (rpl_lite_driver)
build/z1/contiki-ng-z1.a(rpl-dag-root.o)
                              build/z1/contiki-ng-z1.a(rpl.o) (rpl_dag_root_set_prefix)
build/z1/contiki-ng-z1.a(contiki-z1-plat)
                              build/z1/contiki-ng-z1.a(platform.o) (init_platform)
build/z1/contiki-ng-z1.a(leds.o)
                              build/z1/contiki-ng-z1.a(platform.o) (leds_init)
build/z1/contiki-ng-z1.a(xmem.o)
                              build/z1/contiki-ng-z1.a(platform.o) (xmem_init)
build/z1/contiki-ng-z1.a(spi-legacy.o)
                              build/z1/contiki-ng-z1.a(xmem.o) (spi_init)
build/z1/contiki-ng-z1.a(cc2420.o)
                              build/z1/contiki-ng-z1.a(platform.o) (cc2420_set_pan_addr)
build/z1/contiki-ng-z1.a(cc2420-arch.o)
                              build/z1/contiki-ng-z1.a(cc2420.o) (cc2420_arch_init)
build/z1/contiki-ng-z1.a(node-id-z1.o)
                              build/z1/contiki-ng-z1.a(platform.o) (node_id_z1_restore)
build/z1/contiki-ng-z1.a(sensors.o)
                              build/z1/contiki-ng-z1.a(contiki-z1-plat) (sensors_process)
build/z1/contiki-ng-z1.a(uart0.o)
                              build/z1/contiki-ng-z1.a(platform.o) (uart0_active)
[...]
Memory Configuration

Name             Origin             Length             Attributes
sfr              0x00000000         0x00000010
peripheral_8bit  0x00000010         0x000000f0
peripheral_16bit 0x00000100         0x00000100
ram_mirror       0x00000200         0x00000800         xw
infomem          0x00001000         0x00000100
infod            0x00001000         0x00000040
infoc            0x00001040         0x00000040
infob            0x00001080         0x00000040
infoa            0x000010c0         0x00000040
ram              0x00001100         0x00002000         xw
rom              0x00003100         0x0000cebe         xr
vectors          0x0000ffc0         0x00000040
far_rom          0x00010000         0x0000a000
bsl              0x00000000         0x00000000
ram2             0x00000000         0x00000000         xw
usbram           0x00000000         0x00000000         xw
*default*        0x00000000         0xffffffff

Linker script and memory map

LOAD /usr/local/bin/../lib/gcc/msp430/4.7.2/mcpu-430x/mmpy-16/msr20/mc20/crt0ivtbl32.o
                0x00000041                __P1SEL2 = 0x41
                0x00000045                __P5SEL2 = 0x45
                0x00002972                _stack = _end
LOAD sensor.o
LOAD build/z1/obj/../SBVK.o
LOAD build/z1/obj/contiki-main.o
LOAD build/z1/contiki-ng-z1.a
LOAD /usr/local/bin/../lib/gcc/msp430/4.7.2/mcpu-430x/mmpy-16/msr20/mc20/libgcc.a
LOAD /usr/local/bin/../lib/gcc/msp430/4.7.2/../../../../msp430/lib/mcpu-430x/mmpy-16/msr20/mc20/libc.a
LOAD /usr/local/bin/../lib/gcc/msp430/4.7.2/mcpu-430x/mmpy-16/msr20/mc20/libgcc.a
LOAD /usr/local/bin/../lib/gcc/msp430/4.7.2/mcpu-430x/mmpy-16/msr20/mc20/libcrt0.a
                0x00000040                PROVIDE (__info_segment_size, 0x40)
                0x00001000                PROVIDE (__infod, 0x1000)
                0x00001040                PROVIDE (__infoc, 0x1040)
                0x00001080                PROVIDE (__infob, 0x1080)
                0x000010c0                PROVIDE (__infoa, 0x10c0)
                0x00000000                __IE1 = 0x0
                0x00000002                __IFG1 = 0x2
                0x00000001                __IE2 = 0x1
                0x00000003                __IFG2 = 0x3
                0x00000006                __UC1IE = 0x6
                0x00000007                __UC1IFG = 0x7
                0x000001a0                __ADC12CTL0 = 0x1a0
                0x000001a2                __ADC12CTL1 = 0x1a2
                0x000001a4                __ADC12IFG = 0x1a4
                0x000001a6                __ADC12IE = 0x1a6
                0x000001a8                __ADC12IV = 0x1a8
                0x00000140                __ADC12MEM0 = 0x140
                0x00000142                __ADC12MEM1 = 0x142
                0x00000144                __ADC12MEM2 = 0x144
                0x00000146                __ADC12MEM3 = 0x146
                0x00000148                __ADC12MEM4 = 0x148
                0x0000014a                __ADC12MEM5 = 0x14a
                0x0000014c                __ADC12MEM6 = 0x14c
                0x0000014e                __ADC12MEM7 = 0x14e
                0x00000150                __ADC12MEM8 = 0x150
                0x00000152                __ADC12MEM9 = 0x152
                0x00000154                __ADC12MEM10 = 0x154
                0x00000156                __ADC12MEM11 = 0x156
                0x00000158                __ADC12MEM12 = 0x158
                0x0000015a                __ADC12MEM13 = 0x15a
                0x0000015c                __ADC12MEM14 = 0x15c
                0x0000015e                __ADC12MEM15 = 0x15e
                0x00000080                __ADC12MCTL0 = 0x80
                0x00000081                __ADC12MCTL1 = 0x81
                0x00000082                __ADC12MCTL2 = 0x82
                0x00000083                __ADC12MCTL3 = 0x83
                0x00000084                __ADC12MCTL4 = 0x84
                0x00000085                __ADC12MCTL5 = 0x85
                0x00000086                __ADC12MCTL6 = 0x86
                0x00000087                __ADC12MCTL7 = 0x87
                0x00000088                __ADC12MCTL8 = 0x88
                0x00000089                __ADC12MCTL9 = 0x89
                0x0000008a                __ADC12MCTL10 = 0x8a
                0x0000008b                __ADC12MCTL11 = 0x8b
                0x0000008c                __ADC12MCTL12 = 0x8c
                0x0000008d                __ADC12MCTL13 = 0x8d
                0x0000008e                __ADC12MCTL14 = 0x8e
                0x0000008f                __ADC12MCTL15 = 0x8f
                0x00000056                __DCOCTL = 0x56
                0x00000057                __BCSCTL1 = 0x57
                0x00000058                __BCSCTL2 = 0x58
                0x00000053                __BCSCTL3 = 0x53
                0x00000059                __CACTL1 = 0x59
                0x0000005a                __CACTL2 = 0x5a
                0x0000005b                __CAPD = 0x5b
                0x000001c0                __DAC12_0CTL = 0x1c0
                0x000001c2                __DAC12_1CTL = 0x1c2
                0x000001c8                __DAC12_0DAT = 0x1c8
                0x000001ca                __DAC12_1DAT = 0x1ca
                0x00000122                __DMACTL0 = 0x122
                0x00000124                __DMACTL1 = 0x124
                0x00000126                __DMAIV = 0x126
                0x000001d0                __DMA0CTL = 0x1d0
                0x000001dc                __DMA1CTL = 0x1dc
                0x000001e8                __DMA2CTL = 0x1e8
                0x000001d2                __DMA0SA = 0x1d2
                0x000001d2                __DMA0SAL = 0x1d2
                0x000001d6                __DMA0DA = 0x1d6
                0x000001d6                __DMA0DAL = 0x1d6
                0x000001da                __DMA0SZ = 0x1da
                0x000001de                __DMA1SA = 0x1de
                0x000001de                __DMA1SAL = 0x1de
                0x000001e2                __DMA1DA = 0x1e2
                0x000001e2                __DMA1DAL = 0x1e2
                0x000001e6                __DMA1SZ = 0x1e6
                0x000001ea                __DMA2SA = 0x1ea
                0x000001ea                __DMA2SAL = 0x1ea
                0x000001ee                __DMA2DA = 0x1ee
                0x000001ee                __DMA2DAL = 0x1ee
                0x000001f2                __DMA2SZ = 0x1f2
                0x00000128                __FCTL1 = 0x128
                0x0000012a                __FCTL2 = 0x12a
                0x0000012c                __FCTL3 = 0x12c
                0x000001be                __FCTL4 = 0x1be
                0x00000130                __MPY = 0x130
                0x00000132                __MPYS = 0x132
                0x00000134                __MAC = 0x134
                0x00000136                __MACS = 0x136
                0x00000138                __OP2 = 0x138
                0x0000013a                __RESLO = 0x13a
                0x0000013c                __RESHI = 0x13c
                0x0000013e                __SUMEXT = 0x13e
                0x00000020                __P1IN = 0x20
                0x00000021                __P1OUT = 0x21
                0x00000022                __P1DIR = 0x22
                0x00000023                __P1IFG = 0x23
                0x00000024                __P1IES = 0x24
                0x00000025                __P1IE = 0x25
                0x00000026                __P1SEL = 0x26
                0x00000027                __P1REN = 0x27
                0x00000028                __P2IN = 0x28
                0x00000029                __P2OUT = 0x29
                0x0000002a                __P2DIR = 0x2a
                0x0000002b                __P2IFG = 0x2b
                0x0000002c                __P2IES = 0x2c
                0x0000002d                __P2IE = 0x2d
                0x0000002e                __P2SEL = 0x2e
                0x0000002f                __P2REN = 0x2f
                0x00000018                __P3IN = 0x18
                0x00000019                __P3OUT = 0x19
                0x0000001a                __P3DIR = 0x1a
                0x0000001b                __P3SEL = 0x1b
                0x00000010                __P3REN = 0x10
                0x0000001c                __P4IN = 0x1c
                0x0000001d                __P4OUT = 0x1d
                0x0000001e                __P4DIR = 0x1e
                0x0000001f                __P4SEL = 0x1f
                0x00000011                __P4REN = 0x11
                0x00000030                __P5IN = 0x30
                0x00000031                __P5OUT = 0x31
                0x00000032                __P5DIR = 0x32
                0x00000033                __P5SEL = 0x33
                0x00000012                __P5REN = 0x12
                0x00000034                __P6IN = 0x34
                0x00000035                __P6OUT = 0x35
                0x00000036                __P6DIR = 0x36
                0x00000037                __P6SEL = 0x37
                0x00000013                __P6REN = 0x13
                0x00000038                __P7IN = 0x38
                0x0000003a                __P7OUT = 0x3a
                0x0000003c                __P7DIR = 0x3c
                0x0000003e                __P7SEL = 0x3e
                0x00000014                __P7REN = 0x14
                0x00000039                __P8IN = 0x39
                0x0000003b                __P8OUT = 0x3b
                0x0000003d                __P8DIR = 0x3d
                0x0000003f                __P8SEL = 0x3f
                0x00000015                __P8REN = 0x15
                0x00000038                __PAIN = 0x38
                0x0000003a                __PAOUT = 0x3a
                0x0000003c                __PADIR = 0x3c
                0x0000003e                __PASEL = 0x3e
                0x00000014                __PAREN = 0x14
                0x00000055                __SVSCTL = 0x55
                0x0000012e                __TAIV = 0x12e
                0x00000160                __TACTL = 0x160
                0x00000162                __TACCTL0 = 0x162
                0x00000164                __TACCTL1 = 0x164
                0x00000166                __TACCTL2 = 0x166
                0x00000170                __TAR = 0x170
                0x00000172                __TACCR0 = 0x172
                0x00000174                __TACCR1 = 0x174
                0x00000176                __TACCR2 = 0x176
                0x0000011e                __TBIV = 0x11e
                0x00000180                __TBCTL = 0x180
                0x00000182                __TBCCTL0 = 0x182
                0x00000184                __TBCCTL1 = 0x184
                0x00000186                __TBCCTL2 = 0x186
                0x00000188                __TBCCTL3 = 0x188
                0x0000018a                __TBCCTL4 = 0x18a
                0x0000018c                __TBCCTL5 = 0x18c
                0x0000018e                __TBCCTL6 = 0x18e
                0x00000190                __TBR = 0x190
                0x00000192                __TBCCR0 = 0x192
                0x00000194                __TBCCR1 = 0x194
                0x00000196                __TBCCR2 = 0x196
                0x00000198                __TBCCR3 = 0x198
                0x0000019a                __TBCCR4 = 0x19a
                0x0000019c                __TBCCR5 = 0x19c
                0x0000019e                __TBCCR6 = 0x19e
                0x00000060                __UCA0CTL0 = 0x60
                0x00000061                __UCA0CTL1 = 0x61
                0x00000062                __UCA0BR0 = 0x62
                0x00000063                __UCA0BR1 = 0x63
                0x00000064                __UCA0MCTL = 0x64
                0x00000065                __UCA0STAT = 0x65
                0x00000066                __UCA0RXBUF = 0x66
                0x00000067                __UCA0TXBUF = 0x67
                0x0000005d                __UCA0ABCTL = 0x5d
                0x0000005e                __UCA0IRTCTL = 0x5e
                0x0000005f                __UCA0IRRCTL = 0x5f
                0x00000068                __UCB0CTL0 = 0x68
                0x00000069                __UCB0CTL1 = 0x69
                0x0000006a                __UCB0BR0 = 0x6a
                0x0000006b                __UCB0BR1 = 0x6b
                0x0000006c                __UCB0I2CIE = 0x6c
                0x0000006d                __UCB0STAT = 0x6d
                0x0000006e                __UCB0RXBUF = 0x6e
                0x0000006f                __UCB0TXBUF = 0x6f
                0x00000118                __UCB0I2COA = 0x118
                0x0000011a                __UCB0I2CSA = 0x11a
                0x000000d0                __UCA1CTL0 = 0xd0
                0x000000d1                __UCA1CTL1 = 0xd1
                0x000000d2                __UCA1BR0 = 0xd2
                0x000000d3                __UCA1BR1 = 0xd3
                0x000000d4                __UCA1MCTL = 0xd4
                0x000000d5                __UCA1STAT = 0xd5
                0x000000d6                __UCA1RXBUF = 0xd6
                0x000000d7                __UCA1TXBUF = 0xd7
                0x000000cd                __UCA1ABCTL = 0xcd
                0x000000ce                __UCA1IRTCTL = 0xce
                0x000000cf                __UCA1IRRCTL = 0xcf
                0x000000d8                __UCB1CTL0 = 0xd8
                0x000000d9                __UCB1CTL1 = 0xd9
                0x000000da                __UCB1BR0 = 0xda
                0x000000db                __UCB1BR1 = 0xdb
                0x000000dc                __UCB1I2CIE = 0xdc
                0x000000dd                __UCB1STAT = 0xdd
                0x000000de                __UCB1RXBUF = 0xde
                0x000000df                __UCB1TXBUF = 0xdf
                0x0000017c                __UCB1I2COA = 0x17c
                0x0000017e                __UCB1I2CSA = 0x17e
                0x00000120                __WDTCTL = 0x120
                0x000010c0                __TLV_CHECKSUM = 0x10c0
                0x000010f6                __TLV_DCO_30_TAG = 0x10f6
                0x000010f7                __TLV_DCO_30_LEN = 0x10f7
                0x000010da                __TLV_ADC12_1_TAG = 0x10da
                0x000010db                __TLV_ADC12_1_LEN = 0x10db
                0x000010f8                __CALDCO_16MHZ = 0x10f8
                0x000010f9                __CALBC1_16MHZ = 0x10f9
                0x000010fa                __CALDCO_12MHZ = 0x10fa
                0x000010fb                __CALBC1_12MHZ = 0x10fb
                0x000010fc                __CALDCO_8MHZ = 0x10fc
                0x000010fd                __CALBC1_8MHZ = 0x10fd
                0x000010fe                __CALDCO_1MHZ = 0x10fe
                0x000010ff                __CALBC1_1MHZ = 0x10ff

.hash
 *(.hash)

.dynsym
 *(.dynsym)

.dynstr
 *(.dynstr)

.gnu.version
 *(.gnu.version)

.gnu.version_d
 *(.gnu.version_d)

.gnu.version_r
 *(.gnu.version_r)

.rel.init
 *(.rel.init)

.rela.init
 *(.rela.init)

.rel.fini
 *(.rel.fini)

.rela.fini
 *(.rela.fini)

.rel.text
 *(.rel.text .rel.text.* .rel.gnu.linkonce.t.*)

.rela.text
 *(.rela.text .rela.text.* .rela.gnu.linkonce.t.*)

.rel.rodata
 *(.rel.rodata .rel.rodata.* .rel.gnu.linkonce.r.*)

.rela.rodata
 *(.rela.rodata .rela.rodata.* .rela.gnu.linkonce.r.*)

.rel.data
 *(.rel.data .rel.data.* .rel.gnu.linkonce.d.*)

.rela.data
 *(.rela.data .rela.data.* .rela.gnu.linkonce.d.*)

.rel.bss
 *(.rel.bss .rel.bss.* .rel.gnu.linkonce.b.*)

.rela.bss
 *(.rela.bss .rela.bss.* .rela.gnu.linkonce.b.*)

.rel.ctors
 *(.rel.ctors)

.rela.ctors
 *(.rela.ctors)

.rel.dtors
 *(.rel.dtors)

.rela.dtors
 *(.rela.dtors)

.rel.got
 *(.rel.got)

.rela.got
 *(.rela.got)

.rel.plt
 *(.rel.plt)

.rela.plt
 *(.rela.plt)

.text           0x00003100     0xb3e8
                0x00003100                . = ALIGN (0x2)
 *(.init .init.*)
 *(.init0)
 .init0         0x00003100        0x0 /usr/local/bin/../lib/gcc/msp430/4.7.2/mcpu-430x/mmpy-16/msr20/mc20/libcrt0.a(_reset_vector__.o)
                0x00003100                _reset_vector__
 *(.init1)
 .init1         0x00003100        0xc /usr/local/bin/../lib/gcc/msp430/4.7.2/mcpu-430x/mmpy-16/msr20/mc20/libcrt0.a(__watchdog_support.o)
                0x00003100                __watchdog_support
 *(.init2)
 .init2         0x0000310c        0x4 /usr/local/bin/../lib/gcc/msp430/4.7.2/mcpu-430x/mmpy-16/msr20/mc20/libcrt0.a(__init_stack.o)
                0x0000310c                __init_stack
 *(.init3)
 .init3         0x00003110        0x0 /usr/local/bin/../lib/gcc/msp430/4.7.2/mcpu-430x/mmpy-16/msr20/mc20/libcrt0.a(__low_level_init.o)
                0x00003110                __low_level_init
 *(.init4)
 .init4         0x00003110       0x18 /usr/local/bin/../lib/gcc/msp430/4.7.2/mcpu-430x/mmpy-16/msr20/mc20/libcrt0.a(_copy_data.o)
                0x00003110                __do_copy_data
 .init4         0x00003128       0x16 /usr/local/bin/../lib/gcc/msp430/4.7.2/mcpu-430x/mmpy-16/msr20/mc20/libcrt0.a(_clear_bss.o)
                0x00003128                __do_clear_bss
 *(.init5)
 *(.init6)
 *(.init7)
 *(.init8)
 *(.init9)
 .init9         0x0000313e      0x232 build/z1/obj/contiki-main.o
                0x0000313e                main
 *(.fini9)
 .fini9         0x00003370        0x0 /usr/local/bin/../lib/gcc/msp430/4.7.2/mcpu-430x/mmpy-16/msr20/mc20/libcrt0.a(__stop_progExec__.o)
                0x00003370                __stop_progExec__
 *(.fini8)
 *(.fini7)
 *(.fini6)
 *(.fini5)
 *(.fini4)
 *(.fini3)
 *(.fini2)
 *(.fini1)
 *(.fini0)
 .fini0         0x00003370        0x6 /usr/local/bin/../lib/gcc/msp430/4.7.2/mcpu-430x/mmpy-16/msr20/mc20/libcrt0.a(_endless_loop__.o)
                0x00003370                _endless_loop__
 *(.fini .fini.*)
                0x00003376                . = ALIGN (0x2)
                0x00003376                __ctors_start = .
 *(.ctors)
                0x00003376                __ctors_end = .
                0x00003376                __dtors_start = .
 *(.dtors)
                0x00003376                __dtors_end = .
                0x00003376                . = ALIGN (0x2)
 *(.text .text.* .gnu.linkonce.t.*)
 .text          0x00003376        0x4 /usr/local/bin/../lib/gcc/msp430/4.7.2/mcpu-430x/mmpy-16/msr20/mc20/crt0ivtbl32.o
                0x00003376                __isr_14
                0x00003376                __isr_4
                0x00003376                __isr_29
                0x00003376                __isr_11
                0x00003376                __isr_5
                0x00003376                __isr_2
                0x00003376                __isr_10
                0x00003376                __isr_7
                0x00003376                __isr_0
                0x00003376                __isr_28
                0x00003376                __isr_8
                0x00003376                __isr_20
                0x00003376                __isr_3
                0x00003376                __isr_12
                0x00003376                __isr_13
                0x00003376                __isr_27
                0x00003376                __isr_9
                0x00003376                __isr_30
                0x00003376                __isr_6
                0x00003376                __isr_22
                0x00003376                __isr_1
                0x00003376                __isr_15
                0x00003376                __isr_21
 .text.libgcc   0x0000337a       0x26 /usr/local/bin/../lib/gcc/msp430/4.7.2/mcpu-430x/mmpy-16/msr20/mc20/libgcc.a(_mulsi3.o)
                0x0000337a                __mulsi3
 .text.libgcc   0x000033a0       0x22 /usr/local/bin/../lib/gcc/msp430/4.7.2/mcpu-430x/mmpy-16/msr20/mc20/libgcc.a(_udivmod16.o)
                0x000033a0                __udivhi3
                0x000033a0                __ext_udivmod16
                0x000033ba                __umodhi3
 .text.libgcc   0x000033c2       0x3a /usr/local/bin/../lib/gcc/msp430/4.7.2/mcpu-430x/mmpy-16/msr20/mc20/libgcc.a(_divmod16.o)
                0x000033c2                __ext_divmod16
                0x000033c2                __divhi3
                0x000033f4                __modhi3
 .text.libgcc   0x000033fc       0x38 /usr/local/bin/../lib/gcc/msp430/4.7.2/mcpu-430x/mmpy-16/msr20/mc20/libgcc.a(_udivmod32.o)
                0x000033fc                __udivsi3
                0x000033fc                __ext_udivmod32
                0x0000342a                __umodsi3
 .text.libgcc   0x00003434       0x4c /usr/local/bin/../lib/gcc/msp430/4.7.2/mcpu-430x/mmpy-16/msr20/mc20/libgcc.a(_divmod32.o)
                0x00003434                __ext_divmod32
                0x00003434                __divsi3
                0x00003476                __modsi3
 .text.libgcc   0x00003480       0xbc /usr/local/bin/../lib/gcc/msp430/4.7.2/mcpu-430x/mmpy-16/msr20/mc20/libgcc.a(_udivmod64.o)
                0x00003480                __xabi_udivmod64
                0x000034d2                __udivdi3
                0x000034ec                __umoddi3
                0x0000350e                __udivmoddi4
 .text.crt0     0x0000353c        0x2 /usr/local/bin/../lib/gcc/msp430/4.7.2/mcpu-430x/mmpy-16/msr20/mc20/libcrt0.a(_unexpected_.o)
                0x0000353c                _unexpected_
 *(.near.text .near.text.*)
 .near.text.timera1
                0x0000353e       0xd0 build/z1/contiki-ng-z1.a(clock.o)
                0x0000353e                __isr_24
                0x0000353e                timera1
 .near.text.watchdog_interrupt
                0x0000360e        0x6 build/z1/contiki-ng-z1.a(watchdog.o)
                0x0000360e                __isr_26
                0x0000360e                watchdog_interrupt
 .near.text.uart0_rx_interrupt
                0x00003614       0x2a build/z1/contiki-ng-z1.a(uart0.o)
                0x00003614                __isr_23
                0x00003614                uart0_rx_interrupt
 .near.text.port1_isr
                0x0000363e       0x84 build/z1/contiki-ng-z1.a(adxl345.o)
                0x0000363e                port1_isr
                0x0000363e                __isr_18
 .near.text.timera0
                0x000036c2       0x22 build/z1/contiki-ng-z1.a(rtimer-arch.o)
                0x000036c2                __isr_25
                0x000036c2                timera0
 .near.text.i2c_tx_interrupt
                0x000036e4       0x84 build/z1/contiki-ng-z1.a(i2cmaster.o)
                0x000036e4                __isr_16
                0x000036e4                i2c_tx_interrupt
 .near.text.i2c_rx_interrupt
                0x00003768       0x14 build/z1/contiki-ng-z1.a(i2cmaster.o)
                0x00003768                i2c_rx_interrupt
                0x00003768                __isr_17
 .near.text.irq_p2
                0x0000377c       0x3c build/z1/contiki-ng-z1.a(button-sensor.o)
                0x0000377c                irq_p2
                0x0000377c                __isr_19
 .any.text.process_thread_udp_client_process
                0x000037b8       0xfa sensor.o
 .any.text.udp_rx_callback
                0x000038b2       0x92 sensor.o
 .any.text.createPacket.constprop.0
                0x00003944       0x66 build/z1/obj/../SBVK.o
 .any.text.hello
                0x000039aa       0x94 build/z1/obj/../SBVK.o
                0x000039aa                hello
 .any.text.connect
                0x00003a3e       0x6e build/z1/obj/../SBVK.o
                0x00003a3e                connect
 .any.text.connACK
                0x00003aac       0x6e build/z1/obj/../SBVK.o
                0x00003aac                connACK
 .any.text.handleMessage
                0x00003b1a       0xc8 build/z1/obj/../SBVK.o
                0x00003b1a                handleMessage
 .any.text.putchar
                0x00003be2       0x10 build/z1/contiki-ng-z1.a(uart0-putchar.o)
                0x00003be2                putchar
 .any.text.platform_init_stage_one
                0x00003bf2       0x12 build/z1/contiki-ng-z1.a(platform.o)
                0x00003bf2                platform_init_stage_one
 .any.text.platform_init_stage_two
                0x00003c04       0xba build/z1/contiki-ng-z1.a(platform.o)
                0x00003c04                platform_init_stage_two
 .any.text.platform_init_stage_three
                0x00003cbe       0x72 build/z1/contiki-ng-z1.a(platform.o)
                0x00003cbe                platform_init_stage_three
 .any.text.platform_idle
                0x00003d30       0x54 build/z1/contiki-ng-z1.a(platform.o)
                0x00003d30                platform_idle
 .any.text.msp430_init_dco
                0x00003d84       0x28 build/z1/contiki-ng-z1.a(msp430.o)
                0x00003d84                msp430_init_dco
 .any.text.splhigh_
                0x00003dac        0x8 build/z1/contiki-ng-z1.a(msp430.o)
                0x00003dac                splhigh_
 .any.text.msp430_sync_dco
                0x00003db4       0x6e build/z1/contiki-ng-z1.a(msp430.o)
                0x00003db4                msp430_sync_dco
 .any.text.msp430_cpu_init
                0x00003e22       0x2e build/z1/contiki-ng-z1.a(msp430.o)
                0x00003e22                msp430_cpu_init
 .any.text.clock_time
                0x00003e50       0x1a build/z1/contiki-ng-z1.a(clock.o)
                0x00003e50                clock_time
 .any.text.clock_init
                0x00003e6a       0x28 build/z1/contiki-ng-z1.a(clock.o)
                0x00003e6a                clock_init
 .any.text.clock_delay
                0x00003e92        0xc build/z1/contiki-ng-z1.a(clock.o)
                0x00003e92                clock_delay
 .any.text.clock_wait
                0x00003e9e       0x24 build/z1/contiki-ng-z1.a(clock.o)
                0x00003e9e                clock_wait
 .any.text.clock_seconds
                0x00003ec2       0x1a build/z1/contiki-ng-z1.a(clock.o)
                0x00003ec2                clock_seconds
 .any.text.watchdog_start
                0x00003edc       0x14 build/z1/contiki-ng-z1.a(watchdog.o)
                0x00003edc                watchdog_start
 .any.text.watchdog_periodic
                0x00003ef0       0x12 build/z1/contiki-ng-z1.a(watchdog.o)
                0x00003ef0                watchdog_periodic
 .any.text.watchdog_stop
                0x00003f02       0x16 build/z1/contiki-ng-z1.a(watchdog.o)
                0x00003f02                watchdog_stop
 .any.text.watchdog_init
                0x00003f18       0x12 build/z1/contiki-ng-z1.a(watchdog.o)
                0x00003f18                watchdog_init
 .any.text.autostart_start
                0x00003f2a       0x16 build/z1/contiki-ng-z1.a(autostart.o)
                0x00003f2a                autostart_start
 .any.text.log_6addr
                0x00003f40       0x32 build/z1/contiki-ng-z1.a(log.o)
                0x00003f40                log_6addr
 .any.text.log_lladdr
                0x00003f72       0x40 build/z1/contiki-ng-z1.a(log.o)
                0x00003f72                log_lladdr
 .any.text.energest_init
                0x00003fb2        0x2 build/z1/contiki-ng-z1.a(energest.o)
                0x00003fb2                energest_init
 .any.text.energest_flush
                0x00003fb4        0x2 build/z1/contiki-ng-z1.a(energest.o)
                0x00003fb4                energest_flush
 .any.text.update_time
                0x00003fb6       0x70 build/z1/contiki-ng-z1.a(etimer.o)
 .any.text.etimer_request_poll
                0x00004026        0xa build/z1/contiki-ng-z1.a(etimer.o)
                0x00004026                etimer_request_poll
 .any.text.process_thread_etimer_process
                0x00004030       0xc4 build/z1/contiki-ng-z1.a(etimer.o)
 .any.text.add_timer
                0x000040f4       0x40 build/z1/contiki-ng-z1.a(etimer.o)
 .any.text.etimer_set
                0x00004134       0x12 build/z1/contiki-ng-z1.a(etimer.o)
                0x00004134                etimer_set
 .any.text.etimer_reset
                0x00004146       0x12 build/z1/contiki-ng-z1.a(etimer.o)
                0x00004146                etimer_reset
 .any.text.etimer_expired
                0x00004158        0xe build/z1/contiki-ng-z1.a(etimer.o)
                0x00004158                etimer_expired
 .any.text.etimer_pending
                0x00004166        0xc build/z1/contiki-ng-z1.a(etimer.o)
                0x00004166                etimer_pending
 .any.text.etimer_next_expiration_time
                0x00004172       0x16 build/z1/contiki-ng-z1.a(etimer.o)
                0x00004172                etimer_next_expiration_time
 .any.text.etimer_stop
                0x00004188       0x3e build/z1/contiki-ng-z1.a(etimer.o)
                0x00004188                etimer_stop
 .any.text.node_id_init
                0x000041c6       0x14 build/z1/contiki-ng-z1.a(node-id.o)
                0x000041c6                node_id_init
 .any.text.process_thread_ctimer_process
                0x000041da       0xa0 build/z1/contiki-ng-z1.a(ctimer.o)
 .any.text.ctimer_init
                0x0000427a       0x18 build/z1/contiki-ng-z1.a(ctimer.o)
                0x0000427a                ctimer_init
 .any.text.ctimer_set_with_process
                0x00004292       0x4a build/z1/contiki-ng-z1.a(ctimer.o)
                0x00004292                ctimer_set_with_process
 .any.text.ctimer_set
                0x000042dc       0x10 build/z1/contiki-ng-z1.a(ctimer.o)
                0x000042dc                ctimer_set
 .any.text.ctimer_reset
                0x000042ec       0x2c build/z1/contiki-ng-z1.a(ctimer.o)
                0x000042ec                ctimer_reset
 .any.text.ctimer_stop
                0x00004318       0x28 build/z1/contiki-ng-z1.a(ctimer.o)
                0x00004318                ctimer_stop
 .any.text.ctimer_expired
                0x00004340       0x30 build/z1/contiki-ng-z1.a(ctimer.o)
                0x00004340                ctimer_expired
 .any.text.call_process
                0x00004370       0x40 build/z1/contiki-ng-z1.a(process.o)
 .any.text.exit_process
                0x000043b0       0x88 build/z1/contiki-ng-z1.a(process.o)
 .any.text.do_poll
                0x00004438       0x30 build/z1/contiki-ng-z1.a(process.o)
 .any.text.process_alloc_event
                0x00004468        0xe build/z1/contiki-ng-z1.a(process.o)
                0x00004468                process_alloc_event
 .any.text.process_init
                0x00004476       0x1c build/z1/contiki-ng-z1.a(process.o)
                0x00004476                process_init
 .any.text.process_run
                0x00004492       0x8c build/z1/contiki-ng-z1.a(process.o)
                0x00004492                process_run
 .any.text.process_nevents
                0x0000451e        0xe build/z1/contiki-ng-z1.a(process.o)
                0x0000451e                process_nevents
 .any.text.process_post
                0x0000452c       0x4a build/z1/contiki-ng-z1.a(process.o)
                0x0000452c                process_post
 .any.text.process_post_synch
                0x00004576       0x12 build/z1/contiki-ng-z1.a(process.o)
                0x00004576                process_post_synch
 .any.text.process_start
                0x00004588       0x36 build/z1/contiki-ng-z1.a(process.o)
                0x00004588                process_start
 .any.text.process_poll
                0x000045be       0x18 build/z1/contiki-ng-z1.a(process.o)
                0x000045be                process_poll
 .any.text.rtimer_init
                0x000045d6        0x6 build/z1/contiki-ng-z1.a(rtimer.o)
                0x000045d6                rtimer_init
 .any.text.rtimer_run_next
                0x000045dc       0x26 build/z1/contiki-ng-z1.a(rtimer.o)
                0x000045dc                rtimer_run_next
 .any.text.timer_set
                0x00004602       0x1c build/z1/contiki-ng-z1.a(timer.o)
                0x00004602                timer_set
 .any.text.timer_expired
                0x0000461e       0x2a build/z1/contiki-ng-z1.a(timer.o)
                0x0000461e                timer_expired
 .any.text.timer_reset
                0x00004648       0x1c build/z1/contiki-ng-z1.a(timer.o)
                0x00004648                timer_reset
 .any.text.stack_check_init
                0x00004664       0x2e build/z1/contiki-ng-z1.a(stack-check.o)
                0x00004664                stack_check_init
 .any.text.stack_check_get_usage
                0x00004692       0x54 build/z1/contiki-ng-z1.a(stack-check.o)
                0x00004692                stack_check_get_usage
 .any.text.process_thread_stack_check_process
                0x000046e6       0xd2 build/z1/contiki-ng-z1.a(stack-check.o)
 .any.text.list_init
                0x000047b8        0x6 build/z1/contiki-ng-z1.a(list.o)
                0x000047b8                list_init
 .any.text.list_head
                0x000047be        0x4 build/z1/contiki-ng-z1.a(list.o)
                0x000047be                list_head
 .any.text.list_tail
                0x000047c2       0x12 build/z1/contiki-ng-z1.a(list.o)
                0x000047c2                list_tail
 .any.text.list_remove
                0x000047d4       0x34 build/z1/contiki-ng-z1.a(list.o)
                0x000047d4                list_remove
 .any.text.list_push
                0x00004808       0x16 build/z1/contiki-ng-z1.a(list.o)
                0x00004808                list_push
 .any.text.list_add
                0x0000481e       0x26 build/z1/contiki-ng-z1.a(list.o)
                0x0000481e                list_add
 .any.text.list_length
                0x00004844       0x10 build/z1/contiki-ng-z1.a(list.o)
                0x00004844                list_length
 .any.text.list_item_next
                0x00004854        0xc build/z1/contiki-ng-z1.a(list.o)
                0x00004854                list_item_next
 .any.text.random_init
                0x00004860        0x6 build/z1/contiki-ng-z1.a(random.o)
                0x00004860                random_init
 .any.text.random_rand
                0x00004866        0x6 build/z1/contiki-ng-z1.a(random.o)
                0x00004866                random_rand
 .any.text.queuebuf_init
                0x0000486c       0x12 build/z1/contiki-ng-z1.a(queuebuf.o)
                0x0000486c                queuebuf_init
 .any.text.queuebuf_numfree
                0x0000487e        0xa build/z1/contiki-ng-z1.a(queuebuf.o)
                0x0000487e                queuebuf_numfree
 .any.text.queuebuf_new_from_packetbuf
                0x00004888       0x4e build/z1/contiki-ng-z1.a(queuebuf.o)
                0x00004888                queuebuf_new_from_packetbuf
 .any.text.queuebuf_update_attr_from_packetbuf
                0x000048d6       0x12 build/z1/contiki-ng-z1.a(queuebuf.o)
                0x000048d6                queuebuf_update_attr_from_packetbuf
 .any.text.queuebuf_free
                0x000048e8       0x2a build/z1/contiki-ng-z1.a(queuebuf.o)
                0x000048e8                queuebuf_free
 .any.text.queuebuf_to_packetbuf
                0x00004912       0x32 build/z1/contiki-ng-z1.a(queuebuf.o)
                0x00004912                queuebuf_to_packetbuf
 .any.text.packetbuf_hdrreduce
                0x00004944       0x1a build/z1/contiki-ng-z1.a(packetbuf.o)
                0x00004944                packetbuf_hdrreduce
 .any.text.packetbuf_set_datalen
                0x0000495e        0x6 build/z1/contiki-ng-z1.a(packetbuf.o)
                0x0000495e                packetbuf_set_datalen
 .any.text.packetbuf_hdrptr
                0x00004964        0x6 build/z1/contiki-ng-z1.a(packetbuf.o)
                0x00004964                packetbuf_hdrptr
 .any.text.packetbuf_datalen
                0x0000496a        0x6 build/z1/contiki-ng-z1.a(packetbuf.o)
                0x0000496a                packetbuf_datalen
 .any.text.packetbuf_hdrlen
                0x00004970        0xa build/z1/contiki-ng-z1.a(packetbuf.o)
                0x00004970                packetbuf_hdrlen
 .any.text.packetbuf_dataptr
                0x0000497a        0xc build/z1/contiki-ng-z1.a(packetbuf.o)
                0x0000497a                packetbuf_dataptr
 .any.text.packetbuf_copyto
                0x00004986       0x3a build/z1/contiki-ng-z1.a(packetbuf.o)
                0x00004986                packetbuf_copyto
 .any.text.packetbuf_totlen
                0x000049c0        0xc build/z1/contiki-ng-z1.a(packetbuf.o)
                0x000049c0                packetbuf_totlen
 .any.text.packetbuf_hdralloc
                0x000049cc       0x3c build/z1/contiki-ng-z1.a(packetbuf.o)
                0x000049cc                packetbuf_hdralloc
 .any.text.packetbuf_attr_clear
                0x00004a08       0x28 build/z1/contiki-ng-z1.a(packetbuf.o)
                0x00004a08                packetbuf_attr_clear
 .any.text.packetbuf_clear
                0x00004a30       0x12 build/z1/contiki-ng-z1.a(packetbuf.o)
                0x00004a30                packetbuf_clear
 .any.text.packetbuf_copyfrom
                0x00004a42       0x2a build/z1/contiki-ng-z1.a(packetbuf.o)
                0x00004a42                packetbuf_copyfrom
 .any.text.packetbuf_attr_copyto
                0x00004a6c       0x22 build/z1/contiki-ng-z1.a(packetbuf.o)
                0x00004a6c                packetbuf_attr_copyto
 .any.text.packetbuf_attr_copyfrom
                0x00004a8e       0x24 build/z1/contiki-ng-z1.a(packetbuf.o)
                0x00004a8e                packetbuf_attr_copyfrom
 .any.text.packetbuf_set_attr
                0x00004ab2        0xc build/z1/contiki-ng-z1.a(packetbuf.o)
                0x00004ab2                packetbuf_set_attr
 .any.text.packetbuf_attr
                0x00004abe        0xa build/z1/contiki-ng-z1.a(packetbuf.o)
                0x00004abe                packetbuf_attr
 .any.text.packetbuf_set_addr
                0x00004ac8       0x14 build/z1/contiki-ng-z1.a(packetbuf.o)
                0x00004ac8                packetbuf_set_addr
 .any.text.packetbuf_addr
                0x00004adc        0xe build/z1/contiki-ng-z1.a(packetbuf.o)
                0x00004adc                packetbuf_addr
 .any.text.packetbuf_holds_broadcast
                0x00004aea        0xe build/z1/contiki-ng-z1.a(packetbuf.o)
                0x00004aea                packetbuf_holds_broadcast
 .any.text.netstack_process_ip_callback
                0x00004af8       0x46 build/z1/contiki-ng-z1.a(netstack.o)
                0x00004af8                netstack_process_ip_callback
 .any.text.netstack_init
                0x00004b3e        0xe build/z1/contiki-ng-z1.a(netstack.o)
                0x00004b3e                netstack_init
 .any.text.linkaddr_copy
                0x00004b4c        0x8 build/z1/contiki-ng-z1.a(linkaddr.o)
                0x00004b4c                linkaddr_copy
 .any.text.linkaddr_cmp
                0x00004b54       0x12 build/z1/contiki-ng-z1.a(linkaddr.o)
                0x00004b54                linkaddr_cmp
 .any.text.linkaddr_set_node_addr
                0x00004b66        0xc build/z1/contiki-ng-z1.a(linkaddr.o)
                0x00004b66                linkaddr_set_node_addr
 .any.text.on   0x00004b72        0x6 build/z1/contiki-ng-z1.a(csma.o)
 .any.text.off  0x00004b78        0x6 build/z1/contiki-ng-z1.a(csma.o)
 .any.text.max_payload
                0x00004b7e       0x38 build/z1/contiki-ng-z1.a(csma.o)
 .any.text.send_packet
                0x00004bb6        0x6 build/z1/contiki-ng-z1.a(csma.o)
 .any.text.init
                0x00004bbc       0x1c build/z1/contiki-ng-z1.a(csma.o)
 .any.text.input_packet
                0x00004bd8       0x58 build/z1/contiki-ng-z1.a(csma.o)
 .any.text.schedule_transmission
                0x00004c30       0x66 build/z1/contiki-ng-z1.a(csma-output.o)
 .any.text.tx_done
                0x00004c96       0x86 build/z1/contiki-ng-z1.a(csma-output.o)
 .any.text.transmit_from_queue
                0x00004d1c      0x1ac build/z1/contiki-ng-z1.a(csma-output.o)
 .any.text.csma_output_packet
                0x00004ec8      0x174 build/z1/contiki-ng-z1.a(csma-output.o)
                0x00004ec8                csma_output_packet
 .any.text.csma_output_init
                0x0000503c       0x1a build/z1/contiki-ng-z1.a(csma-output.o)
                0x0000503c                csma_output_init
 .any.text.uip_ds6_default_prefix
                0x00005056        0x6 build/z1/contiki-ng-z1.a(uip-ds6.o)
                0x00005056                uip_ds6_default_prefix
 .any.text.uip_ds6_list_loop
                0x0000505c       0x72 build/z1/contiki-ng-z1.a(uip-ds6.o)
                0x0000505c                uip_ds6_list_loop
 .any.text.uip_ds6_prefix_add
                0x000050ce       0x70 build/z1/contiki-ng-z1.a(uip-ds6.o)
                0x000050ce                uip_ds6_prefix_add
 .any.text.uip_ds6_is_addr_onlink
                0x0000513e       0x42 build/z1/contiki-ng-z1.a(uip-ds6.o)
                0x0000513e                uip_ds6_is_addr_onlink
 .any.text.uip_ds6_addr_lookup
                0x00005180       0x2a build/z1/contiki-ng-z1.a(uip-ds6.o)
                0x00005180                uip_ds6_addr_lookup
 .any.text.uip_ds6_get_link_local
                0x000051aa       0x3e build/z1/contiki-ng-z1.a(uip-ds6.o)
                0x000051aa                uip_ds6_get_link_local
 .any.text.uip_ds6_maddr_add
                0x000051e8       0x48 build/z1/contiki-ng-z1.a(uip-ds6.o)
                0x000051e8                uip_ds6_maddr_add
 .any.text.uip_ds6_addr_add
                0x00005230       0xb4 build/z1/contiki-ng-z1.a(uip-ds6.o)
                0x00005230                uip_ds6_addr_add
 .any.text.uip_ds6_maddr_rm
                0x000052e4        0xa build/z1/contiki-ng-z1.a(uip-ds6.o)
                0x000052e4                uip_ds6_maddr_rm
 .any.text.uip_ds6_maddr_lookup
                0x000052ee       0x2a build/z1/contiki-ng-z1.a(uip-ds6.o)
                0x000052ee                uip_ds6_maddr_lookup
 .any.text.uip_ds6_addr_rm
                0x00005318       0x54 build/z1/contiki-ng-z1.a(uip-ds6.o)
                0x00005318                uip_ds6_addr_rm
 .any.text.uip_ds6_periodic
                0x0000536c       0x46 build/z1/contiki-ng-z1.a(uip-ds6.o)
                0x0000536c                uip_ds6_periodic
 .any.text.uip_ds6_set_addr_iid
                0x000053b2       0x14 build/z1/contiki-ng-z1.a(uip-ds6.o)
                0x000053b2                uip_ds6_set_addr_iid
 .any.text.uip_ds6_set_lladdr_from_iid
                0x000053c6       0x14 build/z1/contiki-ng-z1.a(uip-ds6.o)
                0x000053c6                uip_ds6_set_lladdr_from_iid
 .any.text.get_match_length
                0x000053da       0x3c build/z1/contiki-ng-z1.a(uip-ds6.o)
                0x000053da                get_match_length
 .any.text.uip_ds6_select_src
                0x00005416       0x9a build/z1/contiki-ng-z1.a(uip-ds6.o)
                0x00005416                uip_ds6_select_src
 .any.text.uip_ds6_compute_reachable_time
                0x000054b0       0x36 build/z1/contiki-ng-z1.a(uip-ds6.o)
                0x000054b0                uip_ds6_compute_reachable_time
 .any.text.uip_ds6_init
                0x000054e6      0x164 build/z1/contiki-ng-z1.a(uip-ds6.o)
                0x000054e6                uip_ds6_init
 .any.text.uip_ds6_route_init
                0x0000564a       0x12 build/z1/contiki-ng-z1.a(uip-ds6-route.o)
                0x0000564a                uip_ds6_route_init
 .any.text.uip_ds6_route_nexthop
                0x0000565c        0x4 build/z1/contiki-ng-z1.a(uip-ds6-route.o)
                0x0000565c                uip_ds6_route_nexthop
 .any.text.uip_ds6_route_lookup
                0x00005660        0x4 build/z1/contiki-ng-z1.a(uip-ds6-route.o)
                0x00005660                uip_ds6_route_lookup
 .any.text.uip_ds6_route_rm
                0x00005664        0x2 build/z1/contiki-ng-z1.a(uip-ds6-route.o)
                0x00005664                uip_ds6_route_rm
 .any.text.uip_ds6_defrt_rm
                0x00005666       0x38 build/z1/contiki-ng-z1.a(uip-ds6-route.o)
                0x00005666                uip_ds6_defrt_rm
 .any.text.uip_ds6_defrt_lookup
                0x0000569e       0x3c build/z1/contiki-ng-z1.a(uip-ds6-route.o)
                0x0000569e                uip_ds6_defrt_lookup
 .any.text.uip_ds6_defrt_add
                0x000056da       0x66 build/z1/contiki-ng-z1.a(uip-ds6-route.o)
                0x000056da                uip_ds6_defrt_add
 .any.text.uip_ds6_defrt_choose
                0x00005740       0x36 build/z1/contiki-ng-z1.a(uip-ds6-route.o)
                0x00005740                uip_ds6_defrt_choose
 .any.text.uip_ds6_defrt_periodic
                0x00005776       0x38 build/z1/contiki-ng-z1.a(uip-ds6-route.o)
                0x00005776                uip_ds6_defrt_periodic
 .any.text.uip_ds6_nbr_rm
                0x000057ae       0x1e build/z1/contiki-ng-z1.a(uip-ds6-nbr.o)
                0x000057ae                uip_ds6_nbr_rm
 .any.text.uip_ds6_neighbors_init
                0x000057cc       0x12 build/z1/contiki-ng-z1.a(uip-ds6-nbr.o)
                0x000057cc                uip_ds6_neighbors_init
 .any.text.uip_ds6_nbr_add
                0x000057de       0x36 build/z1/contiki-ng-z1.a(uip-ds6-nbr.o)
                0x000057de                uip_ds6_nbr_add
 .any.text.uip_ds6_nbr_get_ll
                0x00005814        0xc build/z1/contiki-ng-z1.a(uip-ds6-nbr.o)
                0x00005814                uip_ds6_nbr_get_ll
 .any.text.uip_ds6_nbr_head
                0x00005820        0xa build/z1/contiki-ng-z1.a(uip-ds6-nbr.o)
                0x00005820                uip_ds6_nbr_head
 .any.text.uip_ds6_nbr_next
                0x0000582a        0xc build/z1/contiki-ng-z1.a(uip-ds6-nbr.o)
                0x0000582a                uip_ds6_nbr_next
 .any.text.uip_ds6_nbr_lookup
                0x00005836       0x36 build/z1/contiki-ng-z1.a(uip-ds6-nbr.o)
                0x00005836                uip_ds6_nbr_lookup
 .any.text.uip_ds6_nbr_ll_lookup
                0x0000586c        0xc build/z1/contiki-ng-z1.a(uip-ds6-nbr.o)
                0x0000586c                uip_ds6_nbr_ll_lookup
 .any.text.uip_ds6_nbr_update_ll
                0x00005878       0x6e build/z1/contiki-ng-z1.a(uip-ds6-nbr.o)
                0x00005878                uip_ds6_nbr_update_ll
 .any.text.uip_ds6_nbr_ipaddr_from_lladdr
                0x000058e6        0x6 build/z1/contiki-ng-z1.a(uip-ds6-nbr.o)
                0x000058e6                uip_ds6_nbr_ipaddr_from_lladdr
 .any.text.uip_ds6_nbr_lladdr_from_ipaddr
                0x000058ec       0x12 build/z1/contiki-ng-z1.a(uip-ds6-nbr.o)
                0x000058ec                uip_ds6_nbr_lladdr_from_ipaddr
 .any.text.uip_ds6_link_callback
                0x000058fe        0x2 build/z1/contiki-ng-z1.a(uip-ds6-nbr.o)
                0x000058fe                uip_ds6_link_callback
 .any.text.tcpip_output
                0x00005900       0x22 build/z1/contiki-ng-z1.a(tcpip.o)
                0x00005900                tcpip_output
 .any.text.udp_new
                0x00005922       0x1a build/z1/contiki-ng-z1.a(tcpip.o)
                0x00005922                udp_new
 .any.text.tcpip_input
                0x0000593c       0x1e build/z1/contiki-ng-z1.a(tcpip.o)
                0x0000593c                tcpip_input
 .any.text.tcpip_ipv6_output
                0x0000595a      0x10c build/z1/contiki-ng-z1.a(tcpip.o)
                0x0000595a                tcpip_ipv6_output
 .any.text.packet_input.part.3
                0x00005a66       0x12 build/z1/contiki-ng-z1.a(tcpip.o)
 .any.text.process_thread_tcpip_process
                0x00005a78       0xc2 build/z1/contiki-ng-z1.a(tcpip.o)
 .any.text.tcpip_uipcall
                0x00005b3a       0x2a build/z1/contiki-ng-z1.a(tcpip.o)
                0x00005b3a                tcpip_uipcall
 .any.text.chksum
                0x00005b64       0x32 build/z1/contiki-ng-z1.a(uip6.o)
 .any.text.upper_layer_chksum
                0x00005b96       0x54 build/z1/contiki-ng-z1.a(uip6.o)
 .any.text.ext_hdr_options_process
                0x00005bea       0x92 build/z1/contiki-ng-z1.a(uip6.o)
 .any.text.uip_check_mtu
                0x00005c7c       0x1e build/z1/contiki-ng-z1.a(uip6.o)
 .any.text.uip_update_ttl
                0x00005c9a       0x24 build/z1/contiki-ng-z1.a(uip6.o)
 .any.text.uip_icmp6chksum
                0x00005cbe        0xa build/z1/contiki-ng-z1.a(uip6.o)
                0x00005cbe                uip_icmp6chksum
 .any.text.uip_udpchksum
                0x00005cc8        0xa build/z1/contiki-ng-z1.a(uip6.o)
                0x00005cc8                uip_udpchksum
 .any.text.uip_init
                0x00005cd2       0x24 build/z1/contiki-ng-z1.a(uip6.o)
                0x00005cd2                uip_init
 .any.text.uip_remove_ext_hdr
                0x00005cf6       0x5e build/z1/contiki-ng-z1.a(uip6.o)
                0x00005cf6                uip_remove_ext_hdr
 .any.text.uip_udp_new
                0x00005d54       0x84 build/z1/contiki-ng-z1.a(uip6.o)
                0x00005d54                uip_udp_new
 .any.text.uip_process
                0x00005dd8      0x4b6 build/z1/contiki-ng-z1.a(uip6.o)
                0x00005dd8                uip_process
 .any.text.uip_htonl
                0x0000628e       0x2a build/z1/contiki-ng-z1.a(uip6.o)
                0x0000628e                uip_htonl
 .any.text.ns_input
                0x000062b8      0x27c build/z1/contiki-ng-z1.a(uip-nd6.o)
 .any.text.uip_nd6_init
                0x00006534        0xa build/z1/contiki-ng-z1.a(uip-nd6.o)
                0x00006534                uip_nd6_init
 .any.text.process_thread_simple_udp_process
                0x0000653e       0xa8 build/z1/contiki-ng-z1.a(simple-udp.o)
 .any.text.simple_udp_sendto
                0x000065e6       0x28 build/z1/contiki-ng-z1.a(simple-udp.o)
                0x000065e6                simple_udp_sendto
 .any.text.simple_udp_register
                0x0000660e       0x88 build/z1/contiki-ng-z1.a(simple-udp.o)
                0x0000660e                simple_udp_register
 .any.text.clear_fragments
                0x00006696       0x38 build/z1/contiki-ng-z1.a(sicslowpan.o)
 .any.text.addr_context_lookup_by_number
                0x000066ce       0x16 build/z1/contiki-ng-z1.a(sicslowpan.o)
 .any.text.sicslowpan_init
                0x000066e4       0x18 build/z1/contiki-ng-z1.a(sicslowpan.o)
                0x000066e4                sicslowpan_init
 .any.text.set_packet_attrs
                0x000066fc       0x66 build/z1/contiki-ng-z1.a(sicslowpan.o)
 .any.text.compress_addr_64
                0x00006762       0x9a build/z1/contiki-ng-z1.a(sicslowpan.o)
 .any.text.addr_context_lookup_by_prefix
                0x000067fc       0x20 build/z1/contiki-ng-z1.a(sicslowpan.o)
 .any.text.send_packet
                0x0000681c       0x1a build/z1/contiki-ng-z1.a(sicslowpan.o)
 .any.text.fragment_copy_payload_and_send
                0x00006836       0x5e build/z1/contiki-ng-z1.a(sicslowpan.o)
 .any.text.output
                0x00006894      0x772 build/z1/contiki-ng-z1.a(sicslowpan.o)
 .any.text.packet_sent
                0x00007006       0x4e build/z1/contiki-ng-z1.a(sicslowpan.o)
 .any.text.store_fragment
                0x00007054       0x72 build/z1/contiki-ng-z1.a(sicslowpan.o)
 .any.text.add_fragment
                0x000070c6      0x16a build/z1/contiki-ng-z1.a(sicslowpan.o)
 .any.text.uncompress_addr
                0x00007230       0x96 build/z1/contiki-ng-z1.a(sicslowpan.o)
 .any.text.input
                0x000072c6      0x8d6 build/z1/contiki-ng-z1.a(sicslowpan.o)
 .any.text.uiplib_ipaddr_snprint
                0x00007b9c      0x114 build/z1/contiki-ng-z1.a(uiplib.o)
                0x00007b9c                uiplib_ipaddr_snprint
 .any.text.rpl_has_joined
                0x00007cb0       0x12 build/z1/contiki-ng-z1.a(rpl.o)
                0x00007cb0                rpl_has_joined
 .any.text.rpl_is_reachable
                0x00007cc2       0x12 build/z1/contiki-ng-z1.a(rpl.o)
                0x00007cc2                rpl_is_reachable
 .any.text.neighbor_state_changed
                0x00007cd4        0x2 build/z1/contiki-ng-z1.a(rpl.o)
 .any.text.drop_route
                0x00007cd6        0x2 build/z1/contiki-ng-z1.a(rpl.o)
 .any.text.rpl_get_leaf_only
                0x00007cd8        0x6 build/z1/contiki-ng-z1.a(rpl.o)
                0x00007cd8                rpl_get_leaf_only
 .any.text.get_sr_node_ipaddr
                0x00007cde       0x30 build/z1/contiki-ng-z1.a(rpl.o)
 .any.text.init
                0x00007d0e       0x66 build/z1/contiki-ng-z1.a(rpl.o)
 .any.text.set_ip_from_prefix
                0x00007d74       0x30 build/z1/contiki-ng-z1.a(rpl.o)
 .any.text.rpl_link_callback
                0x00007da4       0x7c build/z1/contiki-ng-z1.a(rpl.o)
                0x00007da4                rpl_link_callback
 .any.text.rpl_lollipop_greater_than
                0x00007e20       0x3c build/z1/contiki-ng-z1.a(rpl.o)
                0x00007e20                rpl_lollipop_greater_than
 .any.text.rpl_get_global_address
                0x00007e5c       0x8c build/z1/contiki-ng-z1.a(rpl.o)
                0x00007e5c                rpl_get_global_address
 .any.text.rpl_reset_prefix
                0x00007ee8       0x70 build/z1/contiki-ng-z1.a(rpl.o)
                0x00007ee8                rpl_reset_prefix
 .any.text.rpl_set_prefix_from_addr
                0x00007f58       0xe8 build/z1/contiki-ng-z1.a(rpl.o)
                0x00007f58                rpl_set_prefix_from_addr
 .any.text.rpl_dag_root_set_prefix
                0x00008040       0xf6 build/z1/contiki-ng-z1.a(rpl-dag-root.o)
                0x00008040                rpl_dag_root_set_prefix
 .any.text.rpl_dag_root_start
                0x00008136       0xcc build/z1/contiki-ng-z1.a(rpl-dag-root.o)
                0x00008136                rpl_dag_root_start
 .any.text.rpl_dag_root_is_root
                0x00008202       0x14 build/z1/contiki-ng-z1.a(rpl-dag-root.o)
                0x00008202                rpl_dag_root_is_root
 .any.text.rpl_dag_root_print_links
                0x00008216       0xf0 build/z1/contiki-ng-z1.a(rpl-dag-root.o)
                0x00008216                rpl_dag_root_print_links
 .any.text.init_platform
                0x00008306        0xc build/z1/contiki-ng-z1.a(contiki-z1-plat)
                0x00008306                init_platform
 .any.text.leds_init
                0x00008312        0x6 build/z1/contiki-ng-z1.a(leds.o)
                0x00008312                leds_init
 .any.text.leds_on
                0x00008318       0x12 build/z1/contiki-ng-z1.a(leds.o)
                0x00008318                leds_on
 .any.text.leds_off
                0x0000832a       0x12 build/z1/contiki-ng-z1.a(leds.o)
                0x0000832a                leds_off
 .any.text.wait_ready
                0x0000833c       0x46 build/z1/contiki-ng-z1.a(xmem.o)
 .any.text.xmem_init
                0x00008382       0x1e build/z1/contiki-ng-z1.a(xmem.o)
                0x00008382                xmem_init
 .any.text.xmem_pread
                0x000083a0       0x88 build/z1/contiki-ng-z1.a(xmem.o)
                0x000083a0                xmem_pread
 .any.text.spi_init
                0x00008428       0x32 build/z1/contiki-ng-z1.a(spi-legacy.o)
                0x00008428                spi_init
 .any.text.get_object
                0x0000845a        0x4 build/z1/contiki-ng-z1.a(cc2420.o)
 .any.text.set_object
                0x0000845e        0x4 build/z1/contiki-ng-z1.a(cc2420.o)
 .any.text.strobe
                0x00008462       0x1a build/z1/contiki-ng-z1.a(cc2420.o)
 .any.text.getreg
                0x0000847c       0x46 build/z1/contiki-ng-z1.a(cc2420.o)
 .any.text.setreg
                0x000084c2       0x44 build/z1/contiki-ng-z1.a(cc2420.o)
 .any.text.write_ram
                0x00008506       0x72 build/z1/contiki-ng-z1.a(cc2420.o)
 .any.text.write_fifo_buf
                0x00008578       0x38 build/z1/contiki-ng-z1.a(cc2420.o)
 .any.text.get_status
                0x000085b0       0x1e build/z1/contiki-ng-z1.a(cc2420.o)
 .any.text.on   0x000085ce       0x1a build/z1/contiki-ng-z1.a(cc2420.o)
 .any.text.cc2420_receiving_packet
                0x000085e8        0xa build/z1/contiki-ng-z1.a(cc2420.o)
 .any.text.pending_packet
                0x000085f2        0xa build/z1/contiki-ng-z1.a(cc2420.o)
 .any.text.wait_for_transmission
                0x000085fc       0x22 build/z1/contiki-ng-z1.a(cc2420.o)
 .any.text.wait_for_status
                0x0000861e       0x24 build/z1/contiki-ng-z1.a(cc2420.o)
 .any.text.getrxdata
                0x00008642       0x4c build/z1/contiki-ng-z1.a(cc2420.o)
 .any.text.flushrx
                0x0000868e       0x1a build/z1/contiki-ng-z1.a(cc2420.o)
 .any.text.off  0x000086a8       0x28 build/z1/contiki-ng-z1.a(cc2420.o)
 .any.text.RELEASE_LOCK
                0x000086d0       0x28 build/z1/contiki-ng-z1.a(cc2420.o)
 .any.text.set_frame_filtering
                0x000086f8       0x30 build/z1/contiki-ng-z1.a(cc2420.o)
 .any.text.set_auto_ack
                0x00008728       0x30 build/z1/contiki-ng-z1.a(cc2420.o)
 .any.text.set_poll_mode
                0x00008758       0x2c build/z1/contiki-ng-z1.a(cc2420.o)
 .any.text.cc2420_prepare
                0x00008784       0x42 build/z1/contiki-ng-z1.a(cc2420.o)
 .any.text.cc2420_on
                0x000087c6       0x22 build/z1/contiki-ng-z1.a(cc2420.o)
                0x000087c6                cc2420_on
 .any.text.cc2420_transmit
                0x000087e8       0x66 build/z1/contiki-ng-z1.a(cc2420.o)
 .any.text.cc2420_send
                0x0000884e       0x12 build/z1/contiki-ng-z1.a(cc2420.o)
 .any.text.cc2420_off
                0x00008860       0x30 build/z1/contiki-ng-z1.a(cc2420.o)
                0x00008860                cc2420_off
 .any.text.cc2420_cca
                0x00008890       0x54 build/z1/contiki-ng-z1.a(cc2420.o)
 .any.text.cc2420_read
                0x000088e4       0xba build/z1/contiki-ng-z1.a(cc2420.o)
 .any.text.process_thread_cc2420_process
                0x0000899e       0x62 build/z1/contiki-ng-z1.a(cc2420.o)
 .any.text.cc2420_set_channel
                0x00008a00       0x3a build/z1/contiki-ng-z1.a(cc2420.o)
                0x00008a00                cc2420_set_channel
 .any.text.cc2420_set_pan_addr
                0x00008a3a       0x4c build/z1/contiki-ng-z1.a(cc2420.o)
                0x00008a3a                cc2420_set_pan_addr
 .any.text.cc2420_interrupt
                0x00008a86       0x16 build/z1/contiki-ng-z1.a(cc2420.o)
                0x00008a86                cc2420_interrupt
 .any.text.cc2420_set_txpower
                0x00008a9c       0x2c build/z1/contiki-ng-z1.a(cc2420.o)
                0x00008a9c                cc2420_set_txpower
 .any.text.cc2420_get_txpower
                0x00008ac8       0x1e build/z1/contiki-ng-z1.a(cc2420.o)
                0x00008ac8                cc2420_get_txpower
 .any.text.cc2420_rssi
                0x00008ae6       0x48 build/z1/contiki-ng-z1.a(cc2420.o)
                0x00008ae6                cc2420_rssi
 .any.text.get_value
                0x00008b2e      0x11e build/z1/contiki-ng-z1.a(cc2420.o)
 .any.text.cc2420_set_cca_threshold
                0x00008c4c       0x16 build/z1/contiki-ng-z1.a(cc2420.o)
                0x00008c4c                cc2420_set_cca_threshold
 .any.text.set_value
                0x00008c62      0x14a build/z1/contiki-ng-z1.a(cc2420.o)
 .any.text.cc2420_init
                0x00008dac       0xea build/z1/contiki-ng-z1.a(cc2420.o)
                0x00008dac                cc2420_init
 .any.text.cc2420_arch_init
                0x00008e96       0x1a build/z1/contiki-ng-z1.a(cc2420-arch.o)
                0x00008e96                cc2420_arch_init
 .any.text.node_id_z1_restore
                0x00008eb0       0x4c build/z1/contiki-ng-z1.a(node-id-z1.o)
                0x00008eb0                node_id_z1_restore
 .any.text.process_thread_sensors_process
                0x00008efc       0xc2 build/z1/contiki-ng-z1.a(sensors.o)
 .any.text.sensors_changed
                0x00008fbe       0x2a build/z1/contiki-ng-z1.a(sensors.o)
                0x00008fbe                sensors_changed
 .any.text.uart0_active
                0x00008fe8        0xe build/z1/contiki-ng-z1.a(uart0.o)
                0x00008fe8                uart0_active
 .any.text.uart0_writeb
                0x00008ff6       0x16 build/z1/contiki-ng-z1.a(uart0.o)
                0x00008ff6                uart0_writeb
 .any.text.uart0_init
                0x0000900c       0x4e build/z1/contiki-ng-z1.a(uart0.o)
                0x0000900c                uart0_init
 .any.text.status
                0x0000905a       0x12 build/z1/contiki-ng-z1.a(adxl345.o)
 .any.text.accm_write_reg
                0x0000906c       0x2e build/z1/contiki-ng-z1.a(adxl345.o)
 .any.text.accm_write_stream
                0x0000909a       0x2a build/z1/contiki-ng-z1.a(adxl345.o)
 .any.text.accm_read_reg
                0x000090c4       0x54 build/z1/contiki-ng-z1.a(adxl345.o)
 .any.text.process_thread_accmeter_process
                0x00009118       0x56 build/z1/contiki-ng-z1.a(adxl345.o)
 .any.text.accm_read_axis.part.0
                0x0000916e       0x5a build/z1/contiki-ng-z1.a(adxl345.o)
 .any.text.value
                0x000091c8       0x1e build/z1/contiki-ng-z1.a(adxl345.o)
 .any.text.accm_init
                0x000091e6       0x78 build/z1/contiki-ng-z1.a(adxl345.o)
                0x000091e6                accm_init
 .any.text.accm_stop
                0x0000925e       0x32 build/z1/contiki-ng-z1.a(adxl345.o)
                0x0000925e                accm_stop
 .any.text.configure
                0x00009290       0x26 build/z1/contiki-ng-z1.a(adxl345.o)
 .any.text.status
                0x000092b6       0x12 build/z1/contiki-ng-z1.a(tmp102.o)
 .any.text.tmp102_init
                0x000092c8       0x24 build/z1/contiki-ng-z1.a(tmp102.o)
                0x000092c8                tmp102_init
 .any.text.tmp102_stop
                0x000092ec        0xa build/z1/contiki-ng-z1.a(tmp102.o)
                0x000092ec                tmp102_stop
 .any.text.configure
                0x000092f6       0x26 build/z1/contiki-ng-z1.a(tmp102.o)
 .any.text.tmp102_read_reg
                0x0000931c       0x5e build/z1/contiki-ng-z1.a(tmp102.o)
                0x0000931c                tmp102_read_reg
 .any.text.tmp102_read_temp_x100
                0x0000937a       0x58 build/z1/contiki-ng-z1.a(tmp102.o)
                0x0000937a                tmp102_read_temp_x100
 .any.text.value
                0x000093d2        0x6 build/z1/contiki-ng-z1.a(tmp102.o)
 .any.text.leds_arch_init
                0x000093d8        0xe build/z1/contiki-ng-z1.a(leds-arch.o)
                0x000093d8                leds_arch_init
 .any.text.leds_arch_get
                0x000093e6       0x34 build/z1/contiki-ng-z1.a(leds-arch.o)
                0x000093e6                leds_arch_get
 .any.text.leds_arch_set
                0x0000941a       0x3e build/z1/contiki-ng-z1.a(leds-arch.o)
                0x0000941a                leds_arch_set
 .any.text.rtimer_arch_init
                0x00009458        0xe build/z1/contiki-ng-z1.a(rtimer-arch.o)
                0x00009458                rtimer_arch_init
 .any.text.rtimer_arch_now
                0x00009466        0xe build/z1/contiki-ng-z1.a(rtimer-arch.o)
                0x00009466                rtimer_arch_now
 .any.text.rtimer_arch_schedule
                0x00009474        0x6 build/z1/contiki-ng-z1.a(rtimer-arch.o)
                0x00009474                rtimer_arch_schedule
 .any.text.stimer_set
                0x0000947a       0x1c build/z1/contiki-ng-z1.a(stimer.o)
                0x0000947a                stimer_set
 .any.text.stimer_expired
                0x00009496       0x30 build/z1/contiki-ng-z1.a(stimer.o)
                0x00009496                stimer_expired
 .any.text.memb_init
                0x000094c6       0x36 build/z1/contiki-ng-z1.a(memb.o)
                0x000094c6                memb_init
 .any.text.memb_alloc
                0x000094fc       0x3e build/z1/contiki-ng-z1.a(memb.o)
                0x000094fc                memb_alloc
 .any.text.memb_free
                0x0000953a       0x32 build/z1/contiki-ng-z1.a(memb.o)
                0x0000953a                memb_free
 .any.text.memb_inmemb
                0x0000956c       0x2a build/z1/contiki-ng-z1.a(memb.o)
                0x0000956c                memb_inmemb
 .any.text.memb_numfree
                0x00009596       0x26 build/z1/contiki-ng-z1.a(memb.o)
                0x00009596                memb_numfree
 .any.text.item_from_index
                0x000095bc       0x2a build/z1/contiki-ng-z1.a(nbr-table.o)
 .any.text.index_from_key
                0x000095e6       0x26 build/z1/contiki-ng-z1.a(nbr-table.o)
 .any.text.index_from_item
                0x0000960c       0x1e build/z1/contiki-ng-z1.a(nbr-table.o)
 .any.text.nbr_set_bit
                0x0000962a       0x50 build/z1/contiki-ng-z1.a(nbr-table.o)
 .any.text.index_from_lladdr
                0x0000967a       0x3e build/z1/contiki-ng-z1.a(nbr-table.o)
 .any.text.nbr_get_bit.constprop.0
                0x000096b8       0x2c build/z1/contiki-ng-z1.a(nbr-table.o)
 .any.text.nbr_table_is_registered
                0x000096e4       0x22 build/z1/contiki-ng-z1.a(nbr-table.o)
                0x000096e4                nbr_table_is_registered
 .any.text.nbr_table_register
                0x00009706       0x3c build/z1/contiki-ng-z1.a(nbr-table.o)
                0x00009706                nbr_table_register
 .any.text.nbr_table_next
                0x00009742       0x4c build/z1/contiki-ng-z1.a(nbr-table.o)
                0x00009742                nbr_table_next
 .any.text.nbr_table_head
                0x0000978e       0x36 build/z1/contiki-ng-z1.a(nbr-table.o)
                0x0000978e                nbr_table_head
 .any.text.nbr_table_add_lladdr
                0x000097c4      0x14e build/z1/contiki-ng-z1.a(nbr-table.o)
                0x000097c4                nbr_table_add_lladdr
 .any.text.nbr_table_get_from_lladdr
                0x00009912       0x28 build/z1/contiki-ng-z1.a(nbr-table.o)
                0x00009912                nbr_table_get_from_lladdr
 .any.text.nbr_table_remove
                0x0000993a       0x2a build/z1/contiki-ng-z1.a(nbr-table.o)
                0x0000993a                nbr_table_remove
 .any.text.nbr_table_lock
                0x00009964       0x10 build/z1/contiki-ng-z1.a(nbr-table.o)
                0x00009964                nbr_table_lock
 .any.text.nbr_table_unlock
                0x00009974       0x10 build/z1/contiki-ng-z1.a(nbr-table.o)
                0x00009974                nbr_table_unlock
 .any.text.nbr_table_get_lladdr
                0x00009984       0x20 build/z1/contiki-ng-z1.a(nbr-table.o)
                0x00009984                nbr_table_get_lladdr
 .any.text.periodic
                0x000099a4       0x2c build/z1/contiki-ng-z1.a(link-stats.o)
 .any.text.link_stats_from_lladdr
                0x000099d0        0xc build/z1/contiki-ng-z1.a(link-stats.o)
                0x000099d0                link_stats_from_lladdr
 .any.text.link_stats_is_fresh
                0x000099dc       0x30 build/z1/contiki-ng-z1.a(link-stats.o)
                0x000099dc                link_stats_is_fresh
 .any.text.guess_etx_from_rssi
                0x00009a0c       0x42 build/z1/contiki-ng-z1.a(link-stats.o)
                0x00009a0c                guess_etx_from_rssi
 .any.text.link_stats_packet_sent
                0x00009a4e       0xcc build/z1/contiki-ng-z1.a(link-stats.o)
                0x00009a4e                link_stats_packet_sent
 .any.text.link_stats_input_callback
                0x00009b1a       0xaa build/z1/contiki-ng-z1.a(link-stats.o)
                0x00009b1a                link_stats_input_callback
 .any.text.link_stats_reset
                0x00009bc4       0x2a build/z1/contiki-ng-z1.a(link-stats.o)
                0x00009bc4                link_stats_reset
 .any.text.link_stats_init
                0x00009bee       0x22 build/z1/contiki-ng-z1.a(link-stats.o)
                0x00009bee                link_stats_init
 .any.text.mac_sequence_is_duplicate
                0x00009c10       0x6e build/z1/contiki-ng-z1.a(mac-sequence.o)
                0x00009c10                mac_sequence_is_duplicate
 .any.text.mac_sequence_register_seqno
                0x00009c7e       0x86 build/z1/contiki-ng-z1.a(mac-sequence.o)
                0x00009c7e                mac_sequence_register_seqno
 .any.text.mac_call_sent_callback
                0x00009d04       0x14 build/z1/contiki-ng-z1.a(mac.o)
                0x00009d04                mac_call_sent_callback
 .any.text.parse
                0x00009d18       0x9c build/z1/contiki-ng-z1.a(framer-802154.o)
 .any.text.framer_802154_setup_params
                0x00009db4       0xb0 build/z1/contiki-ng-z1.a(framer-802154.o)
                0x00009db4                framer_802154_setup_params
 .any.text.create_frame
                0x00009e64       0xda build/z1/contiki-ng-z1.a(framer-802154.o)
 .any.text.create
                0x00009f3e        0x8 build/z1/contiki-ng-z1.a(framer-802154.o)
 .any.text.hdr_length
                0x00009f46        0x8 build/z1/contiki-ng-z1.a(framer-802154.o)
 .any.text.frame802154_get_pan_id
                0x00009f4e        0x6 build/z1/contiki-ng-z1.a(frame802154.o)
                0x00009f4e                frame802154_get_pan_id
 .any.text.frame802154_has_panid
                0x00009f54       0xe0 build/z1/contiki-ng-z1.a(frame802154.o)
                0x00009f54                frame802154_has_panid
 .any.text.field_len
                0x0000a034       0xa8 build/z1/contiki-ng-z1.a(frame802154.o)
 .any.text.frame802154_is_broadcast_addr
                0x0000a0dc       0x28 build/z1/contiki-ng-z1.a(frame802154.o)
                0x0000a0dc                frame802154_is_broadcast_addr
 .any.text.frame802154_hdrlen
                0x0000a104       0x32 build/z1/contiki-ng-z1.a(frame802154.o)
                0x0000a104                frame802154_hdrlen
 .any.text.frame802154_create_fcf
                0x0000a136       0x6e build/z1/contiki-ng-z1.a(frame802154.o)
                0x0000a136                frame802154_create_fcf
 .any.text.frame802154_create
                0x0000a1a4       0xd4 build/z1/contiki-ng-z1.a(frame802154.o)
                0x0000a1a4                frame802154_create
 .any.text.frame802154_parse_fcf
                0x0000a278       0x8c build/z1/contiki-ng-z1.a(frame802154.o)
                0x0000a278                frame802154_parse_fcf
 .any.text.frame802154_parse
                0x0000a304      0x15c build/z1/contiki-ng-z1.a(frame802154.o)
                0x0000a304                frame802154_parse
 .any.text.csma_security_create_frame
                0x0000a460       0x10 build/z1/contiki-ng-z1.a(csma-security.o)
                0x0000a460                csma_security_create_frame
 .any.text.csma_security_parse_frame
                0x0000a470        0x6 build/z1/contiki-ng-z1.a(csma-security.o)
                0x0000a470                csma_security_parse_frame
 .any.text.uipbuf_add_ext_hdr
                0x0000a476       0x1c build/z1/contiki-ng-z1.a(uipbuf.o)
                0x0000a476                uipbuf_add_ext_hdr
 .any.text.uipbuf_set_len
                0x0000a492       0x12 build/z1/contiki-ng-z1.a(uipbuf.o)
                0x0000a492                uipbuf_set_len
 .any.text.uipbuf_set_len_field
                0x0000a4a4        0xe build/z1/contiki-ng-z1.a(uipbuf.o)
                0x0000a4a4                uipbuf_set_len_field
 .any.text.uipbuf_get_len_field
                0x0000a4b2        0xe build/z1/contiki-ng-z1.a(uipbuf.o)
                0x0000a4b2                uipbuf_get_len_field
 .any.text.uipbuf_get_next_header
                0x0000a4c0       0x5a build/z1/contiki-ng-z1.a(uipbuf.o)
                0x0000a4c0                uipbuf_get_next_header
 .any.text.uipbuf_get_last_header
                0x0000a51a       0x36 build/z1/contiki-ng-z1.a(uipbuf.o)
                0x0000a51a                uipbuf_get_last_header
 .any.text.uipbuf_search_header
                0x0000a550       0x46 build/z1/contiki-ng-z1.a(uipbuf.o)
                0x0000a550                uipbuf_search_header
 .any.text.uipbuf_get_attr
                0x0000a596       0x14 build/z1/contiki-ng-z1.a(uipbuf.o)
                0x0000a596                uipbuf_get_attr
 .any.text.uipbuf_clear_attr
                0x0000a5aa       0x12 build/z1/contiki-ng-z1.a(uipbuf.o)
                0x0000a5aa                uipbuf_clear_attr
 .any.text.uipbuf_clear
                0x0000a5bc       0x12 build/z1/contiki-ng-z1.a(uipbuf.o)
                0x0000a5bc                uipbuf_clear
 .any.text.uipbuf_init
                0x0000a5ce       0x1a build/z1/contiki-ng-z1.a(uipbuf.o)
                0x0000a5ce                uipbuf_init
 .any.text.echo_reply_input
                0x0000a5e8       0x60 build/z1/contiki-ng-z1.a(uip-icmp6.o)
 .any.text.echo_request_input
                0x0000a648       0x86 build/z1/contiki-ng-z1.a(uip-icmp6.o)
 .any.text.uip_icmp6_input
                0x0000a6ce       0x44 build/z1/contiki-ng-z1.a(uip-icmp6.o)
                0x0000a6ce                uip_icmp6_input
 .any.text.uip_icmp6_register_input_handler
                0x0000a712        0xc build/z1/contiki-ng-z1.a(uip-icmp6.o)
                0x0000a712                uip_icmp6_register_input_handler
 .any.text.uip_icmp6_error_output
                0x0000a71e      0x136 build/z1/contiki-ng-z1.a(uip-icmp6.o)
                0x0000a71e                uip_icmp6_error_output
 .any.text.uip_icmp6_send
                0x0000a854       0x82 build/z1/contiki-ng-z1.a(uip-icmp6.o)
                0x0000a854                uip_icmp6_send
 .any.text.uip_icmp6_init
                0x0000a8d6       0x12 build/z1/contiki-ng-z1.a(uip-icmp6.o)
                0x0000a8d6                uip_icmp6_init
 .any.text.node_matches_address.part.0
                0x0000a8e8       0x2e build/z1/contiki-ng-z1.a(uip-sr.o)
 .any.text.uip_sr_num_nodes
                0x0000a916        0x6 build/z1/contiki-ng-z1.a(uip-sr.o)
                0x0000a916                uip_sr_num_nodes
 .any.text.uip_sr_get_node
                0x0000a91c       0x3c build/z1/contiki-ng-z1.a(uip-sr.o)
                0x0000a91c                uip_sr_get_node
 .any.text.uip_sr_is_addr_reachable
                0x0000a958       0x4a build/z1/contiki-ng-z1.a(uip-sr.o)
                0x0000a958                uip_sr_is_addr_reachable
 .any.text.uip_sr_expire_parent
                0x0000a9a2       0x3a build/z1/contiki-ng-z1.a(uip-sr.o)
                0x0000a9a2                uip_sr_expire_parent
 .any.text.uip_sr_update_node
                0x0000a9dc       0xac build/z1/contiki-ng-z1.a(uip-sr.o)
                0x0000a9dc                uip_sr_update_node
 .any.text.uip_sr_init
                0x0000aa88       0x16 build/z1/contiki-ng-z1.a(uip-sr.o)
                0x0000aa88                uip_sr_init
 .any.text.uip_sr_node_head
                0x0000aa9e        0xa build/z1/contiki-ng-z1.a(uip-sr.o)
                0x0000aa9e                uip_sr_node_head
 .any.text.uip_sr_node_next
                0x0000aaa8        0x6 build/z1/contiki-ng-z1.a(uip-sr.o)
                0x0000aaa8                uip_sr_node_next
 .any.text.uip_sr_periodic
                0x0000aaae       0x8a build/z1/contiki-ng-z1.a(uip-sr.o)
                0x0000aaae                uip_sr_periodic
 .any.text.uip_sr_free_all
                0x0000ab38       0x38 build/z1/contiki-ng-z1.a(uip-sr.o)
                0x0000ab38                uip_sr_free_all
 .any.text.uip_sr_link_snprint
                0x0000ab70       0xc8 build/z1/contiki-ng-z1.a(uip-sr.o)
                0x0000ab70                uip_sr_link_snprint
 .any.text.uip_udp_packet_send
                0x0000ac38       0x2a build/z1/contiki-ng-z1.a(uip-udp-packet.)
                0x0000ac38                uip_udp_packet_send
 .any.text.uip_udp_packet_sendto
                0x0000ac62       0x56 build/z1/contiki-ng-z1.a(uip-udp-packet.)
                0x0000ac62                uip_udp_packet_sendto
 .any.text.get32
                0x0000acb8       0x3e build/z1/contiki-ng-z1.a(rpl-icmp6.o)
 .any.text.set32
                0x0000acf6       0x2a build/z1/contiki-ng-z1.a(rpl-icmp6.o)
 .any.text.get16
                0x0000ad20        0xe build/z1/contiki-ng-z1.a(rpl-icmp6.o)
 .any.text.set16
                0x0000ad2e       0x10 build/z1/contiki-ng-z1.a(rpl-icmp6.o)
 .any.text.dao_ack_input
                0x0000ad3e       0xc4 build/z1/contiki-ng-z1.a(rpl-icmp6.o)
 .any.text.dao_input
                0x0000ae02      0x248 build/z1/contiki-ng-z1.a(rpl-icmp6.o)
 .any.text.dio_input
                0x0000b04a      0x454 build/z1/contiki-ng-z1.a(rpl-icmp6.o)
 .any.text.dis_input
                0x0000b49e       0x88 build/z1/contiki-ng-z1.a(rpl-icmp6.o)
 .any.text.rpl_icmp6_update_nbr_table
                0x0000b526       0x98 build/z1/contiki-ng-z1.a(rpl-icmp6.o)
                0x0000b526                rpl_icmp6_update_nbr_table
 .any.text.rpl_icmp6_dis_output
                0x0000b5be       0x76 build/z1/contiki-ng-z1.a(rpl-icmp6.o)
                0x0000b5be                rpl_icmp6_dis_output
 .any.text.rpl_icmp6_dio_output
                0x0000b634      0x2a2 build/z1/contiki-ng-z1.a(rpl-icmp6.o)
                0x0000b634                rpl_icmp6_dio_output
 .any.text.rpl_icmp6_dao_output
                0x0000b8d6      0x1f2 build/z1/contiki-ng-z1.a(rpl-icmp6.o)
                0x0000b8d6                rpl_icmp6_dao_output
 .any.text.rpl_icmp6_dao_ack_output
                0x0000bac8       0xa0 build/z1/contiki-ng-z1.a(rpl-icmp6.o)
                0x0000bac8                rpl_icmp6_dao_ack_output
 .any.text.rpl_icmp6_init
                0x0000bb68       0x22 build/z1/contiki-ng-z1.a(rpl-icmp6.o)
                0x0000bb68                rpl_icmp6_init
 .any.text.max_acceptable_rank
                0x0000bb8a       0x26 build/z1/contiki-ng-z1.a(rpl-neighbor.o)
 .any.text.remove_neighbor
                0x0000bbb0       0x24 build/z1/contiki-ng-z1.a(rpl-neighbor.o)
 .any.text.rpl_neighbor_count
                0x0000bbd4       0x2c build/z1/contiki-ng-z1.a(rpl-neighbor.o)
                0x0000bbd4                rpl_neighbor_count
 .any.text.rpl_neighbor_get_from_lladdr
                0x0000bc00        0xc build/z1/contiki-ng-z1.a(rpl-neighbor.o)
                0x0000bc00                rpl_neighbor_get_from_lladdr
 .any.text.rpl_neighbor_is_acceptable_parent
                0x0000bc0c       0x18 build/z1/contiki-ng-z1.a(rpl-neighbor.o)
                0x0000bc0c                rpl_neighbor_is_acceptable_parent
 .any.text.rpl_neighbor_get_link_metric
                0x0000bc24       0x18 build/z1/contiki-ng-z1.a(rpl-neighbor.o)
                0x0000bc24                rpl_neighbor_get_link_metric
 .any.text.rpl_neighbor_rank_via_nbr
                0x0000bc3c       0x18 build/z1/contiki-ng-z1.a(rpl-neighbor.o)
                0x0000bc3c                rpl_neighbor_rank_via_nbr
 .any.text.rpl_neighbor_get_lladdr
                0x0000bc54        0xc build/z1/contiki-ng-z1.a(rpl-neighbor.o)
                0x0000bc54                rpl_neighbor_get_lladdr
 .any.text.rpl_neighbor_get_ipaddr
                0x0000bc60        0xa build/z1/contiki-ng-z1.a(rpl-neighbor.o)
                0x0000bc60                rpl_neighbor_get_ipaddr
 .any.text.rpl_neighbor_get_link_stats
                0x0000bc6a        0xa build/z1/contiki-ng-z1.a(rpl-neighbor.o)
                0x0000bc6a                rpl_neighbor_get_link_stats
 .any.text.rpl_neighbor_is_fresh
                0x0000bc74        0xa build/z1/contiki-ng-z1.a(rpl-neighbor.o)
                0x0000bc74                rpl_neighbor_is_fresh
 .any.text.best_parent
                0x0000bc7e       0x7e build/z1/contiki-ng-z1.a(rpl-neighbor.o)
 .any.text.rpl_neighbor_snprint
                0x0000bcfc      0x1da build/z1/contiki-ng-z1.a(rpl-neighbor.o)
                0x0000bcfc                rpl_neighbor_snprint
 .any.text.rpl_neighbor_print_list
                0x0000bed6      0x122 build/z1/contiki-ng-z1.a(rpl-neighbor.o)
                0x0000bed6                rpl_neighbor_print_list
 .any.text.rpl_neighbor_is_parent
                0x0000bff8       0x18 build/z1/contiki-ng-z1.a(rpl-neighbor.o)
                0x0000bff8                rpl_neighbor_is_parent
 .any.text.rpl_neighbor_set_preferred_parent
                0x0000c010       0xb8 build/z1/contiki-ng-z1.a(rpl-neighbor.o)
                0x0000c010                rpl_neighbor_set_preferred_parent
 .any.text.rpl_neighbor_remove_all
                0x0000c0c8       0x54 build/z1/contiki-ng-z1.a(rpl-neighbor.o)
                0x0000c0c8                rpl_neighbor_remove_all
 .any.text.rpl_neighbor_get_from_ipaddr
                0x0000c11c       0x14 build/z1/contiki-ng-z1.a(rpl-neighbor.o)
                0x0000c11c                rpl_neighbor_get_from_ipaddr
 .any.text.rpl_neighbor_select_best
                0x0000c130       0x9c build/z1/contiki-ng-z1.a(rpl-neighbor.o)
                0x0000c130                rpl_neighbor_select_best
 .any.text.rpl_neighbor_init
                0x0000c1cc        0xe build/z1/contiki-ng-z1.a(rpl-neighbor.o)
                0x0000c1cc                rpl_neighbor_init
 .any.text.init_dag
                0x0000c1da       0xc8 build/z1/contiki-ng-z1.a(rpl-dag.o)
 .any.text.process_dio_init_dag
                0x0000c2a2      0x1a4 build/z1/contiki-ng-z1.a(rpl-dag.o)
 .any.text.rpl_dag_state_to_str
                0x0000c446       0x12 build/z1/contiki-ng-z1.a(rpl-dag.o)
                0x0000c446                rpl_dag_state_to_str
 .any.text.rpl_dag_get_root_ipaddr
                0x0000c458       0x1e build/z1/contiki-ng-z1.a(rpl-dag.o)
                0x0000c458                rpl_dag_get_root_ipaddr
 .any.text.rpl_dag_leave
                0x0000c476       0x98 build/z1/contiki-ng-z1.a(rpl-dag.o)
                0x0000c476                rpl_dag_leave
 .any.text.rpl_dag_poison_and_leave
                0x0000c50e        0xc build/z1/contiki-ng-z1.a(rpl-dag.o)
                0x0000c50e                rpl_dag_poison_and_leave
 .any.text.rpl_dag_periodic
                0x0000c51a       0xb6 build/z1/contiki-ng-z1.a(rpl-dag.o)
                0x0000c51a                rpl_dag_periodic
 .any.text.rpl_is_addr_in_our_dag
                0x0000c5d0       0x26 build/z1/contiki-ng-z1.a(rpl-dag.o)
                0x0000c5d0                rpl_is_addr_in_our_dag
 .any.text.rpl_local_repair
                0x0000c5f6       0x56 build/z1/contiki-ng-z1.a(rpl-dag.o)
                0x0000c5f6                rpl_local_repair
 .any.text.rpl_global_repair
                0x0000c64c       0x74 build/z1/contiki-ng-z1.a(rpl-dag.o)
                0x0000c64c                rpl_global_repair
 .any.text.rpl_dag_ready_to_advertise
                0x0000c6c0       0x22 build/z1/contiki-ng-z1.a(rpl-dag.o)
                0x0000c6c0                rpl_dag_ready_to_advertise
 .any.text.rpl_dag_update_state
                0x0000c6e2      0x204 build/z1/contiki-ng-z1.a(rpl-dag.o)
                0x0000c6e2                rpl_dag_update_state
 .any.text.rpl_process_dio
                0x0000c8e6      0x344 build/z1/contiki-ng-z1.a(rpl-dag.o)
                0x0000c8e6                rpl_process_dio
 .any.text.rpl_process_dis
                0x0000cc2a       0x4e build/z1/contiki-ng-z1.a(rpl-dag.o)
                0x0000cc2a                rpl_process_dis
 .any.text.rpl_process_dao
                0x0000cc78       0x8a build/z1/contiki-ng-z1.a(rpl-dag.o)
                0x0000cc78                rpl_process_dao
 .any.text.rpl_process_dao_ack
                0x0000cd02       0x80 build/z1/contiki-ng-z1.a(rpl-dag.o)
                0x0000cd02                rpl_process_dao_ack
 .any.text.rpl_process_hbh
                0x0000cd82       0x26 build/z1/contiki-ng-z1.a(rpl-dag.o)
                0x0000cd82                rpl_process_hbh
 .any.text.rpl_dag_init_root
                0x0000cda8       0xfe build/z1/contiki-ng-z1.a(rpl-dag.o)
                0x0000cda8                rpl_dag_init_root
 .any.text.rpl_dag_init
                0x0000cea6       0x10 build/z1/contiki-ng-z1.a(rpl-dag.o)
                0x0000cea6                rpl_dag_init
 .any.text.handle_state_update
                0x0000ceb6        0x6 build/z1/contiki-ng-z1.a(rpl-timers.o)
 .any.text.handle_leaving_timer
                0x0000cebc        0xc build/z1/contiki-ng-z1.a(rpl-timers.o)
 .any.text.schedule_dao_retransmission
                0x0000cec8       0x30 build/z1/contiki-ng-z1.a(rpl-timers.o)
 .any.text.new_dio_interval
                0x0000cef8       0x86 build/z1/contiki-ng-z1.a(rpl-timers.o)
 .any.text.handle_unicast_dio_timer
                0x0000cf7e       0x12 build/z1/contiki-ng-z1.a(rpl-timers.o)
 .any.text.send_new_dao
                0x0000cf90       0x28 build/z1/contiki-ng-z1.a(rpl-timers.o)
 .any.text.resend_dao
                0x0000cfb8       0x24 build/z1/contiki-ng-z1.a(rpl-timers.o)
 .any.text.handle_dao_ack_timer
                0x0000cfdc       0x12 build/z1/contiki-ng-z1.a(rpl-timers.o)
 .any.text.handle_dio_timer
                0x0000cfee       0x6e build/z1/contiki-ng-z1.a(rpl-timers.o)
 .any.text.rpl_timers_schedule_periodic_dis
                0x0000d05c       0x3c build/z1/contiki-ng-z1.a(rpl-timers.o)
                0x0000d05c                rpl_timers_schedule_periodic_dis
 .any.text.handle_periodic_timer
                0x0000d098       0x52 build/z1/contiki-ng-z1.a(rpl-timers.o)
 .any.text.handle_dis_timer
                0x0000d0ea       0x26 build/z1/contiki-ng-z1.a(rpl-timers.o)
 .any.text.rpl_timers_dio_reset
                0x0000d110       0x5c build/z1/contiki-ng-z1.a(rpl-timers.o)
                0x0000d110                rpl_timers_dio_reset
 .any.text.rpl_timers_schedule_unicast_dio
                0x0000d16c       0x20 build/z1/contiki-ng-z1.a(rpl-timers.o)
                0x0000d16c                rpl_timers_schedule_unicast_dio
 .any.text.rpl_timers_schedule_dao
                0x0000d18c       0x38 build/z1/contiki-ng-z1.a(rpl-timers.o)
                0x0000d18c                rpl_timers_schedule_dao
 .any.text.rpl_timers_schedule_dao_ack
                0x0000d1c4       0x34 build/z1/contiki-ng-z1.a(rpl-timers.o)
                0x0000d1c4                rpl_timers_schedule_dao_ack
 .any.text.rpl_timers_notify_dao_ack
                0x0000d1f8       0x7e build/z1/contiki-ng-z1.a(rpl-timers.o)
                0x0000d1f8                rpl_timers_notify_dao_ack
 .any.text.get_probing_delay
                0x0000d276       0x1c build/z1/contiki-ng-z1.a(rpl-timers.o)
                0x0000d276                get_probing_delay
 .any.text.get_probing_target
                0x0000d292       0xda build/z1/contiki-ng-z1.a(rpl-timers.o)
                0x0000d292                get_probing_target
 .any.text.rpl_schedule_probing
                0x0000d36c       0x20 build/z1/contiki-ng-z1.a(rpl-timers.o)
                0x0000d36c                rpl_schedule_probing
 .any.text.handle_probing_timer
                0x0000d38c       0xc6 build/z1/contiki-ng-z1.a(rpl-timers.o)
 .any.text.rpl_schedule_probing_now
                0x0000d452       0x24 build/z1/contiki-ng-z1.a(rpl-timers.o)
                0x0000d452                rpl_schedule_probing_now
 .any.text.rpl_timers_unschedule_leaving
                0x0000d476       0x1c build/z1/contiki-ng-z1.a(rpl-timers.o)
                0x0000d476                rpl_timers_unschedule_leaving
 .any.text.rpl_timers_schedule_leaving
                0x0000d492       0x2a build/z1/contiki-ng-z1.a(rpl-timers.o)
                0x0000d492                rpl_timers_schedule_leaving
 .any.text.rpl_timers_init
                0x0000d4bc       0x1c build/z1/contiki-ng-z1.a(rpl-timers.o)
                0x0000d4bc                rpl_timers_init
 .any.text.rpl_timers_stop_dag_timers
                0x0000d4d8       0x4c build/z1/contiki-ng-z1.a(rpl-timers.o)
                0x0000d4d8                rpl_timers_stop_dag_timers
 .any.text.rpl_timers_unschedule_state_update
                0x0000d524       0x10 build/z1/contiki-ng-z1.a(rpl-timers.o)
                0x0000d524                rpl_timers_unschedule_state_update
 .any.text.rpl_timers_schedule_state_update
                0x0000d534       0x1c build/z1/contiki-ng-z1.a(rpl-timers.o)
                0x0000d534                rpl_timers_schedule_state_update
 .any.text.update_hbh_header
                0x0000d550       0x98 build/z1/contiki-ng-z1.a(rpl-ext-header.)
 .any.text.rpl_ext_header_srh_get_next_hop
                0x0000d5e8       0xa0 build/z1/contiki-ng-z1.a(rpl-ext-header.)
                0x0000d5e8                rpl_ext_header_srh_get_next_hop
 .any.text.rpl_ext_header_srh_update
                0x0000d688      0x1f2 build/z1/contiki-ng-z1.a(rpl-ext-header.)
                0x0000d688                rpl_ext_header_srh_update
 .any.text.rpl_ext_header_hbh_update
                0x0000d87a      0x1b0 build/z1/contiki-ng-z1.a(rpl-ext-header.)
                0x0000d87a                rpl_ext_header_hbh_update
 .any.text.rpl_ext_header_remove
                0x0000da2a       0xc0 build/z1/contiki-ng-z1.a(rpl-ext-header.)
                0x0000da2a                rpl_ext_header_remove
 .any.text.rpl_ext_header_update
                0x0000daea      0x438 build/z1/contiki-ng-z1.a(rpl-ext-header.)
                0x0000daea                rpl_ext_header_update
 .any.text.update_state
                0x0000df22       0x98 build/z1/contiki-ng-z1.a(rpl-nbr-policy.)
 .any.text.rpl_nbr_policy_find_removable
                0x0000dfba       0xd8 build/z1/contiki-ng-z1.a(rpl-nbr-policy.)
                0x0000dfba                rpl_nbr_policy_find_removable
 .any.text.update_metric_container
                0x0000e092        0x6 build/z1/contiki-ng-z1.a(rpl-mrhof.o)
 .any.text.nbr_link_metric
                0x0000e098       0x12 build/z1/contiki-ng-z1.a(rpl-mrhof.o)
 .any.text.nbr_has_usable_link
                0x0000e0aa       0x14 build/z1/contiki-ng-z1.a(rpl-mrhof.o)
 .any.text.nbr_path_cost
                0x0000e0be       0x34 build/z1/contiki-ng-z1.a(rpl-mrhof.o)
 .any.text.within_hysteresis
                0x0000e0f2       0x4c build/z1/contiki-ng-z1.a(rpl-mrhof.o)
 .any.text.nbr_is_acceptable_parent
                0x0000e13e       0x28 build/z1/contiki-ng-z1.a(rpl-mrhof.o)
 .any.text.rank_via_nbr
                0x0000e166       0x40 build/z1/contiki-ng-z1.a(rpl-mrhof.o)
 .any.text.best_parent
                0x0000e1a6       0x74 build/z1/contiki-ng-z1.a(rpl-mrhof.o)
 .any.text.reset
                0x0000e21a       0x26 build/z1/contiki-ng-z1.a(rpl-mrhof.o)
 .any.text.i2c_receiveinit
                0x0000e240       0x36 build/z1/contiki-ng-z1.a(i2cmaster.o)
                0x0000e240                i2c_receiveinit
 .any.text.i2c_transmitinit
                0x0000e276       0x30 build/z1/contiki-ng-z1.a(i2cmaster.o)
                0x0000e276                i2c_transmitinit
 .any.text.i2c_receive_n
                0x0000e2a6       0x3e build/z1/contiki-ng-z1.a(i2cmaster.o)
                0x0000e2a6                i2c_receive_n
 .any.text.i2c_busy
                0x0000e2e4        0xa build/z1/contiki-ng-z1.a(i2cmaster.o)
                0x0000e2e4                i2c_busy
 .any.text.i2c_enable
                0x0000e2ee       0x22 build/z1/contiki-ng-z1.a(i2cmaster.o)
                0x0000e2ee                i2c_enable
 .any.text.i2c_transmit_n
                0x0000e310       0x14 build/z1/contiki-ng-z1.a(i2cmaster.o)
                0x0000e310                i2c_transmit_n
 .any.text.status
                0x0000e324       0x18 build/z1/contiki-ng-z1.a(button-sensor.o)
 .any.text.value
                0x0000e33c       0x20 build/z1/contiki-ng-z1.a(button-sensor.o)
 .any.text.configure
                0x0000e35c       0x4e build/z1/contiki-ng-z1.a(button-sensor.o)
 .any.text.printf
                0x0000e3aa       0x10 /usr/local/bin/../lib/gcc/msp430/4.7.2/../../../../msp430/lib/mcpu-430x/mmpy-16/msr20/mc20/libc.a(printf.o)
                0x0000e3aa                printf
 .any.text.append
                0x0000e3ba       0x22 /usr/local/bin/../lib/gcc/msp430/4.7.2/../../../../msp430/lib/mcpu-430x/mmpy-16/msr20/mc20/libc.a(sprintf.o)
 .any.text.call_vuprintf
                0x0000e3dc       0x36 /usr/local/bin/../lib/gcc/msp430/4.7.2/../../../../msp430/lib/mcpu-430x/mmpy-16/msr20/mc20/libc.a(sprintf.o)
 .any.text.snprintf
                0x0000e412       0x1c /usr/local/bin/../lib/gcc/msp430/4.7.2/../../../../msp430/lib/mcpu-430x/mmpy-16/msr20/mc20/libc.a(sprintf.o)
                0x0000e412                snprintf
 .any.text.puts
                0x0000e42e       0x2c /usr/local/bin/../lib/gcc/msp430/4.7.2/../../../../msp430/lib/mcpu-430x/mmpy-16/msr20/mc20/libc.a(puts.o)
                0x0000e42e                puts
 .any.text.rand
                0x0000e45a       0x26 /usr/local/bin/../lib/gcc/msp430/4.7.2/../../../../msp430/lib/mcpu-430x/mmpy-16/msr20/mc20/libc.a(rand.o)
                0x0000e45a                rand
 .any.text.srand
                0x0000e480        0xa /usr/local/bin/../lib/gcc/msp430/4.7.2/../../../../msp430/lib/mcpu-430x/mmpy-16/msr20/mc20/libc.a(rand.o)
                0x0000e480                srand
 .any.text.strcmp
                0x0000e48a       0x1e /usr/local/bin/../lib/gcc/msp430/4.7.2/../../../../msp430/lib/mcpu-430x/mmpy-16/msr20/mc20/libc.a(strcmp.o)
                0x0000e48a                strcmp
 .any.text.memcmp
                0x0000e4a8       0x2c /usr/local/bin/../lib/gcc/msp430/4.7.2/../../../../msp430/lib/mcpu-430x/mmpy-16/msr20/mc20/libc.a(memcmp.o)
                0x0000e4a8                memcmp
 .any.text.strcpy
                0x0000e4d4       0x14 /usr/local/bin/../lib/gcc/msp430/4.7.2/../../../../msp430/lib/mcpu-430x/mmpy-16/msr20/mc20/libc.a(strcpy.o)
                0x0000e4d4                strcpy
